
==========================================================================
resizer report_tns
--------------------------------------------------------------------------
tns -36.99

==========================================================================
resizer report_wns
--------------------------------------------------------------------------
wns -0.26

==========================================================================
resizer report_worst_slack
--------------------------------------------------------------------------
worst slack -0.26

==========================================================================
resizer report_checks -path_delay min
--------------------------------------------------------------------------
Startpoint: rst (input port clocked by clk)
Endpoint: fdct_zigzag.dct_mod.go$_DFFE_PN0P_
          (removal check against rising-edge clock clk)
Path Group: asynchronous
Path Type: min

Fanout     Cap    Slew   Delay    Time   Description
-----------------------------------------------------------------------------
                  0.00    0.00    0.00   clock clk (rise edge)
                          0.00    0.00   clock network delay (ideal)
                          0.28    0.28 ^ input external delay
     1   26.78    0.00    0.00    0.28 ^ rst (in)
                                         rst (net)
                  0.00    0.00    0.28 ^ input19/A (BUF_X32)
    65  201.23    0.01    0.02    0.30 ^ input19/Z (BUF_X32)
                                         net25 (net)
                  0.12    0.10    0.40 ^ fdct_zigzag.dct_mod.go$_DFFE_PN0P_/RN (DFFR_X1)
                                  0.40   data arrival time

                  0.00    0.00    0.00   clock clk (rise edge)
                          0.00    0.00   clock network delay (ideal)
                          0.00    0.00   clock reconvergence pessimism
                                  0.00 ^ fdct_zigzag.dct_mod.go$_DFFE_PN0P_/CK (DFFR_X1)
                          0.33    0.33   library removal time
                                  0.33   data required time
-----------------------------------------------------------------------------
                                  0.33   data required time
                                 -0.40   data arrival time
-----------------------------------------------------------------------------
                                  0.07   slack (MET)


Startpoint: dqnr_doe$_DFFE_PP_ (rising edge-triggered flip-flop clocked by clk)
Endpoint: rle.ddstrb$_DFF_P_ (rising edge-triggered flip-flop clocked by clk)
Path Group: clk
Path Type: min

Fanout     Cap    Slew   Delay    Time   Description
-----------------------------------------------------------------------------
                  0.00    0.00    0.00   clock clk (rise edge)
                          0.00    0.00   clock network delay (ideal)
                  0.00    0.00    0.00 ^ dqnr_doe$_DFFE_PP_/CK (DFF_X1)
     2    2.78    0.01    0.08    0.08 v dqnr_doe$_DFFE_PP_/Q (DFF_X1)
                                         dc_diff_doe (net)
                  0.01    0.00    0.08 v rle.ddstrb$_DFF_P_/D (DFF_X2)
                                  0.08   data arrival time

                  0.00    0.00    0.00   clock clk (rise edge)
                          0.00    0.00   clock network delay (ideal)
                          0.00    0.00   clock reconvergence pessimism
                                  0.00 ^ rle.ddstrb$_DFF_P_/CK (DFF_X2)
                          0.00    0.00   library hold time
                                  0.00   data required time
-----------------------------------------------------------------------------
                                  0.00   data required time
                                 -0.08   data arrival time
-----------------------------------------------------------------------------
                                  0.08   slack (MET)



==========================================================================
resizer report_checks -path_delay max
--------------------------------------------------------------------------
Startpoint: rst (input port clocked by clk)
Endpoint: fdct_zigzag.dct_mod.go$_DFFE_PN0P_
          (recovery check against rising-edge clock clk)
Path Group: asynchronous
Path Type: max

Fanout     Cap    Slew   Delay    Time   Description
-----------------------------------------------------------------------------
                  0.00    0.00    0.00   clock clk (rise edge)
                          0.00    0.00   clock network delay (ideal)
                          0.28    0.28 ^ input external delay
     1   26.78    0.00    0.00    0.28 ^ rst (in)
                                         rst (net)
                  0.00    0.00    0.28 ^ input19/A (BUF_X32)
    65  201.23    0.01    0.02    0.30 ^ input19/Z (BUF_X32)
                                         net25 (net)
                  0.12    0.10    0.40 ^ fdct_zigzag.dct_mod.go$_DFFE_PN0P_/RN (DFFR_X1)
                                  0.40   data arrival time

                  0.00    1.40    1.40   clock clk (rise edge)
                          0.00    1.40   clock network delay (ideal)
                          0.00    1.40   clock reconvergence pessimism
                                  1.40 ^ fdct_zigzag.dct_mod.go$_DFFE_PN0P_/CK (DFFR_X1)
                          0.03    1.43   library recovery time
                                  1.43   data required time
-----------------------------------------------------------------------------
                                  1.43   data required time
                                 -0.40   data arrival time
-----------------------------------------------------------------------------
                                  1.04   slack (MET)


Startpoint: fdct_zigzag.dct_mod.ddin[6]$_DFFE_PN0P_
            (rising edge-triggered flip-flop clocked by clk)
Endpoint: fdct_zigzag.dct_mod.dct_block_4.dct_unit_5.macu.mult_res[18]$_DFFE_PP_
          (rising edge-triggered flip-flop clocked by clk)
Path Group: clk
Path Type: max

Fanout     Cap    Slew   Delay    Time   Description
-----------------------------------------------------------------------------
                  0.00    0.00    0.00   clock clk (rise edge)
                          0.00    0.00   clock network delay (ideal)
                  0.00    0.00    0.00 ^ fdct_zigzag.dct_mod.ddin[6]$_DFFE_PN0P_/CK (DFFR_X2)
    30  105.13    0.12    0.23    0.23 ^ fdct_zigzag.dct_mod.ddin[6]$_DFFE_PN0P_/Q (DFFR_X2)
                                         fdct_zigzag.dct_mod.dct_block_0.dct_unit_0.ddin[7] (net)
                  0.12    0.01    0.24 ^ max_cap101/A (BUF_X16)
    34  105.44    0.02    0.04    0.28 ^ max_cap101/Z (BUF_X16)
                                         net107 (net)
                  0.03    0.02    0.30 ^ max_cap100/A (BUF_X16)
    43  120.77    0.01    0.03    0.33 ^ max_cap100/Z (BUF_X16)
                                         net106 (net)
                  0.04    0.03    0.36 ^ max_cap99/A (BUF_X16)
    31  119.72    0.01    0.03    0.40 ^ max_cap99/Z (BUF_X16)
                                         net105 (net)
                  0.01    0.00    0.40 ^ max_cap98/A (BUF_X32)
    37  101.23    0.01    0.02    0.42 ^ max_cap98/Z (BUF_X32)
                                         net104 (net)
                  0.03    0.02    0.44 ^ max_cap97/A (BUF_X16)
    27   92.10    0.01    0.03    0.47 ^ max_cap97/Z (BUF_X16)
                                         net103 (net)
                  0.05    0.04    0.51 ^ _083277_/A1 (NAND2_X1)
     2    6.55    0.02    0.03    0.54 v _083277_/ZN (NAND2_X1)
                                         _061774_ (net)
                  0.02    0.00    0.54 v _083278_/A (INV_X1)
     1    3.61    0.01    0.02    0.56 ^ _083278_/ZN (INV_X1)
                                         _061928_ (net)
                  0.01    0.00    0.56 ^ _134840_/B (FA_X1)
     4   12.71    0.03    0.11    0.68 v _134840_/S (FA_X1)
                                         _061930_ (net)
                  0.03    0.00    0.68 v _083289_/A (INV_X1)
     1    2.80    0.01    0.02    0.70 ^ _083289_/ZN (INV_X1)
                                         _061932_ (net)
                  0.01    0.00    0.70 ^ _134841_/CI (FA_X1)
     1    3.72    0.02    0.09    0.79 v _134841_/S (FA_X1)
                                         _061934_ (net)
                  0.02    0.00    0.79 v _134842_/B (FA_X1)
     1    1.92    0.01    0.12    0.92 ^ _134842_/S (FA_X1)
                                         _061937_ (net)
                  0.01    0.00    0.92 ^ _091073_/A (INV_X1)
     1    2.81    0.01    0.01    0.93 v _091073_/ZN (INV_X1)
                                         _061940_ (net)
                  0.01    0.00    0.93 v _134843_/CI (FA_X1)
     1    1.92    0.01    0.11    1.04 ^ _134843_/S (FA_X1)
                                         _061942_ (net)
                  0.01    0.00    1.04 ^ _086314_/A (INV_X1)
     1    4.04    0.01    0.01    1.05 v _086314_/ZN (INV_X1)
                                         _061950_ (net)
                  0.01    0.00    1.05 v _134847_/A (FA_X1)
     1    4.17    0.02    0.12    1.16 ^ _134847_/S (FA_X1)
                                         _061953_ (net)
                  0.02    0.00    1.16 ^ _134848_/A (FA_X1)
     1    1.72    0.01    0.09    1.25 v _134848_/S (FA_X1)
                                         _061955_ (net)
                  0.01    0.00    1.25 v _089160_/A (INV_X1)
     1    3.37    0.01    0.02    1.27 ^ _089160_/ZN (INV_X1)
                                         _076690_ (net)
                  0.01    0.00    1.27 ^ _140724_/A (HA_X1)
     5   11.58    0.07    0.10    1.37 ^ _140724_/S (HA_X1)
                                         _076693_ (net)
                  0.07    0.00    1.37 ^ _111306_/A4 (AND4_X1)
     2    3.56    0.02    0.07    1.44 ^ _111306_/ZN (AND4_X1)
                                         _023304_ (net)
                  0.02    0.00    1.44 ^ _111307_/A3 (NAND3_X1)
     1    1.78    0.01    0.02    1.46 v _111307_/ZN (NAND3_X1)
                                         _023305_ (net)
                  0.01    0.00    1.46 v _111315_/A1 (NAND3_X1)
     2    3.89    0.02    0.02    1.49 ^ _111315_/ZN (NAND3_X1)
                                         _023313_ (net)
                  0.02    0.00    1.49 ^ _111316_/A1 (NAND2_X1)
     1    1.91    0.01    0.02    1.50 v _111316_/ZN (NAND2_X1)
                                         _023314_ (net)
                  0.01    0.00    1.50 v _111317_/A (INV_X1)
     2    3.69    0.01    0.02    1.52 ^ _111317_/ZN (INV_X1)
                                         _023315_ (net)
                  0.01    0.00    1.52 ^ _111350_/B1 (OAI21_X1)
     1    1.73    0.01    0.01    1.53 v _111350_/ZN (OAI21_X1)
                                         _023346_ (net)
                  0.01    0.00    1.53 v _111352_/A1 (NAND2_X1)
     1    2.84    0.01    0.02    1.55 ^ _111352_/ZN (NAND2_X1)
                                         _023348_ (net)
                  0.01    0.00    1.55 ^ _111353_/B (XNOR2_X1)
     1    3.98    0.03    0.04    1.60 ^ _111353_/ZN (XNOR2_X1)
                                         _023349_ (net)
                  0.03    0.00    1.60 ^ _111355_/B1 (AOI21_X1)
     1    1.13    0.02    0.02    1.61 v _111355_/ZN (AOI21_X1)
                                         _001825_ (net)
                  0.02    0.00    1.61 v fdct_zigzag.dct_mod.dct_block_4.dct_unit_5.macu.mult_res[18]$_DFFE_PP_/D (DFF_X2)
                                  1.61   data arrival time

                  0.00    1.40    1.40   clock clk (rise edge)
                          0.00    1.40   clock network delay (ideal)
                          0.00    1.40   clock reconvergence pessimism
                                  1.40 ^ fdct_zigzag.dct_mod.dct_block_4.dct_unit_5.macu.mult_res[18]$_DFFE_PP_/CK (DFF_X2)
                         -0.05    1.35   library setup time
                                  1.35   data required time
-----------------------------------------------------------------------------
                                  1.35   data required time
                                 -1.61   data arrival time
-----------------------------------------------------------------------------
                                 -0.26   slack (VIOLATED)



==========================================================================
resizer report_checks -unconstrained
--------------------------------------------------------------------------
Startpoint: rst (input port clocked by clk)
Endpoint: fdct_zigzag.dct_mod.go$_DFFE_PN0P_
          (recovery check against rising-edge clock clk)
Path Group: asynchronous
Path Type: max

Fanout     Cap    Slew   Delay    Time   Description
-----------------------------------------------------------------------------
                  0.00    0.00    0.00   clock clk (rise edge)
                          0.00    0.00   clock network delay (ideal)
                          0.28    0.28 ^ input external delay
     1   26.78    0.00    0.00    0.28 ^ rst (in)
                                         rst (net)
                  0.00    0.00    0.28 ^ input19/A (BUF_X32)
    65  201.23    0.01    0.02    0.30 ^ input19/Z (BUF_X32)
                                         net25 (net)
                  0.12    0.10    0.40 ^ fdct_zigzag.dct_mod.go$_DFFE_PN0P_/RN (DFFR_X1)
                                  0.40   data arrival time

                  0.00    1.40    1.40   clock clk (rise edge)
                          0.00    1.40   clock network delay (ideal)
                          0.00    1.40   clock reconvergence pessimism
                                  1.40 ^ fdct_zigzag.dct_mod.go$_DFFE_PN0P_/CK (DFFR_X1)
                          0.03    1.43   library recovery time
                                  1.43   data required time
-----------------------------------------------------------------------------
                                  1.43   data required time
                                 -0.40   data arrival time
-----------------------------------------------------------------------------
                                  1.04   slack (MET)


Startpoint: fdct_zigzag.dct_mod.ddin[6]$_DFFE_PN0P_
            (rising edge-triggered flip-flop clocked by clk)
Endpoint: fdct_zigzag.dct_mod.dct_block_4.dct_unit_5.macu.mult_res[18]$_DFFE_PP_
          (rising edge-triggered flip-flop clocked by clk)
Path Group: clk
Path Type: max

Fanout     Cap    Slew   Delay    Time   Description
-----------------------------------------------------------------------------
                  0.00    0.00    0.00   clock clk (rise edge)
                          0.00    0.00   clock network delay (ideal)
                  0.00    0.00    0.00 ^ fdct_zigzag.dct_mod.ddin[6]$_DFFE_PN0P_/CK (DFFR_X2)
    30  105.13    0.12    0.23    0.23 ^ fdct_zigzag.dct_mod.ddin[6]$_DFFE_PN0P_/Q (DFFR_X2)
                                         fdct_zigzag.dct_mod.dct_block_0.dct_unit_0.ddin[7] (net)
                  0.12    0.01    0.24 ^ max_cap101/A (BUF_X16)
    34  105.44    0.02    0.04    0.28 ^ max_cap101/Z (BUF_X16)
                                         net107 (net)
                  0.03    0.02    0.30 ^ max_cap100/A (BUF_X16)
    43  120.77    0.01    0.03    0.33 ^ max_cap100/Z (BUF_X16)
                                         net106 (net)
                  0.04    0.03    0.36 ^ max_cap99/A (BUF_X16)
    31  119.72    0.01    0.03    0.40 ^ max_cap99/Z (BUF_X16)
                                         net105 (net)
                  0.01    0.00    0.40 ^ max_cap98/A (BUF_X32)
    37  101.23    0.01    0.02    0.42 ^ max_cap98/Z (BUF_X32)
                                         net104 (net)
                  0.03    0.02    0.44 ^ max_cap97/A (BUF_X16)
    27   92.10    0.01    0.03    0.47 ^ max_cap97/Z (BUF_X16)
                                         net103 (net)
                  0.05    0.04    0.51 ^ _083277_/A1 (NAND2_X1)
     2    6.55    0.02    0.03    0.54 v _083277_/ZN (NAND2_X1)
                                         _061774_ (net)
                  0.02    0.00    0.54 v _083278_/A (INV_X1)
     1    3.61    0.01    0.02    0.56 ^ _083278_/ZN (INV_X1)
                                         _061928_ (net)
                  0.01    0.00    0.56 ^ _134840_/B (FA_X1)
     4   12.71    0.03    0.11    0.68 v _134840_/S (FA_X1)
                                         _061930_ (net)
                  0.03    0.00    0.68 v _083289_/A (INV_X1)
     1    2.80    0.01    0.02    0.70 ^ _083289_/ZN (INV_X1)
                                         _061932_ (net)
                  0.01    0.00    0.70 ^ _134841_/CI (FA_X1)
     1    3.72    0.02    0.09    0.79 v _134841_/S (FA_X1)
                                         _061934_ (net)
                  0.02    0.00    0.79 v _134842_/B (FA_X1)
     1    1.92    0.01    0.12    0.92 ^ _134842_/S (FA_X1)
                                         _061937_ (net)
                  0.01    0.00    0.92 ^ _091073_/A (INV_X1)
     1    2.81    0.01    0.01    0.93 v _091073_/ZN (INV_X1)
                                         _061940_ (net)
                  0.01    0.00    0.93 v _134843_/CI (FA_X1)
     1    1.92    0.01    0.11    1.04 ^ _134843_/S (FA_X1)
                                         _061942_ (net)
                  0.01    0.00    1.04 ^ _086314_/A (INV_X1)
     1    4.04    0.01    0.01    1.05 v _086314_/ZN (INV_X1)
                                         _061950_ (net)
                  0.01    0.00    1.05 v _134847_/A (FA_X1)
     1    4.17    0.02    0.12    1.16 ^ _134847_/S (FA_X1)
                                         _061953_ (net)
                  0.02    0.00    1.16 ^ _134848_/A (FA_X1)
     1    1.72    0.01    0.09    1.25 v _134848_/S (FA_X1)
                                         _061955_ (net)
                  0.01    0.00    1.25 v _089160_/A (INV_X1)
     1    3.37    0.01    0.02    1.27 ^ _089160_/ZN (INV_X1)
                                         _076690_ (net)
                  0.01    0.00    1.27 ^ _140724_/A (HA_X1)
     5   11.58    0.07    0.10    1.37 ^ _140724_/S (HA_X1)
                                         _076693_ (net)
                  0.07    0.00    1.37 ^ _111306_/A4 (AND4_X1)
     2    3.56    0.02    0.07    1.44 ^ _111306_/ZN (AND4_X1)
                                         _023304_ (net)
                  0.02    0.00    1.44 ^ _111307_/A3 (NAND3_X1)
     1    1.78    0.01    0.02    1.46 v _111307_/ZN (NAND3_X1)
                                         _023305_ (net)
                  0.01    0.00    1.46 v _111315_/A1 (NAND3_X1)
     2    3.89    0.02    0.02    1.49 ^ _111315_/ZN (NAND3_X1)
                                         _023313_ (net)
                  0.02    0.00    1.49 ^ _111316_/A1 (NAND2_X1)
     1    1.91    0.01    0.02    1.50 v _111316_/ZN (NAND2_X1)
                                         _023314_ (net)
                  0.01    0.00    1.50 v _111317_/A (INV_X1)
     2    3.69    0.01    0.02    1.52 ^ _111317_/ZN (INV_X1)
                                         _023315_ (net)
                  0.01    0.00    1.52 ^ _111350_/B1 (OAI21_X1)
     1    1.73    0.01    0.01    1.53 v _111350_/ZN (OAI21_X1)
                                         _023346_ (net)
                  0.01    0.00    1.53 v _111352_/A1 (NAND2_X1)
     1    2.84    0.01    0.02    1.55 ^ _111352_/ZN (NAND2_X1)
                                         _023348_ (net)
                  0.01    0.00    1.55 ^ _111353_/B (XNOR2_X1)
     1    3.98    0.03    0.04    1.60 ^ _111353_/ZN (XNOR2_X1)
                                         _023349_ (net)
                  0.03    0.00    1.60 ^ _111355_/B1 (AOI21_X1)
     1    1.13    0.02    0.02    1.61 v _111355_/ZN (AOI21_X1)
                                         _001825_ (net)
                  0.02    0.00    1.61 v fdct_zigzag.dct_mod.dct_block_4.dct_unit_5.macu.mult_res[18]$_DFFE_PP_/D (DFF_X2)
                                  1.61   data arrival time

                  0.00    1.40    1.40   clock clk (rise edge)
                          0.00    1.40   clock network delay (ideal)
                          0.00    1.40   clock reconvergence pessimism
                                  1.40 ^ fdct_zigzag.dct_mod.dct_block_4.dct_unit_5.macu.mult_res[18]$_DFFE_PP_/CK (DFF_X2)
                         -0.05    1.35   library setup time
                                  1.35   data required time
-----------------------------------------------------------------------------
                                  1.35   data required time
                                 -1.61   data arrival time
-----------------------------------------------------------------------------
                                 -0.26   slack (VIOLATED)



==========================================================================
resizer report_check_types -max_slew -max_cap -max_fanout -violators
--------------------------------------------------------------------------
max capacitance

Pin                                    Limit     Cap   Slack
------------------------------------------------------------
fdct_zigzag.dct_mod.ddin[0]$_DFFE_PN0P_/Q  120.85  132.89  -12.04 (VIOLATED)


==========================================================================
resizer max_slew_check_slack
--------------------------------------------------------------------------
0.05718573182821274

==========================================================================
resizer max_slew_check_limit
--------------------------------------------------------------------------
0.1985349953174591

==========================================================================
resizer max_slew_check_slack_limit
--------------------------------------------------------------------------
0.2880

==========================================================================
resizer max_fanout_check_slack
--------------------------------------------------------------------------
1.0000000150474662e+30

==========================================================================
resizer max_fanout_check_limit
--------------------------------------------------------------------------
1.0000000150474662e+30

==========================================================================
resizer max_capacitance_check_slack
--------------------------------------------------------------------------
-12.040064811706543

==========================================================================
resizer max_capacitance_check_limit
--------------------------------------------------------------------------
120.8499984741211

==========================================================================
resizer max_capacitance_check_slack_limit
--------------------------------------------------------------------------
-0.0996

==========================================================================
resizer max_slew_violation_count
--------------------------------------------------------------------------
max slew violation count 0

==========================================================================
resizer max_fanout_violation_count
--------------------------------------------------------------------------
max fanout violation count 0

==========================================================================
resizer max_cap_violation_count
--------------------------------------------------------------------------
max cap violation count 1

==========================================================================
resizer setup_violation_count
--------------------------------------------------------------------------
setup violation count 391

==========================================================================
resizer hold_violation_count
--------------------------------------------------------------------------
hold violation count 0

==========================================================================
resizer report_checks -path_delay max reg to reg
--------------------------------------------------------------------------
Startpoint: fdct_zigzag.dct_mod.ddin[6]$_DFFE_PN0P_
            (rising edge-triggered flip-flop clocked by clk)
Endpoint: fdct_zigzag.dct_mod.dct_block_4.dct_unit_5.macu.mult_res[18]$_DFFE_PP_
          (rising edge-triggered flip-flop clocked by clk)
Path Group: clk
Path Type: max

  Delay    Time   Description
---------------------------------------------------------
   0.00    0.00   clock clk (rise edge)
   0.00    0.00   clock network delay (ideal)
   0.00    0.00 ^ fdct_zigzag.dct_mod.ddin[6]$_DFFE_PN0P_/CK (DFFR_X2)
   0.23    0.23 ^ fdct_zigzag.dct_mod.ddin[6]$_DFFE_PN0P_/Q (DFFR_X2)
   0.04    0.28 ^ max_cap101/Z (BUF_X16)
   0.05    0.33 ^ max_cap100/Z (BUF_X16)
   0.07    0.40 ^ max_cap99/Z (BUF_X16)
   0.03    0.42 ^ max_cap98/Z (BUF_X32)
   0.05    0.47 ^ max_cap97/Z (BUF_X16)
   0.07    0.54 v _083277_/ZN (NAND2_X1)
   0.02    0.56 ^ _083278_/ZN (INV_X1)
   0.11    0.68 v _134840_/S (FA_X1)
   0.02    0.70 ^ _083289_/ZN (INV_X1)
   0.09    0.79 v _134841_/S (FA_X1)
   0.12    0.92 ^ _134842_/S (FA_X1)
   0.01    0.93 v _091073_/ZN (INV_X1)
   0.11    1.04 ^ _134843_/S (FA_X1)
   0.01    1.05 v _086314_/ZN (INV_X1)
   0.12    1.16 ^ _134847_/S (FA_X1)
   0.09    1.25 v _134848_/S (FA_X1)
   0.02    1.27 ^ _089160_/ZN (INV_X1)
   0.10    1.37 ^ _140724_/S (HA_X1)
   0.07    1.44 ^ _111306_/ZN (AND4_X1)
   0.02    1.46 v _111307_/ZN (NAND3_X1)
   0.02    1.49 ^ _111315_/ZN (NAND3_X1)
   0.02    1.50 v _111316_/ZN (NAND2_X1)
   0.02    1.52 ^ _111317_/ZN (INV_X1)
   0.01    1.53 v _111350_/ZN (OAI21_X1)
   0.02    1.55 ^ _111352_/ZN (NAND2_X1)
   0.04    1.60 ^ _111353_/ZN (XNOR2_X1)
   0.02    1.61 v _111355_/ZN (AOI21_X1)
   0.00    1.61 v fdct_zigzag.dct_mod.dct_block_4.dct_unit_5.macu.mult_res[18]$_DFFE_PP_/D (DFF_X2)
           1.61   data arrival time

   1.40    1.40   clock clk (rise edge)
   0.00    1.40   clock network delay (ideal)
   0.00    1.40   clock reconvergence pessimism
           1.40 ^ fdct_zigzag.dct_mod.dct_block_4.dct_unit_5.macu.mult_res[18]$_DFFE_PP_/CK (DFF_X2)
  -0.05    1.35   library setup time
           1.35   data required time
---------------------------------------------------------
           1.35   data required time
          -1.61   data arrival time
---------------------------------------------------------
          -0.26   slack (VIOLATED)



==========================================================================
resizer report_checks -path_delay min reg to reg
--------------------------------------------------------------------------
Startpoint: dqnr_doe$_DFFE_PP_ (rising edge-triggered flip-flop clocked by clk)
Endpoint: rle.ddstrb$_DFF_P_ (rising edge-triggered flip-flop clocked by clk)
Path Group: clk
Path Type: min

  Delay    Time   Description
---------------------------------------------------------
   0.00    0.00   clock clk (rise edge)
   0.00    0.00   clock network delay (ideal)
   0.00    0.00 ^ dqnr_doe$_DFFE_PP_/CK (DFF_X1)
   0.08    0.08 v dqnr_doe$_DFFE_PP_/Q (DFF_X1)
   0.00    0.08 v rle.ddstrb$_DFF_P_/D (DFF_X2)
           0.08   data arrival time

   0.00    0.00   clock clk (rise edge)
   0.00    0.00   clock network delay (ideal)
   0.00    0.00   clock reconvergence pessimism
           0.00 ^ rle.ddstrb$_DFF_P_/CK (DFF_X2)
   0.00    0.00   library hold time
           0.00   data required time
---------------------------------------------------------
           0.00   data required time
          -0.08   data arrival time
---------------------------------------------------------
           0.08   slack (MET)



==========================================================================
resizer critical path target clock latency max path
--------------------------------------------------------------------------
0.0000

==========================================================================
resizer critical path target clock latency min path
--------------------------------------------------------------------------
0.0000

==========================================================================
resizer critical path source clock latency min path
--------------------------------------------------------------------------
0.0000

==========================================================================
resizer critical path delay
--------------------------------------------------------------------------
1.6136

==========================================================================
resizer critical path slack
--------------------------------------------------------------------------
-0.2594

==========================================================================
resizer slack div critical path delay
--------------------------------------------------------------------------
-16.075855

==========================================================================
resizer report_power
--------------------------------------------------------------------------
Group                  Internal  Switching    Leakage      Total
                          Power      Power      Power      Power (Watts)
----------------------------------------------------------------
Sequential             4.45e-02   1.23e-02   4.01e-04   5.72e-02  11.3%
Combinational          2.38e-01   2.10e-01   1.98e-03   4.49e-01  88.7%
Clock                  0.00e+00   0.00e+00   0.00e+00   0.00e+00   0.0%
Macro                  0.00e+00   0.00e+00   0.00e+00   0.00e+00   0.0%
Pad                    0.00e+00   0.00e+00   0.00e+00   0.00e+00   0.0%
----------------------------------------------------------------
Total                  2.82e-01   2.22e-01   2.38e-03   5.06e-01 100.0%
                          55.7%      43.8%       0.5%
