OpenROAD e69d93ffb92e02e755ed4277376296f3deaaa8d9 
Features included (+) or not (-): +GPU +GUI +Python
This program is licensed under the BSD-3 license. See the LICENSE file for details.
Components of this program may be licensed under more restrictive licenses which must be honored.
[INFO ORD-0030] Using 8 thread(s).
source /home/fetzfs_projects/MLBuf/flows/OpenROAD-flow-scripts/flow/platforms/nangate45/setRC.tcl
Perform port buffering...
[INFO RSZ-0027] Inserted 19 input buffers.
[INFO RSZ-0028] Inserted 26 output buffers.
Perform buffer insertion and gate resizing...
repair_design -verbose
[INFO RSZ-0058] Using max wire length 640um.
Iteration | Resized | Buffers | Nets repaired | Remaining
---------------------------------------------------------
        0 |       0 |       0 |             0 |     80420
      100 |       3 |       0 |            83 |     80320
      200 |      11 |       0 |           157 |     80220
      300 |      20 |       0 |           222 |     80120
      400 |      25 |       0 |           293 |     80020
      500 |      29 |       0 |           350 |     79920
      600 |      39 |       0 |           368 |     79820
      700 |      45 |       0 |           389 |     79720
      800 |      48 |       0 |           422 |     79620
      900 |      52 |       0 |           448 |     79520
     1000 |      53 |       0 |           485 |     79420
     1100 |      55 |       0 |           523 |     79320
     1200 |      57 |       0 |           556 |     79220
     1300 |      61 |       0 |           574 |     79120
     1400 |      64 |       0 |           593 |     79020
     1500 |      65 |       0 |           617 |     78920
     1600 |      68 |       0 |           632 |     78820
     1700 |      75 |       0 |           657 |     78720
     1800 |      75 |       0 |           681 |     78620
     1900 |      76 |       0 |           703 |     78520
     2000 |      79 |       0 |           713 |     78420
     2100 |      83 |       0 |           725 |     78320
     2200 |      87 |       0 |           737 |     78220
     2300 |      90 |       0 |           749 |     78120
     2400 |      91 |       0 |           785 |     78020
     2500 |      95 |       0 |           800 |     77920
     2600 |      96 |       0 |           816 |     77820
     2700 |      99 |       0 |           825 |     77720
     2800 |     102 |       0 |           839 |     77620
     2900 |     102 |       0 |           850 |     77520
     3000 |     105 |       0 |           856 |     77420
     3100 |     108 |       0 |           862 |     77320
     3200 |     109 |       0 |           868 |     77220
     3300 |     112 |       0 |           875 |     77120
     3400 |     114 |       0 |           882 |     77020
     3500 |     117 |       0 |           894 |     76920
     3600 |     121 |       0 |           914 |     76820
     3700 |     128 |       0 |           916 |     76720
     3800 |     133 |       0 |           922 |     76620
     3900 |     136 |       0 |           928 |     76520
     4000 |     142 |       0 |           934 |     76420
     4100 |     148 |       0 |           939 |     76320
     4200 |     150 |       0 |           945 |     76220
     4300 |     150 |       0 |           950 |     76120
     4400 |     150 |       0 |           972 |     76020
     4500 |     152 |       0 |           976 |     75920
     4600 |     154 |       0 |           979 |     75820
     4700 |     155 |       0 |           983 |     75720
     4800 |     160 |       0 |           986 |     75620
     4900 |     162 |       0 |           990 |     75520
     5000 |     167 |       0 |           993 |     75420
     5100 |     168 |       0 |           995 |     75320
     5200 |     175 |       0 |           996 |     75220
     5300 |     178 |       0 |          1001 |     75120
     5400 |     181 |       0 |          1005 |     75020
     5500 |     181 |       0 |          1005 |     74920
     5600 |     181 |       0 |          1005 |     74820
     5700 |     181 |       0 |          1005 |     74720
     5800 |     181 |       0 |          1005 |     74620
     5900 |     181 |       0 |          1009 |     74520
     6000 |     187 |       0 |          1032 |     74420
     6100 |     201 |       0 |          1052 |     74320
     6200 |     209 |       0 |          1065 |     74220
     6300 |     220 |       0 |          1077 |     74120
     6400 |     224 |       0 |          1089 |     74020
     6500 |     231 |       0 |          1098 |     73920
     6600 |     234 |       0 |          1100 |     73820
     6700 |     234 |       0 |          1101 |     73720
     6800 |     237 |       0 |          1113 |     73620
     6900 |     241 |       0 |          1128 |     73520
     7000 |     245 |       0 |          1148 |     73420
     7100 |     250 |       0 |          1169 |     73320
     7200 |     254 |       0 |          1183 |     73220
     7300 |     257 |       0 |          1197 |     73120
     7400 |     259 |       0 |          1209 |     73020
     7500 |     261 |       0 |          1223 |     72920
     7600 |     263 |       0 |          1236 |     72820
     7700 |     265 |       0 |          1249 |     72720
     7800 |     269 |       0 |          1264 |     72620
     7900 |     274 |       0 |          1283 |     72520
     8000 |     274 |       0 |          1283 |     72420
     8100 |     274 |       0 |          1283 |     72320
     8200 |     274 |       0 |          1283 |     72220
     8300 |     274 |       0 |          1283 |     72120
     8400 |     274 |       0 |          1283 |     72020
     8500 |     274 |       0 |          1283 |     71920
     8600 |     274 |       0 |          1283 |     71820
     8700 |     274 |       0 |          1283 |     71720
     8800 |     274 |       0 |          1283 |     71620
     8900 |     274 |       0 |          1283 |     71520
     9000 |     274 |       0 |          1283 |     71420
     9100 |     274 |       0 |          1283 |     71320
     9200 |     274 |       0 |          1283 |     71220
     9300 |     274 |       0 |          1283 |     71120
     9400 |     274 |       0 |          1290 |     71020
     9500 |     274 |       0 |          1327 |     70920
     9600 |     278 |       0 |          1375 |     70820
     9700 |     279 |       0 |          1419 |     70720
     9800 |     279 |       0 |          1467 |     70620
     9900 |     282 |       0 |          1515 |     70520
    10000 |     286 |       0 |          1559 |     70420
    10100 |     288 |       0 |          1600 |     70320
    10200 |     288 |       0 |          1601 |     70220
    10300 |     288 |       0 |          1601 |     70120
    10400 |     288 |       0 |          1601 |     70020
    10500 |     288 |       0 |          1610 |     69920
    10600 |     288 |       0 |          1645 |     69820
    10700 |     288 |       0 |          1701 |     69720
    10800 |     288 |       0 |          1757 |     69620
    10900 |     289 |       0 |          1812 |     69520
    11000 |     289 |       0 |          1863 |     69420
    11100 |     289 |       0 |          1917 |     69320
    11200 |     290 |       0 |          1971 |     69220
    11300 |     290 |       0 |          2029 |     69120
    11400 |     293 |       0 |          2081 |     69020
    11500 |     295 |       0 |          2139 |     68920
    11600 |     296 |       0 |          2193 |     68820
    11700 |     298 |       0 |          2241 |     68720
    11800 |     299 |       0 |          2292 |     68620
    11900 |     299 |       0 |          2292 |     68520
    12000 |     299 |       0 |          2292 |     68420
    12100 |     299 |       0 |          2292 |     68320
    12200 |     299 |       0 |          2292 |     68220
    12300 |     299 |       0 |          2292 |     68120
    12400 |     299 |       0 |          2292 |     68020
    12500 |     299 |       0 |          2292 |     67920
    12600 |     299 |       0 |          2292 |     67820
    12700 |     299 |       0 |          2292 |     67720
    12800 |     299 |       0 |          2292 |     67620
    12900 |     299 |       0 |          2292 |     67520
    13000 |     299 |       0 |          2292 |     67420
    13100 |     299 |       0 |          2292 |     67320
    13200 |     299 |       0 |          2292 |     67220
    13300 |     299 |       0 |          2292 |     67120
    13400 |     299 |       0 |          2292 |     67020
    13500 |     299 |       0 |          2292 |     66920
    13600 |     299 |       0 |          2292 |     66820
    13700 |     299 |       0 |          2292 |     66720
    13800 |     299 |       0 |          2292 |     66620
    13900 |     299 |       0 |          2292 |     66520
    14000 |     299 |       0 |          2292 |     66420
    14100 |     302 |       0 |          2295 |     66320
    14200 |     309 |       0 |          2301 |     66220
    14300 |     309 |       0 |          2366 |     66120
    14400 |     310 |       0 |          2428 |     66020
    14500 |     310 |       0 |          2480 |     65920
    14600 |     310 |       0 |          2543 |     65820
    14700 |     310 |       0 |          2619 |     65720
    14800 |     310 |       0 |          2683 |     65620
    14900 |     312 |       0 |          2752 |     65520
    15000 |     313 |       0 |          2824 |     65420
    15100 |     314 |       0 |          2881 |     65320
    15200 |     314 |       0 |          2946 |     65220
    15300 |     316 |       0 |          3010 |     65120
    15400 |     316 |       0 |          3071 |     65020
    15500 |     317 |       0 |          3081 |     64920
    15600 |     317 |       0 |          3081 |     64820
    15700 |     317 |       0 |          3081 |     64720
    15800 |     317 |       0 |          3081 |     64620
    15900 |     317 |       0 |          3081 |     64520
    16000 |     317 |       0 |          3081 |     64420
    16100 |     317 |       0 |          3081 |     64320
    16200 |     317 |       0 |          3081 |     64220
    16300 |     317 |       0 |          3081 |     64120
    16400 |     317 |       0 |          3081 |     64020
    16500 |     317 |       0 |          3081 |     63920
    16600 |     317 |       0 |          3081 |     63820
    16700 |     319 |       0 |          3085 |     63720
    16800 |     320 |       0 |          3087 |     63620
    16900 |     322 |       0 |          3120 |     63520
    17000 |     322 |       0 |          3165 |     63420
    17100 |     322 |       0 |          3212 |     63320
    17200 |     322 |       0 |          3255 |     63220
    17300 |     323 |       0 |          3292 |     63120
    17400 |     324 |       0 |          3344 |     63020
    17500 |     324 |       0 |          3388 |     62920
    17600 |     328 |       0 |          3432 |     62820
    17700 |     329 |       0 |          3476 |     62720
    17800 |     331 |       0 |          3520 |     62620
    17900 |     332 |       0 |          3559 |     62520
    18000 |     333 |       0 |          3613 |     62420
    18100 |     335 |       0 |          3658 |     62320
    18200 |     335 |       0 |          3705 |     62220
    18300 |     336 |       0 |          3728 |     62120
    18400 |     336 |       0 |          3728 |     62020
    18500 |     336 |       0 |          3728 |     61920
    18600 |     336 |       0 |          3728 |     61820
    18700 |     336 |       0 |          3728 |     61720
    18800 |     336 |       0 |          3728 |     61620
    18900 |     336 |       0 |          3729 |     61520
    19000 |     336 |       0 |          3729 |     61420
    19100 |     336 |       0 |          3730 |     61320
    19200 |     336 |       0 |          3730 |     61220
    19300 |     336 |       0 |          3730 |     61120
    19400 |     336 |       0 |          3730 |     61020
    19500 |     336 |       0 |          3730 |     60920
    19600 |     336 |       0 |          3730 |     60820
    19700 |     336 |       0 |          3730 |     60720
    19800 |     336 |       0 |          3730 |     60620
    19900 |     336 |       0 |          3730 |     60520
    20000 |     336 |       0 |          3730 |     60420
    20100 |     336 |       0 |          3739 |     60320
    20200 |     336 |       0 |          3771 |     60220
    20300 |     338 |       0 |          3811 |     60120
    20400 |     338 |       0 |          3848 |     60020
    20500 |     338 |       0 |          3891 |     59920
    20600 |     338 |       0 |          3923 |     59820
    20700 |     339 |       0 |          3958 |     59720
    20800 |     340 |       0 |          3996 |     59620
    20900 |     341 |       0 |          4036 |     59520
    21000 |     344 |       0 |          4065 |     59420
    21100 |     344 |       0 |          4106 |     59320
    21200 |     345 |       0 |          4143 |     59220
    21300 |     347 |       0 |          4179 |     59120
    21400 |     350 |       0 |          4212 |     59020
    21500 |     350 |       0 |          4250 |     58920
    21600 |     350 |       0 |          4265 |     58820
    21700 |     350 |       0 |          4265 |     58720
    21800 |     350 |       0 |          4265 |     58620
    21900 |     350 |       0 |          4265 |     58520
    22000 |     350 |       0 |          4265 |     58420
    22100 |     350 |       0 |          4265 |     58320
    22200 |     351 |       0 |          4265 |     58220
    22300 |     351 |       0 |          4265 |     58120
    22400 |     351 |       0 |          4265 |     58020
    22500 |     351 |       0 |          4265 |     57920
    22600 |     351 |       0 |          4265 |     57820
    22700 |     351 |       0 |          4265 |     57720
    22800 |     351 |       0 |          4265 |     57620
    22900 |     351 |       0 |          4265 |     57520
    23000 |     351 |       0 |          4265 |     57420
    23100 |     351 |       0 |          4265 |     57320
    23200 |     351 |       0 |          4265 |     57220
    23300 |     351 |       0 |          4265 |     57120
    23400 |     351 |       0 |          4265 |     57020
    23500 |     351 |       0 |          4265 |     56920
    23600 |     351 |       0 |          4265 |     56820
    23700 |     351 |       0 |          4265 |     56720
    23800 |     351 |       0 |          4275 |     56620
    23900 |     354 |       0 |          4295 |     56520
    24000 |     362 |       0 |          4316 |     56420
    24100 |     367 |       0 |          4344 |     56320
    24200 |     374 |       0 |          4369 |     56220
    24300 |     383 |       0 |          4397 |     56120
    24400 |     391 |       0 |          4423 |     56020
    24500 |     399 |       0 |          4450 |     55920
    24600 |     408 |       0 |          4468 |     55820
    24700 |     415 |       0 |          4494 |     55720
    24800 |     422 |       0 |          4515 |     55620
    24900 |     432 |       0 |          4533 |     55520
    25000 |     437 |       0 |          4554 |     55420
    25100 |     443 |       0 |          4579 |     55320
    25200 |     443 |       0 |          4579 |     55220
    25300 |     443 |       0 |          4579 |     55120
    25400 |     444 |       0 |          4579 |     55020
    25500 |     444 |       0 |          4579 |     54920
    25600 |     444 |       0 |          4579 |     54820
    25700 |     444 |       0 |          4579 |     54720
    25800 |     444 |       0 |          4579 |     54620
    25900 |     454 |       0 |          4579 |     54520
    26000 |     454 |       0 |          4579 |     54420
    26100 |     454 |       0 |          4579 |     54320
    26200 |     454 |       0 |          4579 |     54220
    26300 |     454 |       0 |          4579 |     54120
    26400 |     454 |       0 |          4579 |     54020
    26500 |     454 |       0 |          4579 |     53920
    26600 |     454 |       0 |          4579 |     53820
    26700 |     454 |       0 |          4579 |     53720
    26800 |     454 |       0 |          4579 |     53620
    26900 |     454 |       0 |          4579 |     53520
    27000 |     454 |       0 |          4579 |     53420
    27100 |     454 |       0 |          4579 |     53320
    27200 |     454 |       0 |          4579 |     53220
    27300 |     454 |       0 |          4579 |     53120
    27400 |     454 |       0 |          4579 |     53020
    27500 |     454 |       0 |          4579 |     52920
    27600 |     454 |       0 |          4579 |     52820
    27700 |     454 |       0 |          4582 |     52720
    27800 |     455 |       0 |          4600 |     52620
    27900 |     458 |       0 |          4616 |     52520
    28000 |     459 |       0 |          4635 |     52420
    28100 |     459 |       0 |          4658 |     52320
    28200 |     467 |       0 |          4678 |     52220
    28300 |     473 |       0 |          4694 |     52120
    28400 |     480 |       0 |          4717 |     52020
    28500 |     482 |       0 |          4732 |     51920
    28600 |     490 |       0 |          4742 |     51820
    28700 |     501 |       0 |          4756 |     51720
    28800 |     504 |       0 |          4773 |     51620
    28900 |     506 |       0 |          4778 |     51520
    29000 |     513 |       0 |          4778 |     51420
    29100 |     513 |       0 |          4778 |     51320
    29200 |     513 |       0 |          4778 |     51220
    29300 |     513 |       0 |          4778 |     51120
    29400 |     513 |       0 |          4778 |     51020
    29500 |     513 |       0 |          4778 |     50920
    29600 |     513 |       0 |          4778 |     50820
    29700 |     513 |       0 |          4778 |     50720
    29800 |     513 |       0 |          4778 |     50620
    29900 |     513 |       0 |          4778 |     50520
    30000 |     513 |       0 |          4778 |     50420
    30100 |     513 |       0 |          4778 |     50320
    30200 |     513 |       0 |          4778 |     50220
    30300 |     513 |       0 |          4778 |     50120
    30400 |     513 |       0 |          4778 |     50020
    30500 |     513 |       0 |          4778 |     49920
    30600 |     513 |       0 |          4778 |     49820
    30700 |     513 |       0 |          4778 |     49720
    30800 |     513 |       0 |          4778 |     49620
    30900 |     513 |       0 |          4778 |     49520
    31000 |     513 |       0 |          4778 |     49420
    31100 |     513 |       0 |          4778 |     49320
    31200 |     513 |       0 |          4778 |     49220
    31300 |     513 |       0 |          4778 |     49120
    31400 |     514 |       0 |          4780 |     49020
    31500 |     519 |       0 |          4799 |     48920
    31600 |     524 |       0 |          4819 |     48820
    31700 |     528 |       0 |          4836 |     48720
    31800 |     531 |       0 |          4852 |     48620
    31900 |     537 |       0 |          4868 |     48520
    32000 |     543 |       0 |          4881 |     48420
    32100 |     549 |       0 |          4899 |     48320
    32200 |     553 |       0 |          4917 |     48220
    32300 |     564 |       0 |          4935 |     48120
    32400 |     571 |       0 |          4957 |     48020
    32500 |     576 |       0 |          4973 |     47920
    32600 |     586 |       0 |          4987 |     47820
    32700 |     607 |       0 |          5000 |     47720
    32800 |     620 |       0 |          5018 |     47620
    32900 |     623 |       0 |          5036 |     47520
    33000 |     623 |       0 |          5036 |     47420
    33100 |     624 |       0 |          5036 |     47320
    33200 |     624 |       0 |          5036 |     47220
    33300 |     624 |       0 |          5036 |     47120
    33400 |     624 |       0 |          5036 |     47020
    33500 |     624 |       0 |          5036 |     46920
    33600 |     624 |       0 |          5036 |     46820
    33700 |     624 |       0 |          5036 |     46720
    33800 |     624 |       0 |          5036 |     46620
    33900 |     624 |       0 |          5036 |     46520
    34000 |     626 |       0 |          5036 |     46420
    34100 |     627 |       0 |          5036 |     46320
    34200 |     627 |       0 |          5036 |     46220
    34300 |     627 |       0 |          5036 |     46120
    34400 |     627 |       0 |          5036 |     46020
    34500 |     627 |       0 |          5036 |     45920
    34600 |     627 |       0 |          5036 |     45820
    34700 |     627 |       0 |          5036 |     45720
    34800 |     627 |       0 |          5036 |     45620
    34900 |     627 |       0 |          5036 |     45520
    35000 |     627 |       0 |          5036 |     45420
    35100 |     627 |       0 |          5036 |     45320
    35200 |     627 |       0 |          5036 |     45220
    35300 |     627 |       0 |          5036 |     45120
    35400 |     627 |       0 |          5036 |     45020
    35500 |     627 |       0 |          5036 |     44920
    35600 |     627 |       0 |          5036 |     44820
    35700 |     627 |       0 |          5036 |     44720
    35800 |     627 |       0 |          5036 |     44620
    35900 |     627 |       0 |          5036 |     44520
    36000 |     627 |       0 |          5036 |     44420
    36100 |     627 |       0 |          5036 |     44320
    36200 |     627 |       0 |          5036 |     44220
    36300 |     627 |       0 |          5036 |     44120
    36400 |     627 |       0 |          5036 |     44020
    36500 |     627 |       0 |          5036 |     43920
    36600 |     627 |       0 |          5036 |     43820
    36700 |     627 |       0 |          5036 |     43720
    36800 |     627 |       0 |          5038 |     43620
    36900 |     631 |       0 |          5073 |     43520
    37000 |     638 |       0 |          5085 |     43420
    37100 |     648 |       0 |          5095 |     43320
    37200 |     656 |       0 |          5106 |     43220
    37300 |     666 |       0 |          5115 |     43120
    37400 |     673 |       0 |          5128 |     43020
    37500 |     689 |       0 |          5145 |     42920
    37600 |     699 |       0 |          5159 |     42820
    37700 |     710 |       0 |          5168 |     42720
    37800 |     717 |       0 |          5185 |     42620
    37900 |     727 |       0 |          5202 |     42520
    38000 |     738 |       0 |          5215 |     42420
    38100 |     764 |       0 |          5227 |     42320
    38200 |     774 |       0 |          5240 |     42220
    38300 |     784 |       0 |          5254 |     42120
    38400 |     785 |       0 |          5254 |     42020
    38500 |     785 |       0 |          5254 |     41920
    38600 |     785 |       0 |          5254 |     41820
    38700 |     785 |       0 |          5256 |     41720
    38800 |     785 |       0 |          5256 |     41620
    38900 |     785 |       0 |          5256 |     41520
    39000 |     785 |       0 |          5256 |     41420
    39100 |     785 |       0 |          5256 |     41320
    39200 |     785 |       0 |          5256 |     41220
    39300 |     791 |       0 |          5256 |     41120
    39400 |     794 |       0 |          5256 |     41020
    39500 |     794 |       0 |          5256 |     40920
    39600 |     794 |       0 |          5256 |     40820
    39700 |     794 |       0 |          5256 |     40720
    39800 |     794 |       0 |          5256 |     40620
    39900 |     794 |       0 |          5257 |     40520
    40000 |     794 |       0 |          5257 |     40420
    40100 |     794 |       0 |          5257 |     40320
    40200 |     794 |       0 |          5257 |     40220
    40300 |     794 |       0 |          5257 |     40120
    40400 |     794 |       0 |          5257 |     40020
    40500 |     794 |       0 |          5258 |     39920
    40600 |     794 |       0 |          5258 |     39820
    40700 |     794 |       0 |          5258 |     39720
    40800 |     794 |       0 |          5258 |     39620
    40900 |     794 |       0 |          5258 |     39520
    41000 |     794 |       0 |          5258 |     39420
    41100 |     794 |       0 |          5258 |     39320
    41200 |     794 |       0 |          5258 |     39220
    41300 |     794 |       0 |          5258 |     39120
    41400 |     794 |       0 |          5258 |     39020
    41500 |     794 |       0 |          5258 |     38920
    41600 |     794 |       0 |          5258 |     38820
    41700 |     794 |       0 |          5258 |     38720
    41800 |     794 |       0 |          5258 |     38620
    41900 |     794 |       0 |          5258 |     38520
    42000 |     794 |       0 |          5258 |     38420
    42100 |     797 |       0 |          5303 |     38320
    42200 |     797 |       0 |          5403 |     38220
    42300 |     797 |       0 |          5503 |     38120
    42400 |     797 |       0 |          5603 |     38020
    42500 |     797 |       0 |          5703 |     37920
    42600 |     797 |       0 |          5803 |     37820
    42700 |     797 |       0 |          5903 |     37720
    42800 |     797 |       0 |          6003 |     37620
    42900 |     800 |       0 |          6044 |     37520
    43000 |     804 |       0 |          6051 |     37420
    43100 |     805 |       0 |          6060 |     37320
    43200 |     806 |       0 |          6067 |     37220
    43300 |     807 |       0 |          6075 |     37120
    43400 |     808 |       0 |          6083 |     37020
    43500 |     809 |       0 |          6090 |     36920
    43600 |     810 |       0 |          6098 |     36820
    43700 |     812 |       0 |          6108 |     36720
    43800 |     814 |       0 |          6117 |     36620
    43900 |     814 |       0 |          6126 |     36520
    44000 |     817 |       0 |          6135 |     36420
    44100 |     818 |       0 |          6146 |     36320
    44200 |     821 |       0 |          6154 |     36220
    44300 |     826 |       0 |          6164 |     36120
    44400 |     832 |       0 |          6171 |     36020
    44500 |     844 |       0 |          6183 |     35920
    44600 |     848 |       0 |          6190 |     35820
    44700 |     854 |       0 |          6204 |     35720
    44800 |     854 |       0 |          6211 |     35620
    44900 |     855 |       0 |          6211 |     35520
    45000 |     857 |       0 |          6211 |     35420
    45100 |     857 |       0 |          6211 |     35320
    45200 |     858 |       0 |          6211 |     35220
    45300 |     858 |       0 |          6211 |     35120
    45400 |     858 |       0 |          6211 |     35020
    45500 |     858 |       0 |          6211 |     34920
    45600 |     858 |       0 |          6211 |     34820
    45700 |     858 |       0 |          6211 |     34720
    45800 |     858 |       0 |          6211 |     34620
    45900 |     858 |       0 |          6211 |     34520
    46000 |     866 |       0 |          6211 |     34420
    46100 |     873 |       0 |          6211 |     34320
    46200 |     878 |       0 |          6211 |     34220
    46300 |     882 |       0 |          6211 |     34120
    46400 |     882 |       0 |          6211 |     34020
    46500 |     882 |       0 |          6211 |     33920
    46600 |     882 |       0 |          6214 |     33820
    46700 |     882 |       0 |          6214 |     33720
    46800 |     882 |       0 |          6214 |     33620
    46900 |     882 |       0 |          6217 |     33520
    47000 |     882 |       0 |          6217 |     33420
    47100 |     882 |       0 |          6217 |     33320
    47200 |     882 |       0 |          6217 |     33220
    47300 |     882 |       0 |          6217 |     33120
    47400 |     882 |       0 |          6217 |     33020
    47500 |     882 |       0 |          6217 |     32920
    47600 |     882 |       0 |          6217 |     32820
    47700 |     882 |       0 |          6217 |     32720
    47800 |     882 |       0 |          6217 |     32620
    47900 |     882 |       0 |          6217 |     32520
    48000 |     882 |       0 |          6217 |     32420
    48100 |     882 |       0 |          6217 |     32320
    48200 |     882 |       0 |          6217 |     32220
    48300 |     882 |       0 |          6217 |     32120
    48400 |     882 |       0 |          6217 |     32020
    48500 |     882 |       0 |          6217 |     31920
    48600 |     882 |       0 |          6217 |     31820
    48700 |     882 |       0 |          6217 |     31720
    48800 |     882 |       0 |          6217 |     31620
    48900 |     882 |       0 |          6217 |     31520
    49000 |     882 |       0 |          6217 |     31420
    49100 |     882 |       0 |          6217 |     31320
    49200 |     882 |       0 |          6217 |     31220
    49300 |     884 |       0 |          6247 |     31120
    49400 |     891 |       0 |          6312 |     31020
    49500 |     903 |       0 |          6412 |     30920
    49600 |     912 |       0 |          6512 |     30820
    49700 |     917 |       0 |          6612 |     30720
    49800 |     930 |       0 |          6712 |     30620
    49900 |     935 |       0 |          6812 |     30520
    50000 |     937 |       0 |          6912 |     30420
    50100 |     950 |       0 |          7012 |     30320
    50200 |     958 |       0 |          7030 |     30220
    50300 |     967 |       0 |          7040 |     30120
    50400 |     971 |       0 |          7054 |     30020
    50500 |     980 |       0 |          7062 |     29920
    50600 |     988 |       0 |          7073 |     29820
    50700 |     997 |       0 |          7081 |     29720
    50800 |    1006 |       0 |          7089 |     29620
    50900 |    1013 |       0 |          7101 |     29520
    51000 |    1018 |       0 |          7112 |     29420
    51100 |    1026 |       0 |          7121 |     29320
    51200 |    1033 |       0 |          7132 |     29220
    51300 |    1038 |       0 |          7145 |     29120
    51400 |    1049 |       0 |          7161 |     29020
    51500 |    1054 |       0 |          7178 |     28920
    51600 |    1062 |       0 |          7190 |     28820
    51700 |    1067 |       0 |          7205 |     28720
    51800 |    1077 |       0 |          7214 |     28620
    51900 |    1092 |       0 |          7224 |     28520
    52000 |    1101 |       0 |          7235 |     28420
    52100 |    1116 |       0 |          7246 |     28320
    52200 |    1128 |       0 |          7253 |     28220
    52300 |    1128 |       0 |          7253 |     28120
    52400 |    1128 |       0 |          7253 |     28020
    52500 |    1130 |       0 |          7253 |     27920
    52600 |    1140 |       0 |          7253 |     27820
    52700 |    1143 |       0 |          7253 |     27720
    52800 |    1144 |       0 |          7253 |     27620
    52900 |    1151 |       0 |          7254 |     27520
    53000 |    1151 |       0 |          7254 |     27420
    53100 |    1151 |       0 |          7254 |     27320
    53200 |    1151 |       0 |          7254 |     27220
    53300 |    1151 |       0 |          7254 |     27120
    53400 |    1151 |       0 |          7254 |     27020
    53500 |    1151 |       0 |          7254 |     26920
    53600 |    1151 |       0 |          7254 |     26820
    53700 |    1151 |       0 |          7254 |     26720
    53800 |    1151 |       0 |          7254 |     26620
    53900 |    1151 |       0 |          7254 |     26520
    54000 |    1151 |       0 |          7254 |     26420
    54100 |    1151 |       0 |          7254 |     26320
    54200 |    1151 |       0 |          7254 |     26220
    54300 |    1151 |       0 |          7268 |     26120
    54400 |    1153 |       0 |          7298 |     26020
    54500 |    1155 |       0 |          7358 |     25920
    54600 |    1155 |       0 |          7458 |     25820
    54700 |    1179 |       0 |          7558 |     25720
    54800 |    1191 |       0 |          7658 |     25620
    54900 |    1222 |       0 |          7758 |     25520
    55000 |    1224 |       0 |          7858 |     25420
    55100 |    1246 |       0 |          7958 |     25320
    55200 |    1260 |       0 |          8058 |     25220
    55300 |    1264 |       0 |          8158 |     25120
    55400 |    1278 |       0 |          8227 |     25020
    55500 |    1285 |       0 |          8244 |     24920
    55600 |    1292 |       0 |          8262 |     24820
    55700 |    1294 |       0 |          8278 |     24720
    55800 |    1296 |       0 |          8300 |     24620
    55900 |    1301 |       0 |          8312 |     24520
    56000 |    1303 |       0 |          8333 |     24420
    56100 |    1309 |       0 |          8350 |     24320
    56200 |    1316 |       0 |          8369 |     24220
    56300 |    1321 |       0 |          8383 |     24120
    56400 |    1323 |       0 |          8403 |     24020
    56500 |    1328 |       0 |          8419 |     23920
    56600 |    1335 |       0 |          8436 |     23820
    56700 |    1343 |       0 |          8450 |     23720
    56800 |    1350 |       0 |          8468 |     23620
    56900 |    1358 |       0 |          8482 |     23520
    57000 |    1358 |       0 |          8502 |     23420
    57100 |    1359 |       0 |          8520 |     23320
    57200 |    1359 |       0 |          8538 |     23220
    57300 |    1367 |       0 |          8554 |     23120
    57400 |    1373 |       0 |          8570 |     23020
    57500 |    1378 |       0 |          8588 |     22920
    57600 |    1380 |       0 |          8607 |     22820
    57700 |    1385 |       0 |          8623 |     22720
    57800 |    1391 |       0 |          8641 |     22620
    57900 |    1391 |       0 |          8658 |     22520
    58000 |    1397 |       0 |          8677 |     22420
    58100 |    1403 |       0 |          8699 |     22320
    58200 |    1406 |       0 |          8717 |     22220
    58300 |    1409 |       0 |          8739 |     22120
    58400 |    1414 |       0 |          8755 |     22020
    58500 |    1415 |       0 |          8777 |     21920
    58600 |    1422 |       0 |          8794 |     21820
    58700 |    1424 |       0 |          8812 |     21720
    58800 |    1426 |       0 |          8831 |     21620
    58900 |    1432 |       0 |          8847 |     21520
    59000 |    1439 |       0 |          8866 |     21420
    59100 |    1445 |       0 |          8883 |     21320
    59200 |    1464 |       0 |          8897 |     21220
    59300 |    1470 |       0 |          8915 |     21120
    59400 |    1472 |       0 |          8934 |     21020
    59500 |    1477 |       0 |          8950 |     20920
    59600 |    1483 |       0 |          8968 |     20820
    59700 |    1489 |       0 |          8988 |     20720
    59800 |    1492 |       0 |          9006 |     20620
    59900 |    1498 |       0 |          9006 |     20520
    60000 |    1507 |       0 |          9006 |     20420
    60100 |    1511 |       0 |          9006 |     20320
    60200 |    1522 |       0 |          9006 |     20220
    60300 |    1530 |       0 |          9006 |     20120
    60400 |    1548 |       0 |          9006 |     20020
    60500 |    1578 |       0 |          9006 |     19920
    60600 |    1589 |       0 |          9006 |     19820
    60700 |    1625 |       0 |          9006 |     19720
    60800 |    1639 |       0 |          9006 |     19620
    60900 |    1661 |       0 |          9006 |     19520
    61000 |    1708 |       0 |          9006 |     19420
    61100 |    1730 |       0 |          9006 |     19320
    61200 |    1755 |       0 |          9006 |     19220
    61300 |    1772 |       0 |          9006 |     19120
    61400 |    1805 |       0 |          9006 |     19020
    61500 |    1858 |       0 |          9006 |     18920
    61600 |    1879 |       0 |          9006 |     18820
    61700 |    1924 |       0 |          9006 |     18720
    61800 |    1929 |       0 |          9006 |     18620
    61900 |    1929 |       0 |          9006 |     18520
    62000 |    1929 |       0 |          9006 |     18420
    62100 |    1929 |       0 |          9006 |     18320
    62200 |    1929 |       0 |          9006 |     18220
    62300 |    1929 |       0 |          9006 |     18120
    62400 |    1929 |       0 |          9006 |     18020
    62500 |    1929 |       0 |          9006 |     17920
    62600 |    1929 |       0 |          9006 |     17820
    62700 |    1929 |       0 |          9006 |     17720
    62800 |    1929 |       0 |          9006 |     17620
    62900 |    1929 |       0 |          9006 |     17520
    63000 |    1929 |       0 |          9006 |     17420
    63100 |    1929 |       0 |          9006 |     17320
    63200 |    1929 |       0 |          9006 |     17220
    63300 |    1929 |       0 |          9006 |     17120
    63400 |    1929 |       0 |          9006 |     17020
    63500 |    1929 |       0 |          9006 |     16920
    63600 |    1929 |       0 |          9006 |     16820
    63700 |    1929 |       0 |          9006 |     16720
    63800 |    1929 |       0 |          9006 |     16620
    63900 |    1929 |       0 |          9006 |     16520
    64000 |    1929 |       0 |          9006 |     16420
    64100 |    1929 |       0 |          9006 |     16320
    64200 |    1929 |       0 |          9006 |     16220
    64300 |    1929 |       0 |          9006 |     16120
    64400 |    1929 |       0 |          9006 |     16020
    64500 |    1929 |       2 |          9007 |     15920
    64600 |    1929 |       3 |          9084 |     15820
    64700 |    1934 |       3 |          9134 |     15720
    64800 |    1937 |       3 |          9217 |     15620
    64900 |    1937 |       3 |          9306 |     15520
    65000 |    1937 |       3 |          9397 |     15420
    65100 |    1937 |       3 |          9480 |     15320
    65200 |    1937 |       3 |          9522 |     15220
    65300 |    1937 |       3 |          9522 |     15120
    65400 |    1937 |       3 |          9522 |     15020
    65500 |    1938 |       3 |          9522 |     14920
    65600 |    1938 |       3 |          9522 |     14820
    65700 |    1938 |       3 |          9522 |     14720
    65800 |    1938 |       3 |          9524 |     14620
    65900 |    1938 |       3 |          9524 |     14520
    66000 |    1941 |      11 |          9587 |     14420
    66100 |    1941 |      11 |          9660 |     14320
    66200 |    1941 |      11 |          9734 |     14220
    66300 |    1941 |      11 |          9810 |     14120
    66400 |    1941 |      11 |          9884 |     14020
    66500 |    1941 |      11 |          9960 |     13920
    66600 |    1941 |      11 |         10030 |     13820
    66700 |    1941 |      11 |         10106 |     13720
    66800 |    1941 |      11 |         10182 |     13620
    66900 |    1941 |      11 |         10256 |     13520
    67000 |    1941 |      11 |         10327 |     13420
    67100 |    1941 |      11 |         10400 |     13320
    67200 |    1942 |      11 |         10478 |     13220
    67300 |    1942 |      11 |         10551 |     13120
    67400 |    1942 |      11 |         10621 |     13020
    67500 |    1942 |      11 |         10692 |     12920
    67600 |    1942 |      11 |         10763 |     12820
    67700 |    1942 |      11 |         10833 |     12720
    67800 |    1942 |      11 |         10906 |     12620
    67900 |    1943 |      12 |         10980 |     12520
    68000 |    1944 |      12 |         11053 |     12420
    68100 |    1945 |      12 |         11125 |     12320
    68200 |    1945 |      12 |         11198 |     12220
    68300 |    1958 |      14 |         11262 |     12120
    68400 |    1958 |      14 |         11333 |     12020
    68500 |    1960 |      14 |         11407 |     11920
    68600 |    1965 |      14 |         11477 |     11820
    68700 |    1987 |      27 |         11522 |     11720
    68800 |    1987 |      27 |         11620 |     11620
    68900 |    1991 |      27 |         11720 |     11520
    69000 |    2001 |      27 |         11820 |     11420
    69100 |    2005 |      27 |         11920 |     11320
    69200 |    2042 |      27 |         12020 |     11220
    69300 |    2059 |      27 |         12119 |     11120
    69400 |    2069 |      27 |         12147 |     11020
    69500 |    2078 |      27 |         12247 |     10920
    69600 |    2084 |      27 |         12347 |     10820
    69700 |    2099 |      27 |         12446 |     10720
    69800 |    2111 |      27 |         12546 |     10620
    69900 |    2126 |      27 |         12646 |     10520
    70000 |    2141 |      27 |         12746 |     10420
    70100 |    2161 |      27 |         12846 |     10320
    70200 |    2175 |      27 |         12946 |     10220
    70300 |    2187 |      27 |         13046 |     10120
    70400 |    2197 |      27 |         13146 |     10020
    70500 |    2237 |      27 |         13246 |      9920
    70600 |    2254 |      27 |         13346 |      9820
    70700 |    2279 |      27 |         13446 |      9720
    70800 |    2298 |      27 |         13546 |      9620
    70900 |    2318 |      27 |         13646 |      9520
    71000 |    2348 |      27 |         13745 |      9420
    71100 |    2372 |      27 |         13845 |      9320
    71200 |    2399 |      27 |         13944 |      9220
    71300 |    2428 |      27 |         14044 |      9120
    71400 |    2450 |      27 |         14144 |      9020
    71500 |    2486 |      27 |         14244 |      8920
    71600 |    2503 |      27 |         14322 |      8820
    71700 |    2503 |      27 |         14322 |      8720
    71800 |    2503 |      27 |         14322 |      8620
    71900 |    2503 |      27 |         14322 |      8520
    72000 |    2503 |      27 |         14322 |      8420
    72100 |    2504 |      27 |         14322 |      8320
    72200 |    2505 |      27 |         14322 |      8220
    72300 |    2505 |      27 |         14322 |      8120
    72400 |    2505 |      27 |         14322 |      8020
    72500 |    2505 |      27 |         14322 |      7920
    72600 |    2505 |      27 |         14322 |      7820
    72700 |    2505 |      27 |         14322 |      7720
    72800 |    2505 |      27 |         14322 |      7620
    72900 |    2505 |      27 |         14322 |      7520
    73000 |    2505 |      27 |         14322 |      7420
    73100 |    2505 |      27 |         14322 |      7320
    73200 |    2505 |      27 |         14322 |      7220
    73300 |    2505 |      27 |         14322 |      7120
    73400 |    2505 |      27 |         14322 |      7020
    73500 |    2505 |      27 |         14322 |      6920
    73600 |    2505 |      27 |         14322 |      6820
    73700 |    2505 |      27 |         14322 |      6720
    73800 |    2505 |      27 |         14322 |      6620
    73900 |    2505 |      27 |         14322 |      6520
    74000 |    2505 |      27 |         14322 |      6420
    74100 |    2505 |      27 |         14322 |      6320
    74200 |    2505 |      27 |         14322 |      6220
    74300 |    2505 |      27 |         14322 |      6120
    74400 |    2505 |      27 |         14322 |      6020
    74500 |    2510 |      79 |         14329 |      5920
    74600 |    2510 |     138 |         14334 |      5820
    74700 |    2510 |     138 |         14334 |      5720
    74800 |    2510 |     138 |         14334 |      5620
    74900 |    2510 |     138 |         14334 |      5520
    75000 |    2510 |     138 |         14334 |      5420
    75100 |    2510 |     138 |         14334 |      5320
    75200 |    2510 |     138 |         14334 |      5220
    75300 |    2510 |     138 |         14334 |      5120
    75400 |    2510 |     138 |         14334 |      5020
    75500 |    2510 |     138 |         14334 |      4920
    75600 |    2510 |     138 |         14334 |      4820
    75700 |    2510 |     138 |         14334 |      4720
    75800 |    2510 |     138 |         14334 |      4620
    75900 |    2510 |     138 |         14334 |      4520
    76000 |    2510 |     138 |         14334 |      4420
    76100 |    2510 |     138 |         14334 |      4320
    76200 |    2510 |     138 |         14334 |      4220
    76300 |    2510 |     138 |         14334 |      4120
    76400 |    2510 |     138 |         14334 |      4020
    76500 |    2510 |     138 |         14334 |      3920
    76600 |    2510 |     138 |         14334 |      3820
    76700 |    2510 |     138 |         14334 |      3720
    76800 |    2510 |     138 |         14334 |      3620
    76900 |    2510 |     138 |         14334 |      3520
    77000 |    2510 |     138 |         14334 |      3420
    77100 |    2510 |     138 |         14334 |      3320
    77200 |    2510 |     138 |         14334 |      3220
    77300 |    2510 |     138 |         14334 |      3120
    77400 |    2510 |     138 |         14334 |      3020
    77500 |    2510 |     138 |         14334 |      2920
    77600 |    2510 |     138 |         14334 |      2820
    77700 |    2510 |     138 |         14334 |      2720
    77800 |    2510 |     138 |         14334 |      2620
    77900 |    2510 |     138 |         14334 |      2520
    78000 |    2510 |     138 |         14334 |      2420
    78100 |    2510 |     138 |         14334 |      2320
    78200 |    2510 |     138 |         14334 |      2220
    78300 |    2510 |     138 |         14334 |      2120
    78400 |    2510 |     138 |         14334 |      2020
    78500 |    2510 |     138 |         14334 |      1920
    78600 |    2510 |     138 |         14334 |      1820
    78700 |    2510 |     138 |         14334 |      1720
    78800 |    2510 |     138 |         14334 |      1620
    78900 |    2510 |     138 |         14334 |      1520
    79000 |    2510 |     138 |         14334 |      1420
    79100 |    2510 |     138 |         14334 |      1320
    79200 |    2510 |     138 |         14334 |      1220
    79300 |    2510 |     138 |         14334 |      1120
    79400 |    2510 |     138 |         14334 |      1020
    79500 |    2510 |     138 |         14334 |       920
    79600 |    2510 |     138 |         14334 |       820
    79700 |    2510 |     138 |         14334 |       720
    79800 |    2510 |     138 |         14334 |       620
    79900 |    2510 |     138 |         14334 |       520
    80000 |    2510 |     138 |         14334 |       420
    80100 |    2510 |     138 |         14334 |       320
    80200 |    2510 |     138 |         14334 |       220
    80300 |    2510 |     138 |         14334 |       120
    80400 |    2517 |     189 |         14341 |        20
    final |    2517 |     189 |         14341 |         0
---------------------------------------------------------
[INFO RSZ-0034] Found 14338 slew violations.
[INFO RSZ-0036] Found 20 capacitance violations.
[INFO RSZ-0037] Found 1 long wires.
[INFO RSZ-0038] Inserted 189 buffers in 14341 nets.
[INFO RSZ-0039] Resized 2517 instances.
Took 15 seconds: repair_design -verbose
Repair tie lo fanout...
[INFO RSZ-0042] Inserted 1 tie LOGIC0_X1 instances.
Repair tie hi fanout...
Floating nets: 
Report metrics stage 3, resizer...

==========================================================================
resizer report_design_area
--------------------------------------------------------------------------
Design area 107108 u^2 46% utilization.
Instance count before 65447, after 65681
Pin count before 213149, after 213617
Elapsed time: 1:06.84[h:]min:sec. CPU time: user 88.44 sys 17.02 (157%). Peak memory: 579180KB.
