
==========================================================================
cts final report_tns
--------------------------------------------------------------------------
tns -0.51

==========================================================================
cts final report_wns
--------------------------------------------------------------------------
wns -0.10

==========================================================================
cts final report_worst_slack
--------------------------------------------------------------------------
worst slack -0.10

==========================================================================
cts final report_clock_skew
--------------------------------------------------------------------------
Clock core_clock
   0.64 source latency cs_registers_i.u_dscratch1_csr.rdata_q[18]$_DFFE_PN0P_/CK ^
  -0.27 target latency gen_regfile_ff.register_file_i.rf_reg_q[722]$_DFFE_PN0P_/CK ^
   0.00 CRPR
--------------
   0.37 setup skew

