
==========================================================================
resizer report_tns
--------------------------------------------------------------------------
tns -34.80

==========================================================================
resizer report_wns
--------------------------------------------------------------------------
wns -0.27

==========================================================================
resizer report_worst_slack
--------------------------------------------------------------------------
worst slack -0.27

==========================================================================
resizer report_checks -path_delay min
--------------------------------------------------------------------------
Startpoint: rst (input port clocked by clk)
Endpoint: fdct_zigzag.dct_mod.dgo$_DFFE_PN0P_
          (removal check against rising-edge clock clk)
Path Group: asynchronous
Path Type: min

Fanout     Cap    Slew   Delay    Time   Description
-----------------------------------------------------------------------------
                  0.00    0.00    0.00   clock clk (rise edge)
                          0.00    0.00   clock network delay (ideal)
                          0.28    0.28 ^ input external delay
     1   26.78    0.00    0.00    0.28 ^ rst (in)
                                         rst (net)
                  0.00    0.00    0.28 ^ input19/A (BUF_X32)
    65  204.34    0.01    0.02    0.30 ^ input19/Z (BUF_X32)
                                         net25 (net)
                  0.12    0.10    0.40 ^ fdct_zigzag.dct_mod.dgo$_DFFE_PN0P_/RN (DFFR_X1)
                                  0.40   data arrival time

                  0.00    0.00    0.00   clock clk (rise edge)
                          0.00    0.00   clock network delay (ideal)
                          0.00    0.00   clock reconvergence pessimism
                                  0.00 ^ fdct_zigzag.dct_mod.dgo$_DFFE_PN0P_/CK (DFFR_X1)
                          0.33    0.33   library removal time
                                  0.33   data required time
-----------------------------------------------------------------------------
                                  0.33   data required time
                                 -0.40   data arrival time
-----------------------------------------------------------------------------
                                  0.07   slack (MET)


Startpoint: dqnr_doe$_DFFE_PP_ (rising edge-triggered flip-flop clocked by clk)
Endpoint: rle.ddstrb$_DFF_P_ (rising edge-triggered flip-flop clocked by clk)
Path Group: clk
Path Type: min

Fanout     Cap    Slew   Delay    Time   Description
-----------------------------------------------------------------------------
                  0.00    0.00    0.00   clock clk (rise edge)
                          0.00    0.00   clock network delay (ideal)
                  0.00    0.00    0.00 ^ dqnr_doe$_DFFE_PP_/CK (DFF_X1)
     2    2.85    0.01    0.08    0.08 v dqnr_doe$_DFFE_PP_/Q (DFF_X1)
                                         dc_diff_doe (net)
                  0.01    0.00    0.08 v rle.ddstrb$_DFF_P_/D (DFF_X2)
                                  0.08   data arrival time

                  0.00    0.00    0.00   clock clk (rise edge)
                          0.00    0.00   clock network delay (ideal)
                          0.00    0.00   clock reconvergence pessimism
                                  0.00 ^ rle.ddstrb$_DFF_P_/CK (DFF_X2)
                          0.00    0.00   library hold time
                                  0.00   data required time
-----------------------------------------------------------------------------
                                  0.00   data required time
                                 -0.08   data arrival time
-----------------------------------------------------------------------------
                                  0.08   slack (MET)



==========================================================================
resizer report_checks -path_delay max
--------------------------------------------------------------------------
Startpoint: rst (input port clocked by clk)
Endpoint: fdct_zigzag.dct_mod.dgo$_DFFE_PN0P_
          (recovery check against rising-edge clock clk)
Path Group: asynchronous
Path Type: max

Fanout     Cap    Slew   Delay    Time   Description
-----------------------------------------------------------------------------
                  0.00    0.00    0.00   clock clk (rise edge)
                          0.00    0.00   clock network delay (ideal)
                          0.28    0.28 ^ input external delay
     1   26.78    0.00    0.00    0.28 ^ rst (in)
                                         rst (net)
                  0.00    0.00    0.28 ^ input19/A (BUF_X32)
    65  204.34    0.01    0.02    0.30 ^ input19/Z (BUF_X32)
                                         net25 (net)
                  0.12    0.10    0.40 ^ fdct_zigzag.dct_mod.dgo$_DFFE_PN0P_/RN (DFFR_X1)
                                  0.40   data arrival time

                  0.00    1.40    1.40   clock clk (rise edge)
                          0.00    1.40   clock network delay (ideal)
                          0.00    1.40   clock reconvergence pessimism
                                  1.40 ^ fdct_zigzag.dct_mod.dgo$_DFFE_PN0P_/CK (DFFR_X1)
                          0.03    1.43   library recovery time
                                  1.43   data required time
-----------------------------------------------------------------------------
                                  1.43   data required time
                                 -0.40   data arrival time
-----------------------------------------------------------------------------
                                  1.04   slack (MET)


Startpoint: fdct_zigzag.dct_mod.ddin[5]$_DFFE_PN0P_
            (rising edge-triggered flip-flop clocked by clk)
Endpoint: fdct_zigzag.dct_mod.dct_block_4.dct_unit_1.macu.mult_res[18]$_DFFE_PP_
          (rising edge-triggered flip-flop clocked by clk)
Path Group: clk
Path Type: max

Fanout     Cap    Slew   Delay    Time   Description
-----------------------------------------------------------------------------
                  0.00    0.00    0.00   clock clk (rise edge)
                          0.00    0.00   clock network delay (ideal)
                  0.00    0.00    0.00 ^ fdct_zigzag.dct_mod.ddin[5]$_DFFE_PN0P_/CK (DFFR_X2)
    14   67.44    0.07    0.19    0.19 ^ fdct_zigzag.dct_mod.ddin[5]$_DFFE_PN0P_/Q (DFFR_X2)
                                         fdct_zigzag.dct_mod.dct_block_0.dct_unit_0.ddin[6] (net)
                  0.07    0.00    0.19 ^ max_cap109/A (BUF_X16)
    38  130.98    0.01    0.04    0.23 ^ max_cap109/Z (BUF_X16)
                                         net115 (net)
                  0.02    0.01    0.24 ^ max_cap108/A (BUF_X32)
    33  103.61    0.01    0.02    0.26 ^ max_cap108/Z (BUF_X32)
                                         net114 (net)
                  0.03    0.02    0.28 ^ max_cap105/A (BUF_X16)
    46  120.09    0.01    0.03    0.31 ^ max_cap105/Z (BUF_X16)
                                         net111 (net)
                  0.04    0.03    0.34 ^ max_cap104/A (BUF_X16)
    42  116.46    0.01    0.03    0.37 ^ max_cap104/Z (BUF_X16)
                                         net110 (net)
                  0.03    0.02    0.40 ^ max_cap103/A (BUF_X16)
    28  108.02    0.01    0.03    0.43 ^ max_cap103/Z (BUF_X16)
                                         net109 (net)
                  0.01    0.00    0.43 ^ max_length102/A (BUF_X32)
    36  115.22    0.01    0.02    0.45 ^ max_length102/Z (BUF_X32)
                                         net108 (net)
                  0.07    0.06    0.51 ^ _080926_/A1 (NAND2_X1)
     2    7.14    0.03    0.04    0.55 v _080926_/ZN (NAND2_X1)
                                         _050396_ (net)
                  0.03    0.00    0.55 v _080927_/A (INV_X2)
     3   12.24    0.02    0.03    0.58 ^ _080927_/ZN (INV_X2)
                                         _050401_ (net)
                  0.02    0.00    0.58 ^ _131987_/B (FA_X1)
     4   12.77    0.03    0.11    0.70 v _131987_/S (FA_X1)
                                         _051311_ (net)
                  0.03    0.00    0.70 v _081076_/A (INV_X1)
     1    2.86    0.01    0.02    0.72 ^ _081076_/ZN (INV_X1)
                                         _051313_ (net)
                  0.01    0.00    0.72 ^ _131988_/CI (FA_X1)
     1    4.09    0.02    0.10    0.82 v _131988_/S (FA_X1)
                                         _051315_ (net)
                  0.02    0.00    0.82 v _131989_/B (FA_X1)
     1    2.04    0.01    0.12    0.94 ^ _131989_/S (FA_X1)
                                         _051318_ (net)
                  0.01    0.00    0.94 ^ _090127_/A (INV_X1)
     1    3.53    0.01    0.01    0.95 v _090127_/ZN (INV_X1)
                                         _051320_ (net)
                  0.01    0.00    0.95 v _131990_/B (FA_X1)
     1    1.84    0.01    0.12    1.07 ^ _131990_/S (FA_X1)
                                         _051323_ (net)
                  0.01    0.00    1.07 ^ _085783_/A (INV_X1)
     1    3.86    0.01    0.01    1.08 v _085783_/ZN (INV_X1)
                                         _051331_ (net)
                  0.01    0.00    1.08 v _131994_/A (FA_X1)
     1    3.98    0.02    0.12    1.20 ^ _131994_/S (FA_X1)
                                         _051334_ (net)
                  0.02    0.00    1.20 ^ _131995_/A (FA_X1)
     1    1.78    0.01    0.09    1.28 v _131995_/S (FA_X1)
                                         _051336_ (net)
                  0.01    0.00    1.28 v _088382_/A (INV_X1)
     1    3.37    0.01    0.02    1.30 ^ _088382_/ZN (INV_X1)
                                         _073118_ (net)
                  0.01    0.00    1.30 ^ _139047_/A (HA_X1)
     5    9.38    0.06    0.09    1.39 ^ _139047_/S (HA_X1)
                                         _073121_ (net)
                  0.06    0.00    1.39 ^ _109430_/A4 (AND4_X1)
     2    3.48    0.02    0.07    1.46 ^ _109430_/ZN (AND4_X1)
                                         _021598_ (net)
                  0.02    0.00    1.46 ^ _109431_/A3 (NAND3_X1)
     1    1.76    0.01    0.02    1.48 v _109431_/ZN (NAND3_X1)
                                         _021599_ (net)
                  0.01    0.00    1.48 v _109439_/A1 (NAND3_X1)
     2    3.67    0.02    0.02    1.50 ^ _109439_/ZN (NAND3_X1)
                                         _021607_ (net)
                  0.02    0.00    1.50 ^ _109440_/A1 (NAND2_X1)
     1    1.92    0.01    0.02    1.52 v _109440_/ZN (NAND2_X1)
                                         _021608_ (net)
                  0.01    0.00    1.52 v _109441_/A (INV_X1)
     2    3.78    0.01    0.02    1.54 ^ _109441_/ZN (INV_X1)
                                         _021609_ (net)
                  0.01    0.00    1.54 ^ _109475_/B1 (OAI21_X1)
     1    1.70    0.01    0.01    1.55 v _109475_/ZN (OAI21_X1)
                                         _021641_ (net)
                  0.01    0.00    1.55 v _109477_/A1 (NAND2_X1)
     1    2.80    0.01    0.02    1.57 ^ _109477_/ZN (NAND2_X1)
                                         _021643_ (net)
                  0.01    0.00    1.57 ^ _109478_/B (XNOR2_X1)
     1    1.67    0.02    0.04    1.61 ^ _109478_/ZN (XNOR2_X1)
                                         _021644_ (net)
                  0.02    0.00    1.61 ^ _109479_/B1 (AOI21_X1)
     1    1.17    0.02    0.02    1.62 v _109479_/ZN (AOI21_X1)
                                         _001655_ (net)
                  0.02    0.00    1.62 v fdct_zigzag.dct_mod.dct_block_4.dct_unit_1.macu.mult_res[18]$_DFFE_PP_/D (DFF_X2)
                                  1.62   data arrival time

                  0.00    1.40    1.40   clock clk (rise edge)
                          0.00    1.40   clock network delay (ideal)
                          0.00    1.40   clock reconvergence pessimism
                                  1.40 ^ fdct_zigzag.dct_mod.dct_block_4.dct_unit_1.macu.mult_res[18]$_DFFE_PP_/CK (DFF_X2)
                         -0.04    1.36   library setup time
                                  1.36   data required time
-----------------------------------------------------------------------------
                                  1.36   data required time
                                 -1.62   data arrival time
-----------------------------------------------------------------------------
                                 -0.27   slack (VIOLATED)



==========================================================================
resizer report_checks -unconstrained
--------------------------------------------------------------------------
Startpoint: rst (input port clocked by clk)
Endpoint: fdct_zigzag.dct_mod.dgo$_DFFE_PN0P_
          (recovery check against rising-edge clock clk)
Path Group: asynchronous
Path Type: max

Fanout     Cap    Slew   Delay    Time   Description
-----------------------------------------------------------------------------
                  0.00    0.00    0.00   clock clk (rise edge)
                          0.00    0.00   clock network delay (ideal)
                          0.28    0.28 ^ input external delay
     1   26.78    0.00    0.00    0.28 ^ rst (in)
                                         rst (net)
                  0.00    0.00    0.28 ^ input19/A (BUF_X32)
    65  204.34    0.01    0.02    0.30 ^ input19/Z (BUF_X32)
                                         net25 (net)
                  0.12    0.10    0.40 ^ fdct_zigzag.dct_mod.dgo$_DFFE_PN0P_/RN (DFFR_X1)
                                  0.40   data arrival time

                  0.00    1.40    1.40   clock clk (rise edge)
                          0.00    1.40   clock network delay (ideal)
                          0.00    1.40   clock reconvergence pessimism
                                  1.40 ^ fdct_zigzag.dct_mod.dgo$_DFFE_PN0P_/CK (DFFR_X1)
                          0.03    1.43   library recovery time
                                  1.43   data required time
-----------------------------------------------------------------------------
                                  1.43   data required time
                                 -0.40   data arrival time
-----------------------------------------------------------------------------
                                  1.04   slack (MET)


Startpoint: fdct_zigzag.dct_mod.ddin[5]$_DFFE_PN0P_
            (rising edge-triggered flip-flop clocked by clk)
Endpoint: fdct_zigzag.dct_mod.dct_block_4.dct_unit_1.macu.mult_res[18]$_DFFE_PP_
          (rising edge-triggered flip-flop clocked by clk)
Path Group: clk
Path Type: max

Fanout     Cap    Slew   Delay    Time   Description
-----------------------------------------------------------------------------
                  0.00    0.00    0.00   clock clk (rise edge)
                          0.00    0.00   clock network delay (ideal)
                  0.00    0.00    0.00 ^ fdct_zigzag.dct_mod.ddin[5]$_DFFE_PN0P_/CK (DFFR_X2)
    14   67.44    0.07    0.19    0.19 ^ fdct_zigzag.dct_mod.ddin[5]$_DFFE_PN0P_/Q (DFFR_X2)
                                         fdct_zigzag.dct_mod.dct_block_0.dct_unit_0.ddin[6] (net)
                  0.07    0.00    0.19 ^ max_cap109/A (BUF_X16)
    38  130.98    0.01    0.04    0.23 ^ max_cap109/Z (BUF_X16)
                                         net115 (net)
                  0.02    0.01    0.24 ^ max_cap108/A (BUF_X32)
    33  103.61    0.01    0.02    0.26 ^ max_cap108/Z (BUF_X32)
                                         net114 (net)
                  0.03    0.02    0.28 ^ max_cap105/A (BUF_X16)
    46  120.09    0.01    0.03    0.31 ^ max_cap105/Z (BUF_X16)
                                         net111 (net)
                  0.04    0.03    0.34 ^ max_cap104/A (BUF_X16)
    42  116.46    0.01    0.03    0.37 ^ max_cap104/Z (BUF_X16)
                                         net110 (net)
                  0.03    0.02    0.40 ^ max_cap103/A (BUF_X16)
    28  108.02    0.01    0.03    0.43 ^ max_cap103/Z (BUF_X16)
                                         net109 (net)
                  0.01    0.00    0.43 ^ max_length102/A (BUF_X32)
    36  115.22    0.01    0.02    0.45 ^ max_length102/Z (BUF_X32)
                                         net108 (net)
                  0.07    0.06    0.51 ^ _080926_/A1 (NAND2_X1)
     2    7.14    0.03    0.04    0.55 v _080926_/ZN (NAND2_X1)
                                         _050396_ (net)
                  0.03    0.00    0.55 v _080927_/A (INV_X2)
     3   12.24    0.02    0.03    0.58 ^ _080927_/ZN (INV_X2)
                                         _050401_ (net)
                  0.02    0.00    0.58 ^ _131987_/B (FA_X1)
     4   12.77    0.03    0.11    0.70 v _131987_/S (FA_X1)
                                         _051311_ (net)
                  0.03    0.00    0.70 v _081076_/A (INV_X1)
     1    2.86    0.01    0.02    0.72 ^ _081076_/ZN (INV_X1)
                                         _051313_ (net)
                  0.01    0.00    0.72 ^ _131988_/CI (FA_X1)
     1    4.09    0.02    0.10    0.82 v _131988_/S (FA_X1)
                                         _051315_ (net)
                  0.02    0.00    0.82 v _131989_/B (FA_X1)
     1    2.04    0.01    0.12    0.94 ^ _131989_/S (FA_X1)
                                         _051318_ (net)
                  0.01    0.00    0.94 ^ _090127_/A (INV_X1)
     1    3.53    0.01    0.01    0.95 v _090127_/ZN (INV_X1)
                                         _051320_ (net)
                  0.01    0.00    0.95 v _131990_/B (FA_X1)
     1    1.84    0.01    0.12    1.07 ^ _131990_/S (FA_X1)
                                         _051323_ (net)
                  0.01    0.00    1.07 ^ _085783_/A (INV_X1)
     1    3.86    0.01    0.01    1.08 v _085783_/ZN (INV_X1)
                                         _051331_ (net)
                  0.01    0.00    1.08 v _131994_/A (FA_X1)
     1    3.98    0.02    0.12    1.20 ^ _131994_/S (FA_X1)
                                         _051334_ (net)
                  0.02    0.00    1.20 ^ _131995_/A (FA_X1)
     1    1.78    0.01    0.09    1.28 v _131995_/S (FA_X1)
                                         _051336_ (net)
                  0.01    0.00    1.28 v _088382_/A (INV_X1)
     1    3.37    0.01    0.02    1.30 ^ _088382_/ZN (INV_X1)
                                         _073118_ (net)
                  0.01    0.00    1.30 ^ _139047_/A (HA_X1)
     5    9.38    0.06    0.09    1.39 ^ _139047_/S (HA_X1)
                                         _073121_ (net)
                  0.06    0.00    1.39 ^ _109430_/A4 (AND4_X1)
     2    3.48    0.02    0.07    1.46 ^ _109430_/ZN (AND4_X1)
                                         _021598_ (net)
                  0.02    0.00    1.46 ^ _109431_/A3 (NAND3_X1)
     1    1.76    0.01    0.02    1.48 v _109431_/ZN (NAND3_X1)
                                         _021599_ (net)
                  0.01    0.00    1.48 v _109439_/A1 (NAND3_X1)
     2    3.67    0.02    0.02    1.50 ^ _109439_/ZN (NAND3_X1)
                                         _021607_ (net)
                  0.02    0.00    1.50 ^ _109440_/A1 (NAND2_X1)
     1    1.92    0.01    0.02    1.52 v _109440_/ZN (NAND2_X1)
                                         _021608_ (net)
                  0.01    0.00    1.52 v _109441_/A (INV_X1)
     2    3.78    0.01    0.02    1.54 ^ _109441_/ZN (INV_X1)
                                         _021609_ (net)
                  0.01    0.00    1.54 ^ _109475_/B1 (OAI21_X1)
     1    1.70    0.01    0.01    1.55 v _109475_/ZN (OAI21_X1)
                                         _021641_ (net)
                  0.01    0.00    1.55 v _109477_/A1 (NAND2_X1)
     1    2.80    0.01    0.02    1.57 ^ _109477_/ZN (NAND2_X1)
                                         _021643_ (net)
                  0.01    0.00    1.57 ^ _109478_/B (XNOR2_X1)
     1    1.67    0.02    0.04    1.61 ^ _109478_/ZN (XNOR2_X1)
                                         _021644_ (net)
                  0.02    0.00    1.61 ^ _109479_/B1 (AOI21_X1)
     1    1.17    0.02    0.02    1.62 v _109479_/ZN (AOI21_X1)
                                         _001655_ (net)
                  0.02    0.00    1.62 v fdct_zigzag.dct_mod.dct_block_4.dct_unit_1.macu.mult_res[18]$_DFFE_PP_/D (DFF_X2)
                                  1.62   data arrival time

                  0.00    1.40    1.40   clock clk (rise edge)
                          0.00    1.40   clock network delay (ideal)
                          0.00    1.40   clock reconvergence pessimism
                                  1.40 ^ fdct_zigzag.dct_mod.dct_block_4.dct_unit_1.macu.mult_res[18]$_DFFE_PP_/CK (DFF_X2)
                         -0.04    1.36   library setup time
                                  1.36   data required time
-----------------------------------------------------------------------------
                                  1.36   data required time
                                 -1.62   data arrival time
-----------------------------------------------------------------------------
                                 -0.27   slack (VIOLATED)



==========================================================================
resizer report_check_types -max_slew -max_cap -max_fanout -violators
--------------------------------------------------------------------------

==========================================================================
resizer max_slew_check_slack
--------------------------------------------------------------------------
0.06929368525743484

==========================================================================
resizer max_slew_check_limit
--------------------------------------------------------------------------
0.1985349953174591

==========================================================================
resizer max_slew_check_slack_limit
--------------------------------------------------------------------------
0.3490

==========================================================================
resizer max_fanout_check_slack
--------------------------------------------------------------------------
1.0000000150474662e+30

==========================================================================
resizer max_fanout_check_limit
--------------------------------------------------------------------------
1.0000000150474662e+30

==========================================================================
resizer max_capacitance_check_slack
--------------------------------------------------------------------------
1.2712135314941406

==========================================================================
resizer max_capacitance_check_limit
--------------------------------------------------------------------------
120.8499984741211

==========================================================================
resizer max_capacitance_check_slack_limit
--------------------------------------------------------------------------
0.0105

==========================================================================
resizer max_slew_violation_count
--------------------------------------------------------------------------
max slew violation count 0

==========================================================================
resizer max_fanout_violation_count
--------------------------------------------------------------------------
max fanout violation count 0

==========================================================================
resizer max_cap_violation_count
--------------------------------------------------------------------------
max cap violation count 0

==========================================================================
resizer setup_violation_count
--------------------------------------------------------------------------
setup violation count 372

==========================================================================
resizer hold_violation_count
--------------------------------------------------------------------------
hold violation count 0

==========================================================================
resizer report_checks -path_delay max reg to reg
--------------------------------------------------------------------------
Startpoint: fdct_zigzag.dct_mod.ddin[5]$_DFFE_PN0P_
            (rising edge-triggered flip-flop clocked by clk)
Endpoint: fdct_zigzag.dct_mod.dct_block_4.dct_unit_1.macu.mult_res[18]$_DFFE_PP_
          (rising edge-triggered flip-flop clocked by clk)
Path Group: clk
Path Type: max

  Delay    Time   Description
---------------------------------------------------------
   0.00    0.00   clock clk (rise edge)
   0.00    0.00   clock network delay (ideal)
   0.00    0.00 ^ fdct_zigzag.dct_mod.ddin[5]$_DFFE_PN0P_/CK (DFFR_X2)
   0.19    0.19 ^ fdct_zigzag.dct_mod.ddin[5]$_DFFE_PN0P_/Q (DFFR_X2)
   0.04    0.23 ^ max_cap109/Z (BUF_X16)
   0.04    0.26 ^ max_cap108/Z (BUF_X32)
   0.05    0.31 ^ max_cap105/Z (BUF_X16)
   0.06    0.37 ^ max_cap104/Z (BUF_X16)
   0.05    0.43 ^ max_cap103/Z (BUF_X16)
   0.03    0.45 ^ max_length102/Z (BUF_X32)
   0.10    0.55 v _080926_/ZN (NAND2_X1)
   0.03    0.58 ^ _080927_/ZN (INV_X2)
   0.12    0.70 v _131987_/S (FA_X1)
   0.02    0.72 ^ _081076_/ZN (INV_X1)
   0.10    0.82 v _131988_/S (FA_X1)
   0.12    0.94 ^ _131989_/S (FA_X1)
   0.01    0.95 v _090127_/ZN (INV_X1)
   0.12    1.07 ^ _131990_/S (FA_X1)
   0.01    1.08 v _085783_/ZN (INV_X1)
   0.12    1.20 ^ _131994_/S (FA_X1)
   0.09    1.28 v _131995_/S (FA_X1)
   0.02    1.30 ^ _088382_/ZN (INV_X1)
   0.09    1.39 ^ _139047_/S (HA_X1)
   0.07    1.46 ^ _109430_/ZN (AND4_X1)
   0.02    1.48 v _109431_/ZN (NAND3_X1)
   0.02    1.50 ^ _109439_/ZN (NAND3_X1)
   0.02    1.52 v _109440_/ZN (NAND2_X1)
   0.02    1.54 ^ _109441_/ZN (INV_X1)
   0.01    1.55 v _109475_/ZN (OAI21_X1)
   0.02    1.57 ^ _109477_/ZN (NAND2_X1)
   0.04    1.61 ^ _109478_/ZN (XNOR2_X1)
   0.02    1.62 v _109479_/ZN (AOI21_X1)
   0.00    1.62 v fdct_zigzag.dct_mod.dct_block_4.dct_unit_1.macu.mult_res[18]$_DFFE_PP_/D (DFF_X2)
           1.62   data arrival time

   1.40    1.40   clock clk (rise edge)
   0.00    1.40   clock network delay (ideal)
   0.00    1.40   clock reconvergence pessimism
           1.40 ^ fdct_zigzag.dct_mod.dct_block_4.dct_unit_1.macu.mult_res[18]$_DFFE_PP_/CK (DFF_X2)
  -0.04    1.36   library setup time
           1.36   data required time
---------------------------------------------------------
           1.36   data required time
          -1.62   data arrival time
---------------------------------------------------------
          -0.27   slack (VIOLATED)



==========================================================================
resizer report_checks -path_delay min reg to reg
--------------------------------------------------------------------------
Startpoint: dqnr_doe$_DFFE_PP_ (rising edge-triggered flip-flop clocked by clk)
Endpoint: rle.ddstrb$_DFF_P_ (rising edge-triggered flip-flop clocked by clk)
Path Group: clk
Path Type: min

  Delay    Time   Description
---------------------------------------------------------
   0.00    0.00   clock clk (rise edge)
   0.00    0.00   clock network delay (ideal)
   0.00    0.00 ^ dqnr_doe$_DFFE_PP_/CK (DFF_X1)
   0.08    0.08 v dqnr_doe$_DFFE_PP_/Q (DFF_X1)
   0.00    0.08 v rle.ddstrb$_DFF_P_/D (DFF_X2)
           0.08   data arrival time

   0.00    0.00   clock clk (rise edge)
   0.00    0.00   clock network delay (ideal)
   0.00    0.00   clock reconvergence pessimism
           0.00 ^ rle.ddstrb$_DFF_P_/CK (DFF_X2)
   0.00    0.00   library hold time
           0.00   data required time
---------------------------------------------------------
           0.00   data required time
          -0.08   data arrival time
---------------------------------------------------------
           0.08   slack (MET)



==========================================================================
resizer critical path target clock latency max path
--------------------------------------------------------------------------
0.0000

==========================================================================
resizer critical path target clock latency min path
--------------------------------------------------------------------------
0.0000

==========================================================================
resizer critical path source clock latency min path
--------------------------------------------------------------------------
0.0000

==========================================================================
resizer critical path delay
--------------------------------------------------------------------------
1.6247

==========================================================================
resizer critical path slack
--------------------------------------------------------------------------
-0.2697

==========================================================================
resizer slack div critical path delay
--------------------------------------------------------------------------
-16.599988

==========================================================================
resizer report_power
--------------------------------------------------------------------------
Group                  Internal  Switching    Leakage      Total
                          Power      Power      Power      Power (Watts)
----------------------------------------------------------------
Sequential             4.36e-02   1.23e-02   3.94e-04   5.63e-02  11.2%
Combinational          2.37e-01   2.09e-01   1.98e-03   4.48e-01  88.8%
Clock                  0.00e+00   0.00e+00   0.00e+00   0.00e+00   0.0%
Macro                  0.00e+00   0.00e+00   0.00e+00   0.00e+00   0.0%
Pad                    0.00e+00   0.00e+00   0.00e+00   0.00e+00   0.0%
----------------------------------------------------------------
Total                  2.80e-01   2.21e-01   2.37e-03   5.04e-01 100.0%
                          55.6%      43.9%       0.5%
