
==========================================================================
resizer report_tns
--------------------------------------------------------------------------
tns -2114.46

==========================================================================
resizer report_wns
--------------------------------------------------------------------------
wns -1.04

==========================================================================
resizer report_worst_slack
--------------------------------------------------------------------------
worst slack -1.04

==========================================================================
resizer report_checks -path_delay min
--------------------------------------------------------------------------
Startpoint: ex_stage_i/lsu_i.i_store_unit.store_buffer_i.speculative_queue_q_2__valid_$_DFF_PN0_
            (rising edge-triggered flip-flop clocked by core_clock)
Endpoint: ex_stage_i/lsu_i.i_store_unit.store_buffer_i.speculative_queue_q_2__valid_$_DFF_PN0_
          (rising edge-triggered flip-flop clocked by core_clock)
Path Group: core_clock
Path Type: min

Fanout     Cap    Slew   Delay    Time   Description
-----------------------------------------------------------------------------
                  0.00    0.00    0.00   clock core_clock (rise edge)
                          0.00    0.00   clock network delay (ideal)
                  0.00    0.00    0.00 ^ ex_stage_i/lsu_i.i_store_unit.store_buffer_i.speculative_queue_q_2__valid_$_DFF_PN0_/CK (DFFR_X1)
     1    1.80    0.01    0.07    0.07 ^ ex_stage_i/lsu_i.i_store_unit.store_buffer_i.speculative_queue_q_2__valid_$_DFF_PN0_/QN (DFFR_X1)
                                         ex_stage_i/_00004_ (net)
                  0.01    0.00    0.07 ^ ex_stage_i/_64628_/C1 (AOI221_X1)
     1    1.22    0.01    0.01    0.08 v ex_stage_i/_64628_/ZN (AOI221_X1)
                                         ex_stage_i/lsu_i.i_store_unit.store_buffer_i.speculative_queue_n_2__valid_ (net)
                  0.01    0.00    0.08 v ex_stage_i/lsu_i.i_store_unit.store_buffer_i.speculative_queue_q_2__valid_$_DFF_PN0_/D (DFFR_X1)
                                  0.08   data arrival time

                  0.00    0.00    0.00   clock core_clock (rise edge)
                          0.00    0.00   clock network delay (ideal)
                          0.00    0.00   clock reconvergence pessimism
                                  0.00 ^ ex_stage_i/lsu_i.i_store_unit.store_buffer_i.speculative_queue_q_2__valid_$_DFF_PN0_/CK (DFFR_X1)
                          0.00    0.00   library hold time
                                  0.00   data required time
-----------------------------------------------------------------------------
                                  0.00   data required time
                                 -0.08   data arrival time
-----------------------------------------------------------------------------
                                  0.08   slack (MET)



==========================================================================
resizer report_checks -path_delay max
--------------------------------------------------------------------------
Startpoint: issue_stage_i.i_scoreboard/commit_pointer_q[1]$_DFF_PN0_
            (rising edge-triggered flip-flop clocked by core_clock)
Endpoint: issue_stage_i.i_scoreboard/mem_q[1277]$_DFF_PN0_
          (rising edge-triggered flip-flop clocked by core_clock)
Path Group: core_clock
Path Type: max

Fanout     Cap    Slew   Delay    Time   Description
-----------------------------------------------------------------------------
                  0.00    0.00    0.00   clock core_clock (rise edge)
                          0.00    0.00   clock network delay (ideal)
                  0.00    0.00    0.00 ^ issue_stage_i.i_scoreboard/commit_pointer_q[1]$_DFF_PN0_/CK (DFFR_X2)
     3    8.96    0.02    0.08    0.08 ^ issue_stage_i.i_scoreboard/commit_pointer_q[1]$_DFF_PN0_/QN (DFFR_X2)
                                         issue_stage_i.i_scoreboard/_29684_ (net)
                  0.02    0.00    0.08 ^ issue_stage_i.i_scoreboard/_59703_/B (HA_X1)
     6   39.75    0.09    0.13    0.21 ^ issue_stage_i.i_scoreboard/_59703_/CO (HA_X1)
                                         issue_stage_i.i_scoreboard/_29685_ (net)
                  0.09    0.00    0.21 ^ max_cap3764/A (BUF_X8)
    11   56.23    0.02    0.04    0.25 ^ max_cap3764/Z (BUF_X8)
                                         net3764 (net)
                  0.02    0.01    0.26 ^ max_cap3763/A (BUF_X8)
    11   58.76    0.02    0.04    0.30 ^ max_cap3763/Z (BUF_X8)
                                         net3763 (net)
                  0.02    0.00    0.30 ^ max_cap3762/A (BUF_X16)
    11   50.54    0.01    0.02    0.32 ^ max_cap3762/Z (BUF_X16)
                                         net3762 (net)
                  0.01    0.01    0.33 ^ issue_stage_i.i_scoreboard/_30984_/A2 (AND2_X4)
    53  190.15    0.10    0.13    0.46 ^ issue_stage_i.i_scoreboard/_30984_/ZN (AND2_X4)
                                         issue_stage_i.i_scoreboard/_26457_ (net)
                  0.10    0.01    0.47 ^ max_length3322/A (BUF_X32)
    69  211.36    0.01    0.03    0.50 ^ max_length3322/Z (BUF_X32)
                                         net3322 (net)
                  0.07    0.06    0.56 ^ max_length3321/A (BUF_X32)
    56  184.23    0.01    0.03    0.59 ^ max_length3321/Z (BUF_X32)
                                         net3321 (net)
                  0.04    0.03    0.62 ^ max_length3320/A (BUF_X32)
    57  129.49    0.01    0.03    0.65 ^ max_length3320/Z (BUF_X32)
                                         net3320 (net)
                  0.05    0.04    0.69 ^ issue_stage_i.i_scoreboard/_33823_/B2 (OAI21_X1)
     1    1.42    0.02    0.02    0.71 v issue_stage_i.i_scoreboard/_33823_/ZN (OAI21_X1)
                                         issue_stage_i.i_scoreboard/_03139_ (net)
                  0.02    0.00    0.71 v issue_stage_i.i_scoreboard/_33824_/A (MUX2_X1)
     1    1.81    0.01    0.06    0.77 v issue_stage_i.i_scoreboard/_33824_/Z (MUX2_X1)
                                         issue_stage_i.i_scoreboard/_03140_ (net)
                  0.01    0.00    0.77 v issue_stage_i.i_scoreboard/_33825_/B (MUX2_X1)
     1    1.55    0.01    0.06    0.83 v issue_stage_i.i_scoreboard/_33825_/Z (MUX2_X1)
                                         issue_stage_i.i_scoreboard/_03141_ (net)
                  0.01    0.00    0.83 v issue_stage_i.i_scoreboard/_33826_/B (MUX2_X1)
     1    2.06    0.01    0.06    0.89 v issue_stage_i.i_scoreboard/_33826_/Z (MUX2_X1)
                                         issue_stage_i.i_scoreboard/_03142_ (net)
                  0.01    0.00    0.89 v issue_stage_i.i_scoreboard/_33827_/B (MUX2_X2)
     8   33.37    0.02    0.08    0.97 v issue_stage_i.i_scoreboard/_33827_/Z (MUX2_X2)
                                         commit_instr_id_commit[284] (net)
                  0.03    0.01    0.98 v _05278_/A2 (NAND2_X1)
     1    2.09    0.01    0.03    1.00 ^ _05278_/ZN (NAND2_X1)
                                         _00557_ (net)
                  0.01    0.00    1.00 ^ _05279_/A3 (NAND3_X1)
     1    3.71    0.02    0.03    1.03 v _05279_/ZN (NAND3_X1)
                                         _00558_ (net)
                  0.02    0.00    1.03 v _05280_/A4 (NOR4_X2)
     1    6.36    0.06    0.10    1.13 ^ _05280_/ZN (NOR4_X2)
                                         _00559_ (net)
                  0.06    0.00    1.13 ^ _05285_/A (AOI21_X4)
     5   19.32    0.02    0.03    1.15 v _05285_/ZN (AOI21_X4)
                                         _00564_ (net)
                  0.02    0.00    1.15 v _05326_/A2 (NOR2_X2)
     4   12.19    0.03    0.06    1.21 ^ _05326_/ZN (NOR2_X2)
                                         _00600_ (net)
                  0.03    0.00    1.21 ^ _05327_/A (INV_X1)
     1    6.37    0.01    0.02    1.23 v _05327_/ZN (INV_X1)
                                         _00601_ (net)
                  0.01    0.00    1.23 v _05328_/B2 (AOI21_X4)
     4   19.73    0.04    0.05    1.28 ^ _05328_/ZN (AOI21_X4)
                                         _00602_ (net)
                  0.04    0.00    1.28 ^ _09284_/A1 (NAND2_X4)
    10   58.24    0.03    0.05    1.33 v _09284_/ZN (NAND2_X4)
                                         _03781_ (net)
                  0.03    0.00    1.33 v max_cap2088/A (BUF_X32)
    60  222.79    0.01    0.04    1.37 v max_cap2088/Z (BUF_X32)
                                         net2088 (net)
                  0.02    0.02    1.38 v _09285_/A (INV_X32)
    68  169.85    0.01    0.03    1.41 ^ _09285_/ZN (INV_X32)
                                         _03782_ (net)
                  0.02    0.01    1.42 ^ _09295_/A2 (AND2_X2)
     4   13.11    0.02    0.05    1.46 ^ _09295_/ZN (AND2_X2)
                                         commit_stage_i.csr_op_o[3] (net)
                  0.02    0.00    1.46 ^ csr_regfile_i/_07827_/A3 (NOR4_X2)
     2    5.51    0.01    0.02    1.48 v csr_regfile_i/_07827_/ZN (NOR4_X2)
                                         csr_regfile_i/_02716_ (net)
                  0.01    0.00    1.48 v csr_regfile_i/_07828_/A2 (AND2_X2)
     3   15.11    0.01    0.04    1.52 v csr_regfile_i/_07828_/ZN (AND2_X2)
                                         csr_regfile_i/_02717_ (net)
                  0.01    0.00    1.52 v csr_regfile_i/_10263_/A (AOI21_X4)
     5   34.80    0.05    0.07    1.59 ^ csr_regfile_i/_10263_/ZN (AOI21_X4)
                                         csr_regfile_i/_05087_ (net)
                  0.05    0.00    1.60 ^ csr_regfile_i/_10264_/A2 (NOR2_X4)
     6   19.34    0.02    0.02    1.62 v csr_regfile_i/_10264_/ZN (NOR2_X4)
                                         csr_regfile_i/_05088_ (net)
                  0.02    0.00    1.62 v csr_regfile_i/_10265_/C2 (AOI211_X2)
     7   25.90    0.11    0.14    1.76 ^ csr_regfile_i/_10265_/ZN (AOI211_X2)
                                         commit_stage_i.csr_exception_i[128] (net)
                  0.11    0.00    1.76 ^ _05345_/A2 (NAND2_X1)
     1    3.69    0.02    0.03    1.79 v _05345_/ZN (NAND2_X1)
                                         _00618_ (net)
                  0.02    0.00    1.79 v _05346_/A2 (OR2_X4)
    65  120.22    0.03    0.09    1.88 v _05346_/ZN (OR2_X4)
                                         _00619_ (net)
                  0.03    0.00    1.88 v _05347_/B1 (OAI21_X4)
     5   21.39    0.04    0.06    1.94 ^ _05347_/ZN (OAI21_X4)
                                         _00620_ (net)
                  0.04    0.00    1.94 ^ _05348_/A2 (AND2_X4)
    18  166.58    0.08    0.11    2.05 ^ _05348_/ZN (AND2_X4)
                                         commit_stage_i.N5 (net)
                  0.08    0.00    2.05 ^ _05364_/A2 (NOR4_X2)
     1    5.71    0.02    0.02    2.07 v _05364_/ZN (NOR4_X2)
                                         _00634_ (net)
                  0.02    0.00    2.07 v _05366_/A3 (NOR4_X4)
     1    6.62    0.04    0.08    2.15 ^ _05366_/ZN (NOR4_X4)
                                         _00636_ (net)
                  0.04    0.00    2.15 ^ _05368_/B1 (OAI21_X4)
     2   29.22    0.02    0.04    2.19 v _05368_/ZN (OAI21_X4)
                                         _00638_ (net)
                  0.02    0.00    2.19 v _05369_/A (INV_X16)
    27  144.38    0.01    0.02    2.21 ^ _05369_/ZN (INV_X16)
                                         commit_ack[0] (net)
                  0.05    0.04    2.25 ^ csr_regfile_i/_08259_/A (INV_X4)
     4   27.08    0.02    0.02    2.27 v csr_regfile_i/_08259_/ZN (INV_X4)
                                         csr_regfile_i/_03143_ (net)
                  0.02    0.00    2.27 v csr_regfile_i/_12909_/A1 (NOR2_X4)
    11   46.41    0.05    0.07    2.34 ^ csr_regfile_i/_12909_/ZN (NOR2_X4)
                                         csr_regfile_i/_07057_ (net)
                  0.06    0.01    2.35 ^ csr_regfile_i/_12916_/A1 (NOR2_X1)
     1    1.77    0.01    0.01    2.36 v csr_regfile_i/_12916_/ZN (NOR2_X1)
                                         csr_regfile_i/_07063_ (net)
                  0.01    0.00    2.36 v csr_regfile_i/_12921_/A (OAI21_X1)
     2    4.14    0.03    0.03    2.38 ^ csr_regfile_i/_12921_/ZN (OAI21_X1)
                                         csr_regfile_i/_07068_ (net)
                  0.03    0.00    2.38 ^ csr_regfile_i/_15194_/A2 (NAND2_X1)
     1    5.97    0.03    0.03    2.41 v csr_regfile_i/_15194_/ZN (NAND2_X1)
                                         csr_regfile_i/_02616_ (net)
                  0.03    0.00    2.41 v csr_regfile_i/_15195_/A (OAI21_X4)
    19   92.23    0.10    0.06    2.47 ^ csr_regfile_i/_15195_/ZN (OAI21_X4)
                                         controller_i.set_debug_pc_i (net)
                  0.10    0.00    2.48 ^ _05359_/A2 (NOR3_X2)
     1    6.00    0.02    0.02    2.49 v _05359_/ZN (NOR3_X2)
                                         _00631_ (net)
                  0.02    0.00    2.49 v _05360_/A2 (NAND2_X4)
    10   51.03    0.03    0.05    2.54 ^ _05360_/ZN (NAND2_X4)
                                         controller_i.flush_ex_o (net)
                  0.03    0.00    2.54 ^ max_length671/A (BUF_X16)
    24  116.10    0.01    0.03    2.57 ^ max_length671/Z (BUF_X16)
                                         net671 (net)
                  0.01    0.01    2.58 ^ max_length670/A (BUF_X32)
    20  112.50    0.01    0.02    2.60 ^ max_length670/Z (BUF_X32)
                                         net670 (net)
                  0.07    0.06    2.66 ^ ex_stage_i/_53328_/A (INV_X8)
     8   68.46    0.02    0.02    2.68 v ex_stage_i/_53328_/ZN (INV_X8)
                                         ex_stage_i/_07624_ (net)
                  0.03    0.02    2.70 v ex_stage_i/_59014_/A (OAI21_X4)
     2   13.77    0.03    0.04    2.74 ^ ex_stage_i/_59014_/ZN (OAI21_X4)
                                         ex_stage_i/_11162_ (net)
                  0.03    0.00    2.74 ^ ex_stage_i/_59015_/A2 (NAND2_X4)
    10   32.32    0.02    0.03    2.77 v ex_stage_i/_59015_/ZN (NAND2_X4)
                                         ex_stage_i/_11163_ (net)
                  0.02    0.00    2.77 v ex_stage_i/_60179_/A2 (AND2_X4)
    11   55.27    0.02    0.05    2.82 v ex_stage_i/_60179_/ZN (AND2_X4)
                                         ex_stage_i/_12321_ (net)
                  0.02    0.01    2.82 v ex_stage_i/_62285_/S (MUX2_X2)
    23  100.95    0.11    0.17    3.00 ^ ex_stage_i/_62285_/Z (MUX2_X2)
                                         flu_trans_id_ex_id[2] (net)
                  0.11    0.01    3.01 ^ issue_stage_i.i_scoreboard/_39712_/A (INV_X8)
    17   60.49    0.03    0.03    3.04 v issue_stage_i.i_scoreboard/_39712_/ZN (INV_X8)
                                         issue_stage_i.i_scoreboard/_08490_ (net)
                  0.03    0.00    3.04 v issue_stage_i.i_scoreboard/_56920_/S (MUX2_X1)
     1    3.71    0.01    0.06    3.11 v issue_stage_i.i_scoreboard/_56920_/Z (MUX2_X1)
                                         issue_stage_i.i_scoreboard/_23384_ (net)
                  0.01    0.00    3.11 v issue_stage_i.i_scoreboard/_56921_/B2 (AOI221_X2)
     1    7.11    0.05    0.09    3.20 ^ issue_stage_i.i_scoreboard/_56921_/ZN (AOI221_X2)
                                         issue_stage_i.i_scoreboard/_23385_ (net)
                  0.05    0.00    3.20 ^ issue_stage_i.i_scoreboard/_56924_/A2 (OAI22_X4)
     3   11.80    0.02    0.03    3.23 v issue_stage_i.i_scoreboard/_56924_/ZN (OAI22_X4)
                                         issue_stage_i.i_scoreboard/_23388_ (net)
                  0.02    0.00    3.23 v issue_stage_i.i_scoreboard/_58184_/B (XNOR2_X1)
     1    2.75    0.02    0.05    3.28 v issue_stage_i.i_scoreboard/_58184_/ZN (XNOR2_X1)
                                         issue_stage_i.i_scoreboard/_24583_ (net)
                  0.02    0.00    3.28 v issue_stage_i.i_scoreboard/_58187_/A1 (NOR3_X2)
     2    8.57    0.04    0.06    3.34 ^ issue_stage_i.i_scoreboard/_58187_/ZN (NOR3_X2)
                                         issue_stage_i.i_scoreboard/_24586_ (net)
                  0.04    0.00    3.34 ^ issue_stage_i.i_scoreboard/_58199_/A (OAI211_X4)
    14   44.09    0.04    0.06    3.40 v issue_stage_i.i_scoreboard/_58199_/ZN (OAI211_X4)
                                         issue_stage_i.i_scoreboard/_24598_ (net)
                  0.04    0.01    3.41 v issue_stage_i.i_scoreboard/_58373_/B1 (OAI21_X4)
     3   16.58    0.03    0.05    3.46 ^ issue_stage_i.i_scoreboard/_58373_/ZN (OAI21_X4)
                                         issue_stage_i.i_scoreboard/_24771_ (net)
                  0.03    0.00    3.46 ^ issue_stage_i.i_scoreboard/_58518_/A2 (AND2_X4)
    21   69.15    0.04    0.07    3.53 ^ issue_stage_i.i_scoreboard/_58518_/ZN (AND2_X4)
                                         issue_stage_i.i_scoreboard/_24912_ (net)
                  0.04    0.00    3.54 ^ issue_stage_i.i_scoreboard/_59524_/B2 (OAI21_X2)
     1    8.07    0.02    0.03    3.57 v issue_stage_i.i_scoreboard/_59524_/ZN (OAI21_X2)
                                         issue_stage_i.i_scoreboard/_25859_ (net)
                  0.02    0.00    3.57 v issue_stage_i.i_scoreboard/_59536_/B1 (AOI22_X4)
     2   14.53    0.03    0.06    3.63 ^ issue_stage_i.i_scoreboard/_59536_/ZN (AOI22_X4)
                                         issue_stage_i.rs2_valid_iro_sb (net)
                  0.03    0.00    3.63 ^ issue_stage_i.i_issue_read_operands/_15612_/A (INV_X2)
     2    7.04    0.01    0.01    3.64 v issue_stage_i.i_issue_read_operands/_15612_/ZN (INV_X2)
                                         issue_stage_i.i_issue_read_operands/_12338_ (net)
                  0.01    0.00    3.64 v issue_stage_i.i_issue_read_operands/_15613_/A1 (AND2_X1)
     2   10.03    0.01    0.04    3.69 v issue_stage_i.i_issue_read_operands/_15613_/ZN (AND2_X1)
                                         issue_stage_i.i_issue_read_operands/_12339_ (net)
                  0.01    0.00    3.69 v issue_stage_i.i_issue_read_operands/_15614_/A4 (OR4_X4)
    10   41.95    0.02    0.12    3.81 v issue_stage_i.i_issue_read_operands/_15614_/ZN (OR4_X4)
                                         issue_stage_i.i_issue_read_operands/_12340_ (net)
                  0.03    0.02    3.83 v issue_stage_i.i_issue_read_operands/_15616_/B2 (AOI21_X4)
     6   13.31    0.03    0.05    3.88 ^ issue_stage_i.i_issue_read_operands/_15616_/ZN (AOI21_X4)
                                         issue_stage_i.issue_ack_iro_sb (net)
                  0.03    0.00    3.88 ^ issue_stage_i.i_scoreboard/_29719_/A2 (AND2_X1)
     1    6.32    0.02    0.05    3.93 ^ issue_stage_i.i_scoreboard/_29719_/ZN (AND2_X1)
                                         issue_stage_i.i_scoreboard/_26034_ (net)
                  0.02    0.00    3.93 ^ issue_stage_i.i_scoreboard/_29720_/A4 (NAND4_X4)
    28  135.93    0.11    0.14    4.07 v issue_stage_i.i_scoreboard/_29720_/ZN (NAND4_X4)
                                         issue_stage_i.i_scoreboard/_26035_ (net)
                  0.11    0.00    4.07 v max_length634/A (BUF_X32)
    33  123.74    0.01    0.06    4.12 v max_length634/Z (BUF_X32)
                                         net634 (net)
                  0.01    0.01    4.13 v max_length629/A (BUF_X32)
    44  150.13    0.01    0.03    4.16 v max_length629/Z (BUF_X32)
                                         net629 (net)
                  0.01    0.01    4.16 v issue_stage_i.i_scoreboard/_29721_/S (MUX2_X2)
     3   10.10    0.02    0.07    4.23 ^ issue_stage_i.i_scoreboard/_29721_/Z (MUX2_X2)
                                         issue_stage_i.i_scoreboard/_26036_ (net)
                  0.02    0.00    4.23 ^ issue_stage_i.i_scoreboard/_40948_/B2 (OAI221_X2)
     2    2.44    0.02    0.03    4.26 v issue_stage_i.i_scoreboard/_40948_/ZN (OAI221_X2)
                                         issue_stage_i.i_scoreboard/_09582_ (net)
                  0.02    0.00    4.26 v issue_stage_i.i_scoreboard/_40971_/A1 (OR4_X1)
     2    5.33    0.02    0.10    4.36 v issue_stage_i.i_scoreboard/_40971_/ZN (OR4_X1)
                                         issue_stage_i.i_scoreboard/_09605_ (net)
                  0.02    0.00    4.36 v issue_stage_i.i_scoreboard/_40972_/A2 (AND2_X1)
     1    3.97    0.01    0.04    4.40 v issue_stage_i.i_scoreboard/_40972_/ZN (AND2_X1)
                                         issue_stage_i.i_scoreboard/_09606_ (net)
                  0.01    0.00    4.40 v issue_stage_i.i_scoreboard/_41017_/B2 (OAI221_X2)
     3   29.85    0.10    0.12    4.52 ^ issue_stage_i.i_scoreboard/_41017_/ZN (OAI221_X2)
                                         issue_stage_i.i_scoreboard/_09651_ (net)
                  0.10    0.01    4.53 ^ max_cap487/A (BUF_X8)
     6   42.16    0.02    0.04    4.57 ^ max_cap487/Z (BUF_X8)
                                         net487 (net)
                  0.02    0.00    4.57 ^ issue_stage_i.i_scoreboard/_41047_/A2 (NAND3_X4)
    66  189.73    0.11    0.10    4.66 v issue_stage_i.i_scoreboard/_41047_/ZN (NAND3_X4)
                                         issue_stage_i.i_scoreboard/_09681_ (net)
                  0.13    0.05    4.71 v issue_stage_i.i_scoreboard/_41245_/A (OAI21_X4)
    33   98.90    0.12    0.13    4.84 ^ issue_stage_i.i_scoreboard/_41245_/ZN (OAI21_X4)
                                         issue_stage_i.i_scoreboard/_09879_ (net)
                  0.12    0.00    4.84 ^ max_length462/A (BUF_X16)
    32   88.15    0.01    0.03    4.87 ^ max_length462/Z (BUF_X16)
                                         net462 (net)
                  0.04    0.03    4.90 ^ issue_stage_i.i_scoreboard/_41934_/A (AOI21_X1)
     1    2.67    0.01    0.02    4.92 v issue_stage_i.i_scoreboard/_41934_/ZN (AOI21_X1)
                                         issue_stage_i.i_scoreboard/_10509_ (net)
                  0.01    0.00    4.92 v issue_stage_i.i_scoreboard/_41941_/B1 (AOI221_X1)
     1    1.79    0.04    0.07    4.99 ^ issue_stage_i.i_scoreboard/_41941_/ZN (AOI221_X1)
                                         issue_stage_i.i_scoreboard/mem_n[1277] (net)
                  0.04    0.00    4.99 ^ issue_stage_i.i_scoreboard/mem_q[1277]$_DFF_PN0_/D (DFFR_X2)
                                  4.99   data arrival time

                  0.00    4.00    4.00   clock core_clock (rise edge)
                          0.00    4.00   clock network delay (ideal)
                          0.00    4.00   clock reconvergence pessimism
                                  4.00 ^ issue_stage_i.i_scoreboard/mem_q[1277]$_DFF_PN0_/CK (DFFR_X2)
                         -0.04    3.96   library setup time
                                  3.96   data required time
-----------------------------------------------------------------------------
                                  3.96   data required time
                                 -4.99   data arrival time
-----------------------------------------------------------------------------
                                 -1.04   slack (VIOLATED)



==========================================================================
resizer report_checks -unconstrained
--------------------------------------------------------------------------
Startpoint: issue_stage_i.i_scoreboard/commit_pointer_q[1]$_DFF_PN0_
            (rising edge-triggered flip-flop clocked by core_clock)
Endpoint: issue_stage_i.i_scoreboard/mem_q[1277]$_DFF_PN0_
          (rising edge-triggered flip-flop clocked by core_clock)
Path Group: core_clock
Path Type: max

Fanout     Cap    Slew   Delay    Time   Description
-----------------------------------------------------------------------------
                  0.00    0.00    0.00   clock core_clock (rise edge)
                          0.00    0.00   clock network delay (ideal)
                  0.00    0.00    0.00 ^ issue_stage_i.i_scoreboard/commit_pointer_q[1]$_DFF_PN0_/CK (DFFR_X2)
     3    8.96    0.02    0.08    0.08 ^ issue_stage_i.i_scoreboard/commit_pointer_q[1]$_DFF_PN0_/QN (DFFR_X2)
                                         issue_stage_i.i_scoreboard/_29684_ (net)
                  0.02    0.00    0.08 ^ issue_stage_i.i_scoreboard/_59703_/B (HA_X1)
     6   39.75    0.09    0.13    0.21 ^ issue_stage_i.i_scoreboard/_59703_/CO (HA_X1)
                                         issue_stage_i.i_scoreboard/_29685_ (net)
                  0.09    0.00    0.21 ^ max_cap3764/A (BUF_X8)
    11   56.23    0.02    0.04    0.25 ^ max_cap3764/Z (BUF_X8)
                                         net3764 (net)
                  0.02    0.01    0.26 ^ max_cap3763/A (BUF_X8)
    11   58.76    0.02    0.04    0.30 ^ max_cap3763/Z (BUF_X8)
                                         net3763 (net)
                  0.02    0.00    0.30 ^ max_cap3762/A (BUF_X16)
    11   50.54    0.01    0.02    0.32 ^ max_cap3762/Z (BUF_X16)
                                         net3762 (net)
                  0.01    0.01    0.33 ^ issue_stage_i.i_scoreboard/_30984_/A2 (AND2_X4)
    53  190.15    0.10    0.13    0.46 ^ issue_stage_i.i_scoreboard/_30984_/ZN (AND2_X4)
                                         issue_stage_i.i_scoreboard/_26457_ (net)
                  0.10    0.01    0.47 ^ max_length3322/A (BUF_X32)
    69  211.36    0.01    0.03    0.50 ^ max_length3322/Z (BUF_X32)
                                         net3322 (net)
                  0.07    0.06    0.56 ^ max_length3321/A (BUF_X32)
    56  184.23    0.01    0.03    0.59 ^ max_length3321/Z (BUF_X32)
                                         net3321 (net)
                  0.04    0.03    0.62 ^ max_length3320/A (BUF_X32)
    57  129.49    0.01    0.03    0.65 ^ max_length3320/Z (BUF_X32)
                                         net3320 (net)
                  0.05    0.04    0.69 ^ issue_stage_i.i_scoreboard/_33823_/B2 (OAI21_X1)
     1    1.42    0.02    0.02    0.71 v issue_stage_i.i_scoreboard/_33823_/ZN (OAI21_X1)
                                         issue_stage_i.i_scoreboard/_03139_ (net)
                  0.02    0.00    0.71 v issue_stage_i.i_scoreboard/_33824_/A (MUX2_X1)
     1    1.81    0.01    0.06    0.77 v issue_stage_i.i_scoreboard/_33824_/Z (MUX2_X1)
                                         issue_stage_i.i_scoreboard/_03140_ (net)
                  0.01    0.00    0.77 v issue_stage_i.i_scoreboard/_33825_/B (MUX2_X1)
     1    1.55    0.01    0.06    0.83 v issue_stage_i.i_scoreboard/_33825_/Z (MUX2_X1)
                                         issue_stage_i.i_scoreboard/_03141_ (net)
                  0.01    0.00    0.83 v issue_stage_i.i_scoreboard/_33826_/B (MUX2_X1)
     1    2.06    0.01    0.06    0.89 v issue_stage_i.i_scoreboard/_33826_/Z (MUX2_X1)
                                         issue_stage_i.i_scoreboard/_03142_ (net)
                  0.01    0.00    0.89 v issue_stage_i.i_scoreboard/_33827_/B (MUX2_X2)
     8   33.37    0.02    0.08    0.97 v issue_stage_i.i_scoreboard/_33827_/Z (MUX2_X2)
                                         commit_instr_id_commit[284] (net)
                  0.03    0.01    0.98 v _05278_/A2 (NAND2_X1)
     1    2.09    0.01    0.03    1.00 ^ _05278_/ZN (NAND2_X1)
                                         _00557_ (net)
                  0.01    0.00    1.00 ^ _05279_/A3 (NAND3_X1)
     1    3.71    0.02    0.03    1.03 v _05279_/ZN (NAND3_X1)
                                         _00558_ (net)
                  0.02    0.00    1.03 v _05280_/A4 (NOR4_X2)
     1    6.36    0.06    0.10    1.13 ^ _05280_/ZN (NOR4_X2)
                                         _00559_ (net)
                  0.06    0.00    1.13 ^ _05285_/A (AOI21_X4)
     5   19.32    0.02    0.03    1.15 v _05285_/ZN (AOI21_X4)
                                         _00564_ (net)
                  0.02    0.00    1.15 v _05326_/A2 (NOR2_X2)
     4   12.19    0.03    0.06    1.21 ^ _05326_/ZN (NOR2_X2)
                                         _00600_ (net)
                  0.03    0.00    1.21 ^ _05327_/A (INV_X1)
     1    6.37    0.01    0.02    1.23 v _05327_/ZN (INV_X1)
                                         _00601_ (net)
                  0.01    0.00    1.23 v _05328_/B2 (AOI21_X4)
     4   19.73    0.04    0.05    1.28 ^ _05328_/ZN (AOI21_X4)
                                         _00602_ (net)
                  0.04    0.00    1.28 ^ _09284_/A1 (NAND2_X4)
    10   58.24    0.03    0.05    1.33 v _09284_/ZN (NAND2_X4)
                                         _03781_ (net)
                  0.03    0.00    1.33 v max_cap2088/A (BUF_X32)
    60  222.79    0.01    0.04    1.37 v max_cap2088/Z (BUF_X32)
                                         net2088 (net)
                  0.02    0.02    1.38 v _09285_/A (INV_X32)
    68  169.85    0.01    0.03    1.41 ^ _09285_/ZN (INV_X32)
                                         _03782_ (net)
                  0.02    0.01    1.42 ^ _09295_/A2 (AND2_X2)
     4   13.11    0.02    0.05    1.46 ^ _09295_/ZN (AND2_X2)
                                         commit_stage_i.csr_op_o[3] (net)
                  0.02    0.00    1.46 ^ csr_regfile_i/_07827_/A3 (NOR4_X2)
     2    5.51    0.01    0.02    1.48 v csr_regfile_i/_07827_/ZN (NOR4_X2)
                                         csr_regfile_i/_02716_ (net)
                  0.01    0.00    1.48 v csr_regfile_i/_07828_/A2 (AND2_X2)
     3   15.11    0.01    0.04    1.52 v csr_regfile_i/_07828_/ZN (AND2_X2)
                                         csr_regfile_i/_02717_ (net)
                  0.01    0.00    1.52 v csr_regfile_i/_10263_/A (AOI21_X4)
     5   34.80    0.05    0.07    1.59 ^ csr_regfile_i/_10263_/ZN (AOI21_X4)
                                         csr_regfile_i/_05087_ (net)
                  0.05    0.00    1.60 ^ csr_regfile_i/_10264_/A2 (NOR2_X4)
     6   19.34    0.02    0.02    1.62 v csr_regfile_i/_10264_/ZN (NOR2_X4)
                                         csr_regfile_i/_05088_ (net)
                  0.02    0.00    1.62 v csr_regfile_i/_10265_/C2 (AOI211_X2)
     7   25.90    0.11    0.14    1.76 ^ csr_regfile_i/_10265_/ZN (AOI211_X2)
                                         commit_stage_i.csr_exception_i[128] (net)
                  0.11    0.00    1.76 ^ _05345_/A2 (NAND2_X1)
     1    3.69    0.02    0.03    1.79 v _05345_/ZN (NAND2_X1)
                                         _00618_ (net)
                  0.02    0.00    1.79 v _05346_/A2 (OR2_X4)
    65  120.22    0.03    0.09    1.88 v _05346_/ZN (OR2_X4)
                                         _00619_ (net)
                  0.03    0.00    1.88 v _05347_/B1 (OAI21_X4)
     5   21.39    0.04    0.06    1.94 ^ _05347_/ZN (OAI21_X4)
                                         _00620_ (net)
                  0.04    0.00    1.94 ^ _05348_/A2 (AND2_X4)
    18  166.58    0.08    0.11    2.05 ^ _05348_/ZN (AND2_X4)
                                         commit_stage_i.N5 (net)
                  0.08    0.00    2.05 ^ _05364_/A2 (NOR4_X2)
     1    5.71    0.02    0.02    2.07 v _05364_/ZN (NOR4_X2)
                                         _00634_ (net)
                  0.02    0.00    2.07 v _05366_/A3 (NOR4_X4)
     1    6.62    0.04    0.08    2.15 ^ _05366_/ZN (NOR4_X4)
                                         _00636_ (net)
                  0.04    0.00    2.15 ^ _05368_/B1 (OAI21_X4)
     2   29.22    0.02    0.04    2.19 v _05368_/ZN (OAI21_X4)
                                         _00638_ (net)
                  0.02    0.00    2.19 v _05369_/A (INV_X16)
    27  144.38    0.01    0.02    2.21 ^ _05369_/ZN (INV_X16)
                                         commit_ack[0] (net)
                  0.05    0.04    2.25 ^ csr_regfile_i/_08259_/A (INV_X4)
     4   27.08    0.02    0.02    2.27 v csr_regfile_i/_08259_/ZN (INV_X4)
                                         csr_regfile_i/_03143_ (net)
                  0.02    0.00    2.27 v csr_regfile_i/_12909_/A1 (NOR2_X4)
    11   46.41    0.05    0.07    2.34 ^ csr_regfile_i/_12909_/ZN (NOR2_X4)
                                         csr_regfile_i/_07057_ (net)
                  0.06    0.01    2.35 ^ csr_regfile_i/_12916_/A1 (NOR2_X1)
     1    1.77    0.01    0.01    2.36 v csr_regfile_i/_12916_/ZN (NOR2_X1)
                                         csr_regfile_i/_07063_ (net)
                  0.01    0.00    2.36 v csr_regfile_i/_12921_/A (OAI21_X1)
     2    4.14    0.03    0.03    2.38 ^ csr_regfile_i/_12921_/ZN (OAI21_X1)
                                         csr_regfile_i/_07068_ (net)
                  0.03    0.00    2.38 ^ csr_regfile_i/_15194_/A2 (NAND2_X1)
     1    5.97    0.03    0.03    2.41 v csr_regfile_i/_15194_/ZN (NAND2_X1)
                                         csr_regfile_i/_02616_ (net)
                  0.03    0.00    2.41 v csr_regfile_i/_15195_/A (OAI21_X4)
    19   92.23    0.10    0.06    2.47 ^ csr_regfile_i/_15195_/ZN (OAI21_X4)
                                         controller_i.set_debug_pc_i (net)
                  0.10    0.00    2.48 ^ _05359_/A2 (NOR3_X2)
     1    6.00    0.02    0.02    2.49 v _05359_/ZN (NOR3_X2)
                                         _00631_ (net)
                  0.02    0.00    2.49 v _05360_/A2 (NAND2_X4)
    10   51.03    0.03    0.05    2.54 ^ _05360_/ZN (NAND2_X4)
                                         controller_i.flush_ex_o (net)
                  0.03    0.00    2.54 ^ max_length671/A (BUF_X16)
    24  116.10    0.01    0.03    2.57 ^ max_length671/Z (BUF_X16)
                                         net671 (net)
                  0.01    0.01    2.58 ^ max_length670/A (BUF_X32)
    20  112.50    0.01    0.02    2.60 ^ max_length670/Z (BUF_X32)
                                         net670 (net)
                  0.07    0.06    2.66 ^ ex_stage_i/_53328_/A (INV_X8)
     8   68.46    0.02    0.02    2.68 v ex_stage_i/_53328_/ZN (INV_X8)
                                         ex_stage_i/_07624_ (net)
                  0.03    0.02    2.70 v ex_stage_i/_59014_/A (OAI21_X4)
     2   13.77    0.03    0.04    2.74 ^ ex_stage_i/_59014_/ZN (OAI21_X4)
                                         ex_stage_i/_11162_ (net)
                  0.03    0.00    2.74 ^ ex_stage_i/_59015_/A2 (NAND2_X4)
    10   32.32    0.02    0.03    2.77 v ex_stage_i/_59015_/ZN (NAND2_X4)
                                         ex_stage_i/_11163_ (net)
                  0.02    0.00    2.77 v ex_stage_i/_60179_/A2 (AND2_X4)
    11   55.27    0.02    0.05    2.82 v ex_stage_i/_60179_/ZN (AND2_X4)
                                         ex_stage_i/_12321_ (net)
                  0.02    0.01    2.82 v ex_stage_i/_62285_/S (MUX2_X2)
    23  100.95    0.11    0.17    3.00 ^ ex_stage_i/_62285_/Z (MUX2_X2)
                                         flu_trans_id_ex_id[2] (net)
                  0.11    0.01    3.01 ^ issue_stage_i.i_scoreboard/_39712_/A (INV_X8)
    17   60.49    0.03    0.03    3.04 v issue_stage_i.i_scoreboard/_39712_/ZN (INV_X8)
                                         issue_stage_i.i_scoreboard/_08490_ (net)
                  0.03    0.00    3.04 v issue_stage_i.i_scoreboard/_56920_/S (MUX2_X1)
     1    3.71    0.01    0.06    3.11 v issue_stage_i.i_scoreboard/_56920_/Z (MUX2_X1)
                                         issue_stage_i.i_scoreboard/_23384_ (net)
                  0.01    0.00    3.11 v issue_stage_i.i_scoreboard/_56921_/B2 (AOI221_X2)
     1    7.11    0.05    0.09    3.20 ^ issue_stage_i.i_scoreboard/_56921_/ZN (AOI221_X2)
                                         issue_stage_i.i_scoreboard/_23385_ (net)
                  0.05    0.00    3.20 ^ issue_stage_i.i_scoreboard/_56924_/A2 (OAI22_X4)
     3   11.80    0.02    0.03    3.23 v issue_stage_i.i_scoreboard/_56924_/ZN (OAI22_X4)
                                         issue_stage_i.i_scoreboard/_23388_ (net)
                  0.02    0.00    3.23 v issue_stage_i.i_scoreboard/_58184_/B (XNOR2_X1)
     1    2.75    0.02    0.05    3.28 v issue_stage_i.i_scoreboard/_58184_/ZN (XNOR2_X1)
                                         issue_stage_i.i_scoreboard/_24583_ (net)
                  0.02    0.00    3.28 v issue_stage_i.i_scoreboard/_58187_/A1 (NOR3_X2)
     2    8.57    0.04    0.06    3.34 ^ issue_stage_i.i_scoreboard/_58187_/ZN (NOR3_X2)
                                         issue_stage_i.i_scoreboard/_24586_ (net)
                  0.04    0.00    3.34 ^ issue_stage_i.i_scoreboard/_58199_/A (OAI211_X4)
    14   44.09    0.04    0.06    3.40 v issue_stage_i.i_scoreboard/_58199_/ZN (OAI211_X4)
                                         issue_stage_i.i_scoreboard/_24598_ (net)
                  0.04    0.01    3.41 v issue_stage_i.i_scoreboard/_58373_/B1 (OAI21_X4)
     3   16.58    0.03    0.05    3.46 ^ issue_stage_i.i_scoreboard/_58373_/ZN (OAI21_X4)
                                         issue_stage_i.i_scoreboard/_24771_ (net)
                  0.03    0.00    3.46 ^ issue_stage_i.i_scoreboard/_58518_/A2 (AND2_X4)
    21   69.15    0.04    0.07    3.53 ^ issue_stage_i.i_scoreboard/_58518_/ZN (AND2_X4)
                                         issue_stage_i.i_scoreboard/_24912_ (net)
                  0.04    0.00    3.54 ^ issue_stage_i.i_scoreboard/_59524_/B2 (OAI21_X2)
     1    8.07    0.02    0.03    3.57 v issue_stage_i.i_scoreboard/_59524_/ZN (OAI21_X2)
                                         issue_stage_i.i_scoreboard/_25859_ (net)
                  0.02    0.00    3.57 v issue_stage_i.i_scoreboard/_59536_/B1 (AOI22_X4)
     2   14.53    0.03    0.06    3.63 ^ issue_stage_i.i_scoreboard/_59536_/ZN (AOI22_X4)
                                         issue_stage_i.rs2_valid_iro_sb (net)
                  0.03    0.00    3.63 ^ issue_stage_i.i_issue_read_operands/_15612_/A (INV_X2)
     2    7.04    0.01    0.01    3.64 v issue_stage_i.i_issue_read_operands/_15612_/ZN (INV_X2)
                                         issue_stage_i.i_issue_read_operands/_12338_ (net)
                  0.01    0.00    3.64 v issue_stage_i.i_issue_read_operands/_15613_/A1 (AND2_X1)
     2   10.03    0.01    0.04    3.69 v issue_stage_i.i_issue_read_operands/_15613_/ZN (AND2_X1)
                                         issue_stage_i.i_issue_read_operands/_12339_ (net)
                  0.01    0.00    3.69 v issue_stage_i.i_issue_read_operands/_15614_/A4 (OR4_X4)
    10   41.95    0.02    0.12    3.81 v issue_stage_i.i_issue_read_operands/_15614_/ZN (OR4_X4)
                                         issue_stage_i.i_issue_read_operands/_12340_ (net)
                  0.03    0.02    3.83 v issue_stage_i.i_issue_read_operands/_15616_/B2 (AOI21_X4)
     6   13.31    0.03    0.05    3.88 ^ issue_stage_i.i_issue_read_operands/_15616_/ZN (AOI21_X4)
                                         issue_stage_i.issue_ack_iro_sb (net)
                  0.03    0.00    3.88 ^ issue_stage_i.i_scoreboard/_29719_/A2 (AND2_X1)
     1    6.32    0.02    0.05    3.93 ^ issue_stage_i.i_scoreboard/_29719_/ZN (AND2_X1)
                                         issue_stage_i.i_scoreboard/_26034_ (net)
                  0.02    0.00    3.93 ^ issue_stage_i.i_scoreboard/_29720_/A4 (NAND4_X4)
    28  135.93    0.11    0.14    4.07 v issue_stage_i.i_scoreboard/_29720_/ZN (NAND4_X4)
                                         issue_stage_i.i_scoreboard/_26035_ (net)
                  0.11    0.00    4.07 v max_length634/A (BUF_X32)
    33  123.74    0.01    0.06    4.12 v max_length634/Z (BUF_X32)
                                         net634 (net)
                  0.01    0.01    4.13 v max_length629/A (BUF_X32)
    44  150.13    0.01    0.03    4.16 v max_length629/Z (BUF_X32)
                                         net629 (net)
                  0.01    0.01    4.16 v issue_stage_i.i_scoreboard/_29721_/S (MUX2_X2)
     3   10.10    0.02    0.07    4.23 ^ issue_stage_i.i_scoreboard/_29721_/Z (MUX2_X2)
                                         issue_stage_i.i_scoreboard/_26036_ (net)
                  0.02    0.00    4.23 ^ issue_stage_i.i_scoreboard/_40948_/B2 (OAI221_X2)
     2    2.44    0.02    0.03    4.26 v issue_stage_i.i_scoreboard/_40948_/ZN (OAI221_X2)
                                         issue_stage_i.i_scoreboard/_09582_ (net)
                  0.02    0.00    4.26 v issue_stage_i.i_scoreboard/_40971_/A1 (OR4_X1)
     2    5.33    0.02    0.10    4.36 v issue_stage_i.i_scoreboard/_40971_/ZN (OR4_X1)
                                         issue_stage_i.i_scoreboard/_09605_ (net)
                  0.02    0.00    4.36 v issue_stage_i.i_scoreboard/_40972_/A2 (AND2_X1)
     1    3.97    0.01    0.04    4.40 v issue_stage_i.i_scoreboard/_40972_/ZN (AND2_X1)
                                         issue_stage_i.i_scoreboard/_09606_ (net)
                  0.01    0.00    4.40 v issue_stage_i.i_scoreboard/_41017_/B2 (OAI221_X2)
     3   29.85    0.10    0.12    4.52 ^ issue_stage_i.i_scoreboard/_41017_/ZN (OAI221_X2)
                                         issue_stage_i.i_scoreboard/_09651_ (net)
                  0.10    0.01    4.53 ^ max_cap487/A (BUF_X8)
     6   42.16    0.02    0.04    4.57 ^ max_cap487/Z (BUF_X8)
                                         net487 (net)
                  0.02    0.00    4.57 ^ issue_stage_i.i_scoreboard/_41047_/A2 (NAND3_X4)
    66  189.73    0.11    0.10    4.66 v issue_stage_i.i_scoreboard/_41047_/ZN (NAND3_X4)
                                         issue_stage_i.i_scoreboard/_09681_ (net)
                  0.13    0.05    4.71 v issue_stage_i.i_scoreboard/_41245_/A (OAI21_X4)
    33   98.90    0.12    0.13    4.84 ^ issue_stage_i.i_scoreboard/_41245_/ZN (OAI21_X4)
                                         issue_stage_i.i_scoreboard/_09879_ (net)
                  0.12    0.00    4.84 ^ max_length462/A (BUF_X16)
    32   88.15    0.01    0.03    4.87 ^ max_length462/Z (BUF_X16)
                                         net462 (net)
                  0.04    0.03    4.90 ^ issue_stage_i.i_scoreboard/_41934_/A (AOI21_X1)
     1    2.67    0.01    0.02    4.92 v issue_stage_i.i_scoreboard/_41934_/ZN (AOI21_X1)
                                         issue_stage_i.i_scoreboard/_10509_ (net)
                  0.01    0.00    4.92 v issue_stage_i.i_scoreboard/_41941_/B1 (AOI221_X1)
     1    1.79    0.04    0.07    4.99 ^ issue_stage_i.i_scoreboard/_41941_/ZN (AOI221_X1)
                                         issue_stage_i.i_scoreboard/mem_n[1277] (net)
                  0.04    0.00    4.99 ^ issue_stage_i.i_scoreboard/mem_q[1277]$_DFF_PN0_/D (DFFR_X2)
                                  4.99   data arrival time

                  0.00    4.00    4.00   clock core_clock (rise edge)
                          0.00    4.00   clock network delay (ideal)
                          0.00    4.00   clock reconvergence pessimism
                                  4.00 ^ issue_stage_i.i_scoreboard/mem_q[1277]$_DFF_PN0_/CK (DFFR_X2)
                         -0.04    3.96   library setup time
                                  3.96   data required time
-----------------------------------------------------------------------------
                                  3.96   data required time
                                 -4.99   data arrival time
-----------------------------------------------------------------------------
                                 -1.04   slack (VIOLATED)



==========================================================================
resizer report_check_types -max_slew -max_cap -max_fanout -violators
--------------------------------------------------------------------------
max capacitance

Pin                                    Limit     Cap   Slack
------------------------------------------------------------
i_frontend/_33379_/ZN                 101.01  116.28  -15.26 (VIOLATED)
ex_stage_i/lsu_i.i_mmu/_12466_/ZN     106.81  120.42  -13.61 (VIOLATED)
i_cache_subsystem.i_nbdcache/_3160_/ZN  106.81  115.45   -8.64 (VIOLATED)
i_cache_subsystem.i_nbdcache/i_miss_handler/_16279_/ZN   63.32   69.77   -6.45 (VIOLATED)
i_frontend/_33127_/ZN                  41.50   45.17   -3.66 (VIOLATED)
i_frontend/_33751_/ZN                 106.81  110.41   -3.59 (VIOLATED)
ex_stage_i/_71794_/CO                  60.58   64.04   -3.46 (VIOLATED)
i_frontend/_33078_/ZN                  63.32   64.81   -1.48 (VIOLATED)

