OpenROAD e69d93ffb92e02e755ed4277376296f3deaaa8d9 
Features included (+) or not (-): +GPU +GUI +Python
This program is licensed under the BSD-3 license. See the LICENSE file for details.
Components of this program may be licensed under more restrictive licenses which must be honored.
[INFO ORD-0030] Using 8 thread(s).
source /home/fetzfs_projects/MLBuf/flows/OpenROAD-flow-scripts/flow/platforms/nangate45/setRC.tcl
Placement Analysis
---------------------------------
total displacement      18229.4 u
average displacement        1.1 u
max displacement            9.6 u
original HPWL          182603.8 u
legalized HPWL         200605.2 u
delta HPWL                   10 %

Detailed placement improvement.
Importing netlist into detailed improver.
[INFO DPO-0100] Creating network with 15907 cells, 264 terminals, 18144 edges, 59974 pins, and 0 blockages.
[INFO DPO-0109] Network stats: inst 16171, edges 18144, pins 59974
[INFO DPO-0110] Number of regions is 1
[INFO DPO-0401] Setting random seed to 1.
[INFO DPO-0402] Setting maximum displacement 5 1 to 14000 2800 units.
[INFO DPO-0320] Collected 690 fixed cells.
[INFO DPO-0318] Collected 15481 single height cells.
[INFO DPO-0321] Collected 0 wide cells.
[INFO DPO-0322] Image (2280, 2800) - (480320, 478800)
[INFO DPO-0310] Assigned 15481 cells into segments.  Movement in X-direction is 0.000000, movement in Y-direction is 0.000000.
[INFO DPO-0313] Found 0 cells in wrong regions.
[INFO DPO-0315] Found 0 row alignment problems.
[INFO DPO-0314] Found 0 site alignment problems.
[INFO DPO-0311] Found 0 overlaps between adjacent cells.
[INFO DPO-0312] Found 0 edge spacing violations and 0 padding violations.
[INFO DPO-0303] Running algorithm for independent set matching.
[INFO DPO-0300] Set matching objective is wirelength.
[INFO DPO-0301] Pass   1 of matching; objective is 4.034192e+08.
[INFO DPO-0302] End of matching; objective is 4.030158e+08, improvement is 0.10 percent.
[INFO DPO-0303] Running algorithm for global swaps.
[INFO DPO-0306] Pass   1 of global swaps; hpwl is 3.976864e+08.
[INFO DPO-0306] Pass   2 of global swaps; hpwl is 3.966887e+08.
[INFO DPO-0307] End of global swaps; objective is 3.966887e+08, improvement is 1.57 percent.
[INFO DPO-0303] Running algorithm for vertical swaps.
[INFO DPO-0308] Pass   1 of vertical swaps; hpwl is 3.957837e+08.
[INFO DPO-0309] End of vertical swaps; objective is 3.957837e+08, improvement is 0.23 percent.
[INFO DPO-0303] Running algorithm for reordering.
[INFO DPO-0304] Pass   1 of reordering; objective is 3.938774e+08.
[INFO DPO-0305] End of reordering; objective is 3.938774e+08, improvement is 0.48 percent.
[INFO DPO-0303] Running algorithm for random improvement.
[INFO DPO-0324] Random improver is using displacement generator.
[INFO DPO-0325] Random improver is using hpwl objective.
[INFO DPO-0326] Random improver cost string is (a).
[INFO DPO-0332] End of pass, Generator displacement called 309620 times.
[INFO DPO-0335] Generator displacement, Cumulative attempts 309620, swaps 58876, moves 43707 since last reset.
[INFO DPO-0333] End of pass, Objective hpwl, Initial cost 3.886865e+08, Scratch cost 3.858928e+08, Incremental cost 3.858928e+08, Mismatch? N
[INFO DPO-0338] End of pass, Total cost is 3.858928e+08.
[INFO DPO-0327] Pass   1 of random improver; improvement in cost is 0.72 percent.
[INFO DPO-0328] End of random improver; improvement is 0.718745 percent.
[INFO DPO-0380] Cell flipping.
[INFO DPO-0382] Changed 7690 cell orientations for row compatibility.
[INFO DPO-0383] Performed 4227 cell flips.
[INFO DPO-0384] End of flipping; objective is 3.873198e+08, improvement is 0.97 percent.
[INFO DPO-0313] Found 0 cells in wrong regions.
[INFO DPO-0315] Found 0 row alignment problems.
[INFO DPO-0314] Found 0 site alignment problems.
[INFO DPO-0311] Found 0 overlaps between adjacent cells.
[INFO DPO-0312] Found 0 edge spacing violations and 0 padding violations.
Detailed Improvement Results
------------------------------------------
Original HPWL           200605.2 u
Final HPWL              192022.3 u
Delta HPWL                  -4.3 %

[INFO DPL-0020] Mirrored 833 instances
[INFO DPL-0021] HPWL before          192022.3 u
[INFO DPL-0022] HPWL after           191918.8 u
[INFO DPL-0023] HPWL delta               -0.1 %
[INFO FLW-0012] Placement violations .
Report metrics stage 3, detailed place...

==========================================================================
detailed place report_design_area
--------------------------------------------------------------------------
Design area 32142 u^2 57% utilization.
Elapsed time: 0:25.79[h:]min:sec. CPU time: user 32.22 sys 7.17 (152%). Peak memory: 245320KB.
