[run_place_wm] logging to /home/fetzfs_projects/MISC-ytliu/watermarking/OR0415/OpenROAD-flow-scripts/flow/watermarking/place_ordering/wm_log/aes_run_place_wm_ordering_20260427_233348.log
[run_place_wm] seed   : /home/fetzfs_projects/MISC-ytliu/watermarking/OR0415/OpenROAD-flow-scripts/flow/watermarking/gen_key/out/aes/seed_placement.hex
[run_place_wm] input  : /home/fetzfs_projects/MISC-ytliu/watermarking/OR0415/OpenROAD-flow-scripts/flow/watermarking/place_ordering/../../results/asap7/aes/base/3_place.odb
[run_place_wm] output : /home/fetzfs_projects/MISC-ytliu/watermarking/OR0415/OpenROAD-flow-scripts/flow/watermarking/place_ordering/../../results/asap7/aes/base/3_place_order_wm.odb
OpenROAD 7bc63749c8850e2937c58b0c3258a5df23db98ae 
Features included (+) or not (-): +GPU +GUI +Python
This program is licensed under the BSD-3 license. See the LICENSE file for details.
Components of this program may be licensed under more restrictive licenses which must be honored.
[WARNING ORD-0039] .openroad ignored with -python
[WARNING STA-1212] /home/fetzfs_projects/MISC-ytliu/watermarking/OR0415/OpenROAD-flow-scripts/flow/platforms/asap7/lib/NLDM/asap7sc7p5t_SIMPLE_RVT_TT_nldm_211120.lib.gz line 13178, timing group from output port.
[WARNING STA-1212] /home/fetzfs_projects/MISC-ytliu/watermarking/OR0415/OpenROAD-flow-scripts/flow/platforms/asap7/lib/NLDM/asap7sc7p5t_SIMPLE_RVT_TT_nldm_211120.lib.gz line 13211, timing group from output port.
[WARNING STA-1212] /home/fetzfs_projects/MISC-ytliu/watermarking/OR0415/OpenROAD-flow-scripts/flow/platforms/asap7/lib/NLDM/asap7sc7p5t_SIMPLE_RVT_TT_nldm_211120.lib.gz line 13244, timing group from output port.
[WARNING STA-1212] /home/fetzfs_projects/MISC-ytliu/watermarking/OR0415/OpenROAD-flow-scripts/flow/platforms/asap7/lib/NLDM/asap7sc7p5t_SIMPLE_RVT_TT_nldm_211120.lib.gz line 13277, timing group from output port.
[WARNING STA-1212] /home/fetzfs_projects/MISC-ytliu/watermarking/OR0415/OpenROAD-flow-scripts/flow/platforms/asap7/lib/NLDM/asap7sc7p5t_SIMPLE_RVT_TT_nldm_211120.lib.gz line 13310, timing group from output port.
[WARNING STA-1212] /home/fetzfs_projects/MISC-ytliu/watermarking/OR0415/OpenROAD-flow-scripts/flow/platforms/asap7/lib/NLDM/asap7sc7p5t_SIMPLE_RVT_TT_nldm_211120.lib.gz line 13343, timing group from output port.
[WARNING STA-1212] /home/fetzfs_projects/MISC-ytliu/watermarking/OR0415/OpenROAD-flow-scripts/flow/platforms/asap7/lib/NLDM/asap7sc7p5t_SIMPLE_RVT_TT_nldm_211120.lib.gz line 13376, timing group from output port.
[WARNING STA-1212] /home/fetzfs_projects/MISC-ytliu/watermarking/OR0415/OpenROAD-flow-scripts/flow/platforms/asap7/lib/NLDM/asap7sc7p5t_SIMPLE_RVT_TT_nldm_211120.lib.gz line 14772, timing group from output port.
[WARNING STA-1212] /home/fetzfs_projects/MISC-ytliu/watermarking/OR0415/OpenROAD-flow-scripts/flow/platforms/asap7/lib/NLDM/asap7sc7p5t_SIMPLE_RVT_TT_nldm_211120.lib.gz line 14805, timing group from output port.
[WARNING STA-1212] /home/fetzfs_projects/MISC-ytliu/watermarking/OR0415/OpenROAD-flow-scripts/flow/platforms/asap7/lib/NLDM/asap7sc7p5t_SIMPLE_RVT_TT_nldm_211120.lib.gz line 14838, timing group from output port.
[WARNING EST-0018] wire capacitance for corner default is zero. Use the set_wire_rc command to set wire resistance and capacitance.
