[2026-04-27 23:39:09] [run_place_wm] logging to /home/fetzfs_projects/MISC-ytliu/watermarking/OR0415/OpenROAD-flow-scripts/flow/watermarking/place_ordering/wm_log/aes_run_place_wm_ordering_20260427_233909.log
[2026-04-27 23:39:09] [run_place_wm] design : aes/asap7/base
[2026-04-27 23:39:09] [run_place_wm] seed   : /home/fetzfs_projects/MISC-ytliu/watermarking/OR0415/OpenROAD-flow-scripts/flow/watermarking/gen_key/out/aes/seed_placement.hex
[2026-04-27 23:39:09] [run_place_wm] input  : /home/fetzfs_projects/MISC-ytliu/watermarking/OR0415/OpenROAD-flow-scripts/flow/watermarking/place_ordering/../../results/asap7/aes/base/3_place.odb
[2026-04-27 23:39:09] [run_place_wm] output : /home/fetzfs_projects/MISC-ytliu/watermarking/OR0415/OpenROAD-flow-scripts/flow/watermarking/place_ordering/../../results/asap7/aes/base/3_place_order_wm.odb
[2026-04-27 23:39:09] [run_place_wm] grid   : 8x8, pair_dist=5um, pairs/tile=4, groups/tile=2, use_groups=0
[2026-04-27 23:39:09] [run_place_wm] timing : slack>=0.05ns, sdc=/home/fetzfs_projects/MISC-ytliu/watermarking/OR0415/OpenROAD-flow-scripts/flow/watermarking/place_ordering/../../results/asap7/aes/base/3_place.sdc
[2026-04-27 23:39:09] [run_place_wm] starting embed + verify
OpenROAD 7bc63749c8850e2937c58b0c3258a5df23db98ae 
Features included (+) or not (-): +GPU +GUI +Python
This program is licensed under the BSD-3 license. See the LICENSE file for details.
Components of this program may be licensed under more restrictive licenses which must be honored.
[WARNING ORD-0039] .openroad ignored with -python
[2026-04-27 23:39:11] [wm_embed +    0.01s] start
[2026-04-27 23:39:11] [wm_embed +    0.01s] input=/home/fetzfs_projects/MISC-ytliu/watermarking/OR0415/OpenROAD-flow-scripts/flow/watermarking/place_ordering/../../results/asap7/aes/base/3_place.odb
[2026-04-27 23:39:11] [wm_embed +    0.01s] output_odb=/home/fetzfs_projects/MISC-ytliu/watermarking/OR0415/OpenROAD-flow-scripts/flow/watermarking/place_ordering/../../results/asap7/aes/base/3_place_order_wm.odb
[2026-04-27 23:39:11] [wm_embed +    0.01s] params grid=8x8 pair_dist=5.0um pairs_per_tile=4 groups_per_tile=2 use_groups=0 slack_threshold=0.05ns
[2026-04-27 23:39:11] [wm_embed +    0.06s] reading input ODB
[2026-04-27 23:39:11] [wm_embed +    0.11s] read ODB done in 0.05s
[2026-04-27 23:39:11] [wm_embed +    0.11s] collecting and pre-filtering movable core cells
[2026-04-27 23:39:11] [wm_embed +    0.28s] pre-filter done in 0.17s: movable=14764 single_row=14764 pre_sta=14587
[2026-04-27 23:39:11] [wm_embed +    0.28s] starting STA slack filter (read_liberty/read_sdc/estimate_parasitics/pin slack)
[WARNING STA-1212] /home/fetzfs_projects/MISC-ytliu/watermarking/OR0415/OpenROAD-flow-scripts/flow/platforms/asap7/lib/NLDM/asap7sc7p5t_SIMPLE_RVT_TT_nldm_211120.lib.gz line 13178, timing group from output port.
[WARNING STA-1212] /home/fetzfs_projects/MISC-ytliu/watermarking/OR0415/OpenROAD-flow-scripts/flow/platforms/asap7/lib/NLDM/asap7sc7p5t_SIMPLE_RVT_TT_nldm_211120.lib.gz line 13211, timing group from output port.
[WARNING STA-1212] /home/fetzfs_projects/MISC-ytliu/watermarking/OR0415/OpenROAD-flow-scripts/flow/platforms/asap7/lib/NLDM/asap7sc7p5t_SIMPLE_RVT_TT_nldm_211120.lib.gz line 13244, timing group from output port.
[WARNING STA-1212] /home/fetzfs_projects/MISC-ytliu/watermarking/OR0415/OpenROAD-flow-scripts/flow/platforms/asap7/lib/NLDM/asap7sc7p5t_SIMPLE_RVT_TT_nldm_211120.lib.gz line 13277, timing group from output port.
[WARNING STA-1212] /home/fetzfs_projects/MISC-ytliu/watermarking/OR0415/OpenROAD-flow-scripts/flow/platforms/asap7/lib/NLDM/asap7sc7p5t_SIMPLE_RVT_TT_nldm_211120.lib.gz line 13310, timing group from output port.
[WARNING STA-1212] /home/fetzfs_projects/MISC-ytliu/watermarking/OR0415/OpenROAD-flow-scripts/flow/platforms/asap7/lib/NLDM/asap7sc7p5t_SIMPLE_RVT_TT_nldm_211120.lib.gz line 13343, timing group from output port.
[WARNING STA-1212] /home/fetzfs_projects/MISC-ytliu/watermarking/OR0415/OpenROAD-flow-scripts/flow/platforms/asap7/lib/NLDM/asap7sc7p5t_SIMPLE_RVT_TT_nldm_211120.lib.gz line 13376, timing group from output port.
[WARNING STA-1212] /home/fetzfs_projects/MISC-ytliu/watermarking/OR0415/OpenROAD-flow-scripts/flow/platforms/asap7/lib/NLDM/asap7sc7p5t_SIMPLE_RVT_TT_nldm_211120.lib.gz line 14772, timing group from output port.
[WARNING STA-1212] /home/fetzfs_projects/MISC-ytliu/watermarking/OR0415/OpenROAD-flow-scripts/flow/platforms/asap7/lib/NLDM/asap7sc7p5t_SIMPLE_RVT_TT_nldm_211120.lib.gz line 14805, timing group from output port.
[WARNING STA-1212] /home/fetzfs_projects/MISC-ytliu/watermarking/OR0415/OpenROAD-flow-scripts/flow/platforms/asap7/lib/NLDM/asap7sc7p5t_SIMPLE_RVT_TT_nldm_211120.lib.gz line 14838, timing group from output port.
[WARNING EST-0018] wire capacitance for corner default is zero. Use the set_wire_rc command to set wire resistance and capacitance.
[2026-04-27 23:39:14] [wm_embed +    3.15s] STA slack filter done in 2.87s: mode=sta kept=1387 dropped=13200
[2026-04-27 23:39:14] [wm_embed +    3.15s] building macro/obstruction index and buckets
[2026-04-27 23:39:14] [wm_embed +    3.20s] bucket build done in 0.05s: buckets=969 dense_tiles=0
[2026-04-27 23:39:14] [wm_embed +    3.20s] enumerating local pair/triple candidates
[2026-04-27 23:40:31] [wm_embed +   79.41s] candidate enumeration done in 76.21s: pair_candidates=183 triple_candidates=0
[2026-04-27 23:40:31] [wm_embed +   79.41s] selecting non-overlapping keyed constraints
[2026-04-27 23:40:31] [wm_embed +   79.41s] selection done in 0.00s: selected_pairs=67 selected_groups=0
[2026-04-27 23:40:31] [wm_embed +   79.41s] applying pair swaps
[2026-04-27 23:40:31] [wm_embed +   79.42s] pair apply done in 0.00s: changed=31
[2026-04-27 23:40:31] [wm_embed +   79.42s] applying triple permutations
[2026-04-27 23:40:31] [wm_embed +   79.42s] triple apply done in 0.00s: changed=0
[2026-04-27 23:40:31] [wm_embed +   79.42s] running incremental detailedPlacement max_disp_x=925 sites max_disp_y=185 rows
[INFO DPL-0006] Core area: 2194.44 um^2, Instances area: 1607.63 um^2, Utilization: 73.3%
[INFO DPL-0005] Diamond search max displacement: +/- 925 sites horizontally, +/- 185 rows vertically.
[INFO DPL-1101] Legalizing using diamond search.
setInitialGridCells()
Movements Summary
---------------------------------------
Total cells:                       0
Diamond Move Success:              0 (  0.00%)
Diamond Move Failure:              0
Rip-up and replace Success:        0 (  0.00% of diamond failures)
Rip-up and replace Failure:        0
Total Placement Failures:          0
---------------------------------------
[2026-04-27 23:40:31] [wm_embed +   79.56s] incremental detailedPlacement done in 0.14s
[2026-04-27 23:40:31] [wm_embed +   79.56s] pairs=67 groups=0 csv_pair_ok=67 csv_group_ok=0 changed_pairs=31 changed_groups=0 (pre-dpl embed counts pair_sat=67 group_sat=0)
[2026-04-27 23:40:31] [wm_embed +   79.56s] Pc pairs (p=1/2)<=6.776e-21  groups (p=1/6)<=1.000e+00
[2026-04-27 23:40:31] [wm_embed +   79.56s] writing ODB/DEF/CSV
[2026-04-27 23:40:31] [wm_embed +   80.06s] cell list -> /home/fetzfs_projects/MISC-ytliu/watermarking/OR0415/OpenROAD-flow-scripts/flow/watermarking/place_ordering/../../results/asap7/aes/base/wm_place_order_embed.csv
[2026-04-27 23:40:31] [wm_embed +   80.06s] message tag: 'place-ordering-wm-aes'
[2026-04-27 23:40:31] [wm_embed +   80.06s] write outputs done in 0.51s
[2026-04-27 23:40:31] [wm_embed +   80.06s] done
OpenROAD 7bc63749c8850e2937c58b0c3258a5df23db98ae 
Features included (+) or not (-): +GPU +GUI +Python
This program is licensed under the BSD-3 license. See the LICENSE file for details.
Components of this program may be licensed under more restrictive licenses which must be honored.
[WARNING ORD-0039] .openroad ignored with -python
[2026-04-27 23:40:33] [wm_verify +    0.01s] start
[2026-04-27 23:40:33] [wm_verify +    0.01s] input=/home/fetzfs_projects/MISC-ytliu/watermarking/OR0415/OpenROAD-flow-scripts/flow/watermarking/place_ordering/../../results/asap7/aes/base/3_place_order_wm.odb
[2026-04-27 23:40:33] [wm_verify +    0.01s] cell_list=/home/fetzfs_projects/MISC-ytliu/watermarking/OR0415/OpenROAD-flow-scripts/flow/watermarking/place_ordering/../../results/asap7/aes/base/wm_place_order_embed.csv
[2026-04-27 23:40:33] [wm_verify +    0.21s] read inputs done in 0.19s: csv_rows=67
[2026-04-27 23:40:33] [wm_verify +    0.22s] verification scan done in 0.01s
[2026-04-27 23:40:33] [wm_verify +    0.22s] pairs checked=67 ok=67  groups checked=0 ok=0
[2026-04-27 23:40:33] [wm_verify +    0.22s] Pc pairs<=6.776e-21 groups<=1.000e+00
[2026-04-27 23:40:33] [wm_verify +    0.25s] summary CSV -> /home/fetzfs_projects/MISC-ytliu/watermarking/OR0415/OpenROAD-flow-scripts/flow/watermarking/place_ordering/../../results/asap7/aes/base/wm_place_order_verify.csv
[2026-04-27 23:40:33] [wm_verify +    0.25s] done
[2026-04-27 23:40:33] [run_place_wm] finished status=0 elapsed=84s
