[2026-04-28 00:00:39] [run_place_wm] logging to /home/fetzfs_projects/MISC-ytliu/watermarking/OR0415/OpenROAD-flow-scripts/flow/watermarking/place_ordering/wm_log/jpeg_run_place_wm_ordering_20260428_000039.log
[2026-04-28 00:00:39] [run_place_wm] design : jpeg/asap7/base_tcp540
[2026-04-28 00:00:39] [run_place_wm] seed   : /home/fetzfs_projects/MISC-ytliu/watermarking/OR0415/OpenROAD-flow-scripts/flow/watermarking/gen_key/out/jpeg/seed_placement.hex
[2026-04-28 00:00:39] [run_place_wm] input  : /home/fetzfs_projects/MISC-ytliu/watermarking/OR0415/OpenROAD-flow-scripts/flow/watermarking/place_ordering/../../results/asap7/jpeg/base_tcp540/3_place.odb
[2026-04-28 00:00:39] [run_place_wm] output : /home/fetzfs_projects/MISC-ytliu/watermarking/OR0415/OpenROAD-flow-scripts/flow/watermarking/place_ordering/../../results/asap7/jpeg/base_tcp540/3_place_order_wm_1um.odb
[2026-04-28 00:00:39] [run_place_wm] grid   : 8x8, pair_dist=1um, pairs/tile=4, groups/tile=2, use_groups=0
[2026-04-28 00:00:39] [run_place_wm] timing : slack>=0.05ns, sdc=/home/fetzfs_projects/MISC-ytliu/watermarking/OR0415/OpenROAD-flow-scripts/flow/watermarking/place_ordering/../../results/asap7/jpeg/base_tcp540/3_place.sdc
[2026-04-28 00:00:39] [run_place_wm] starting embed + verify
OpenROAD 7bc63749c8850e2937c58b0c3258a5df23db98ae 
Features included (+) or not (-): +GPU +GUI +Python
This program is licensed under the BSD-3 license. See the LICENSE file for details.
Components of this program may be licensed under more restrictive licenses which must be honored.
[WARNING ORD-0039] .openroad ignored with -python
[2026-04-28 00:00:41] [wm_embed +    0.01s] start
[2026-04-28 00:00:41] [wm_embed +    0.01s] input=/home/fetzfs_projects/MISC-ytliu/watermarking/OR0415/OpenROAD-flow-scripts/flow/watermarking/place_ordering/../../results/asap7/jpeg/base_tcp540/3_place.odb
[2026-04-28 00:00:41] [wm_embed +    0.01s] output_odb=/home/fetzfs_projects/MISC-ytliu/watermarking/OR0415/OpenROAD-flow-scripts/flow/watermarking/place_ordering/../../results/asap7/jpeg/base_tcp540/3_place_order_wm_1um.odb
[2026-04-28 00:00:41] [wm_embed +    0.01s] params grid=8x8 pair_dist=1.0um pairs_per_tile=4 groups_per_tile=2 use_groups=0 slack_threshold=0.05ns
[2026-04-28 00:00:41] [wm_embed +    0.06s] reading input ODB
[2026-04-28 00:00:41] [wm_embed +    0.25s] read ODB done in 0.19s
[2026-04-28 00:00:41] [wm_embed +    0.25s] collecting and pre-filtering movable core cells
[2026-04-28 00:00:42] [wm_embed +    0.93s] pre-filter done in 0.68s: movable=62311 single_row=62311 pre_sta=62244
[2026-04-28 00:00:42] [wm_embed +    0.93s] starting STA slack filter (read_liberty/read_sdc/estimate_parasitics/pin slack)
[WARNING STA-1212] /home/fetzfs_projects/MISC-ytliu/watermarking/OR0415/OpenROAD-flow-scripts/flow/platforms/asap7/lib/NLDM/asap7sc7p5t_SIMPLE_RVT_TT_nldm_211120.lib.gz line 13178, timing group from output port.
[WARNING STA-1212] /home/fetzfs_projects/MISC-ytliu/watermarking/OR0415/OpenROAD-flow-scripts/flow/platforms/asap7/lib/NLDM/asap7sc7p5t_SIMPLE_RVT_TT_nldm_211120.lib.gz line 13211, timing group from output port.
[WARNING STA-1212] /home/fetzfs_projects/MISC-ytliu/watermarking/OR0415/OpenROAD-flow-scripts/flow/platforms/asap7/lib/NLDM/asap7sc7p5t_SIMPLE_RVT_TT_nldm_211120.lib.gz line 13244, timing group from output port.
[WARNING STA-1212] /home/fetzfs_projects/MISC-ytliu/watermarking/OR0415/OpenROAD-flow-scripts/flow/platforms/asap7/lib/NLDM/asap7sc7p5t_SIMPLE_RVT_TT_nldm_211120.lib.gz line 13277, timing group from output port.
[WARNING STA-1212] /home/fetzfs_projects/MISC-ytliu/watermarking/OR0415/OpenROAD-flow-scripts/flow/platforms/asap7/lib/NLDM/asap7sc7p5t_SIMPLE_RVT_TT_nldm_211120.lib.gz line 13310, timing group from output port.
[WARNING STA-1212] /home/fetzfs_projects/MISC-ytliu/watermarking/OR0415/OpenROAD-flow-scripts/flow/platforms/asap7/lib/NLDM/asap7sc7p5t_SIMPLE_RVT_TT_nldm_211120.lib.gz line 13343, timing group from output port.
[WARNING STA-1212] /home/fetzfs_projects/MISC-ytliu/watermarking/OR0415/OpenROAD-flow-scripts/flow/platforms/asap7/lib/NLDM/asap7sc7p5t_SIMPLE_RVT_TT_nldm_211120.lib.gz line 13376, timing group from output port.
[WARNING STA-1212] /home/fetzfs_projects/MISC-ytliu/watermarking/OR0415/OpenROAD-flow-scripts/flow/platforms/asap7/lib/NLDM/asap7sc7p5t_SIMPLE_RVT_TT_nldm_211120.lib.gz line 14772, timing group from output port.
[WARNING STA-1212] /home/fetzfs_projects/MISC-ytliu/watermarking/OR0415/OpenROAD-flow-scripts/flow/platforms/asap7/lib/NLDM/asap7sc7p5t_SIMPLE_RVT_TT_nldm_211120.lib.gz line 14805, timing group from output port.
[WARNING STA-1212] /home/fetzfs_projects/MISC-ytliu/watermarking/OR0415/OpenROAD-flow-scripts/flow/platforms/asap7/lib/NLDM/asap7sc7p5t_SIMPLE_RVT_TT_nldm_211120.lib.gz line 14838, timing group from output port.
[WARNING EST-0018] wire capacitance for corner default is zero. Use the set_wire_rc command to set wire resistance and capacitance.
[2026-04-28 00:00:50] [wm_embed +    9.12s] STA slack filter done in 8.19s: mode=sta kept=32116 dropped=30128
[2026-04-28 00:00:50] [wm_embed +    9.12s] building macro/obstruction index and buckets
[2026-04-28 00:00:51] [wm_embed +   10.37s] bucket build done in 1.25s: buckets=18547 dense_tiles=0
[2026-04-28 00:00:51] [wm_embed +   10.37s] enumerating local pair/triple candidates
[2026-04-28 01:37:58] [wm_embed + 5837.69s] candidate enumeration done in 5827.32s: pair_candidates=1647 triple_candidates=0
[2026-04-28 01:37:58] [wm_embed + 5837.69s] selecting non-overlapping keyed constraints
[2026-04-28 01:37:58] [wm_embed + 5837.71s] selection done in 0.02s: selected_pairs=238 selected_groups=0
[2026-04-28 01:37:58] [wm_embed + 5837.71s] applying pair swaps
[2026-04-28 01:37:58] [wm_embed + 5837.73s] pair apply done in 0.01s: changed=121
[2026-04-28 01:37:58] [wm_embed + 5837.73s] applying triple permutations
[2026-04-28 01:37:58] [wm_embed + 5837.73s] triple apply done in 0.00s: changed=0
[2026-04-28 01:37:58] [wm_embed + 5837.73s] running incremental detailedPlacement max_disp_x=925 sites max_disp_y=185 rows
[INFO DPL-0006] Core area: 9104.58 um^2, Instances area: 6690.05 um^2, Utilization: 73.5%
[INFO DPL-0005] Diamond search max displacement: +/- 925 sites horizontally, +/- 185 rows vertically.
[INFO DPL-1101] Legalizing using diamond search.
setInitialGridCells()
Movements Summary
---------------------------------------
Total cells:                       0
Diamond Move Success:              0 (  0.00%)
Diamond Move Failure:              0
Rip-up and replace Success:        0 (  0.00% of diamond failures)
Rip-up and replace Failure:        0
Total Placement Failures:          0
---------------------------------------
[2026-04-28 01:37:59] [wm_embed + 5838.52s] incremental detailedPlacement done in 0.79s
[2026-04-28 01:37:59] [wm_embed + 5838.52s] pairs=238 groups=0 csv_pair_ok=238 csv_group_ok=0 changed_pairs=121 changed_groups=0 (pre-dpl embed counts pair_sat=238 group_sat=0)
[2026-04-28 01:37:59] [wm_embed + 5838.52s] Pc pairs (p=1/2)<=2.264e-72  groups (p=1/6)<=1.000e+00
[2026-04-28 01:37:59] [wm_embed + 5838.52s] writing ODB/DEF/CSV
[2026-04-28 01:38:00] [wm_embed + 5839.40s] cell list -> /home/fetzfs_projects/MISC-ytliu/watermarking/OR0415/OpenROAD-flow-scripts/flow/watermarking/place_ordering/../../results/asap7/jpeg/base_tcp540/wm_place_order_embed_1um.csv
[2026-04-28 01:38:00] [wm_embed + 5839.40s] message tag: 'place-ordering-wm-jpeg'
[2026-04-28 01:38:00] [wm_embed + 5839.40s] write outputs done in 0.88s
[2026-04-28 01:38:00] [wm_embed + 5839.40s] done
OpenROAD 7bc63749c8850e2937c58b0c3258a5df23db98ae 
Features included (+) or not (-): +GPU +GUI +Python
This program is licensed under the BSD-3 license. See the LICENSE file for details.
Components of this program may be licensed under more restrictive licenses which must be honored.
[WARNING ORD-0039] .openroad ignored with -python
[2026-04-28 01:38:02] [wm_verify +    0.01s] start
[2026-04-28 01:38:02] [wm_verify +    0.01s] input=/home/fetzfs_projects/MISC-ytliu/watermarking/OR0415/OpenROAD-flow-scripts/flow/watermarking/place_ordering/../../results/asap7/jpeg/base_tcp540/3_place_order_wm_1um.odb
[2026-04-28 01:38:02] [wm_verify +    0.01s] cell_list=/home/fetzfs_projects/MISC-ytliu/watermarking/OR0415/OpenROAD-flow-scripts/flow/watermarking/place_ordering/../../results/asap7/jpeg/base_tcp540/wm_place_order_embed_1um.csv
[2026-04-28 01:38:03] [wm_verify +    0.49s] read inputs done in 0.48s: csv_rows=238
[2026-04-28 01:38:03] [wm_verify +    0.55s] verification scan done in 0.06s
[2026-04-28 01:38:03] [wm_verify +    0.55s] pairs checked=238 ok=238  groups checked=0 ok=0
[2026-04-28 01:38:03] [wm_verify +    0.55s] Pc pairs<=2.264e-72 groups<=1.000e+00
[2026-04-28 01:38:03] [wm_verify +    0.58s] summary CSV -> /home/fetzfs_projects/MISC-ytliu/watermarking/OR0415/OpenROAD-flow-scripts/flow/watermarking/place_ordering/../../results/asap7/jpeg/base_tcp540/wm_place_order_verify_1um.csv
[2026-04-28 01:38:03] [wm_verify +    0.58s] done
./run_place_wm.sh: line 102: unexpected EOF while looking for matching `"'
[2026-04-28 01:38:03] [run_place_wm] finished status=2 elapsed=5844s
