OpenROAD e69d93ffb92e02e755ed4277376296f3deaaa8d9 
Features included (+) or not (-): +GPU +GUI +Python
This program is licensed under the BSD-3 license. See the LICENSE file for details.
Components of this program may be licensed under more restrictive licenses which must be honored.
[INFO ORD-0030] Using 8 thread(s).
source /home/fetzfs_projects/MLBuf/flows/OpenROAD-flow-scripts/flow/platforms/nangate45/setRC.tcl
Perform port buffering...
[INFO RSZ-0027] Inserted 19 input buffers.
[INFO RSZ-0028] Inserted 26 output buffers.
Perform buffer insertion and gate resizing...
repair_design -verbose
[INFO RSZ-0058] Using max wire length 640um.
Iteration | Resized | Buffers | Nets repaired | Remaining
---------------------------------------------------------
        0 |       0 |       0 |             0 |     80420
      100 |       0 |       0 |            82 |     80320
      200 |       0 |       0 |           156 |     80220
      300 |       1 |       0 |           217 |     80120
      400 |       1 |       0 |           277 |     80020
      500 |       3 |       0 |           325 |     79920
      600 |       5 |       0 |           343 |     79820
      700 |       7 |       0 |           364 |     79720
      800 |       7 |       0 |           395 |     79620
      900 |       8 |       0 |           421 |     79520
     1000 |       8 |       0 |           458 |     79420
     1100 |       8 |       0 |           496 |     79320
     1200 |       8 |       0 |           529 |     79220
     1300 |       8 |       0 |           547 |     79120
     1400 |      10 |       0 |           566 |     79020
     1500 |      10 |       0 |           590 |     78920
     1600 |      10 |       0 |           605 |     78820
     1700 |      11 |       0 |           630 |     78720
     1800 |      11 |       0 |           654 |     78620
     1900 |      12 |       0 |           676 |     78520
     2000 |      12 |       0 |           686 |     78420
     2100 |      12 |       0 |           698 |     78320
     2200 |      12 |       0 |           710 |     78220
     2300 |      13 |       0 |           722 |     78120
     2400 |      13 |       0 |           758 |     78020
     2500 |      14 |       0 |           773 |     77920
     2600 |      14 |       0 |           789 |     77820
     2700 |      14 |       0 |           798 |     77720
     2800 |      17 |       0 |           812 |     77620
     2900 |      17 |       0 |           823 |     77520
     3000 |      17 |       0 |           829 |     77420
     3100 |      17 |       0 |           835 |     77320
     3200 |      18 |       0 |           841 |     77220
     3300 |      18 |       0 |           848 |     77120
     3400 |      20 |       0 |           855 |     77020
     3500 |      21 |       0 |           867 |     76920
     3600 |      21 |       0 |           887 |     76820
     3700 |      21 |       0 |           889 |     76720
     3800 |      21 |       0 |           895 |     76620
     3900 |      22 |       0 |           901 |     76520
     4000 |      22 |       0 |           907 |     76420
     4100 |      22 |       0 |           912 |     76320
     4200 |      22 |       0 |           918 |     76220
     4300 |      22 |       0 |           921 |     76120
     4400 |      22 |       0 |           943 |     76020
     4500 |      22 |       0 |           947 |     75920
     4600 |      22 |       0 |           950 |     75820
     4700 |      22 |       0 |           954 |     75720
     4800 |      22 |       0 |           957 |     75620
     4900 |      22 |       0 |           961 |     75520
     5000 |      22 |       0 |           964 |     75420
     5100 |      22 |       0 |           966 |     75320
     5200 |      22 |       0 |           967 |     75220
     5300 |      22 |       0 |           972 |     75120
     5400 |      23 |       0 |           976 |     75020
     5500 |      23 |       0 |           976 |     74920
     5600 |      23 |       0 |           976 |     74820
     5700 |      23 |       0 |           976 |     74720
     5800 |      23 |       0 |           976 |     74620
     5900 |      23 |       0 |           980 |     74520
     6000 |      24 |       0 |          1003 |     74420
     6100 |      27 |       0 |          1023 |     74320
     6200 |      27 |       0 |          1036 |     74220
     6300 |      27 |       0 |          1048 |     74120
     6400 |      27 |       0 |          1060 |     74020
     6500 |      27 |       0 |          1069 |     73920
     6600 |      27 |       0 |          1071 |     73820
     6700 |      27 |       0 |          1072 |     73720
     6800 |      28 |       0 |          1082 |     73620
     6900 |      28 |       0 |          1093 |     73520
     7000 |      29 |       0 |          1109 |     73420
     7100 |      31 |       0 |          1124 |     73320
     7200 |      31 |       0 |          1136 |     73220
     7300 |      31 |       0 |          1147 |     73120
     7400 |      31 |       0 |          1157 |     73020
     7500 |      31 |       0 |          1168 |     72920
     7600 |      31 |       0 |          1178 |     72820
     7700 |      31 |       0 |          1188 |     72720
     7800 |      31 |       0 |          1201 |     72620
     7900 |      31 |       0 |          1216 |     72520
     8000 |      31 |       0 |          1216 |     72420
     8100 |      31 |       0 |          1216 |     72320
     8200 |      31 |       0 |          1216 |     72220
     8300 |      31 |       0 |          1216 |     72120
     8400 |      31 |       0 |          1216 |     72020
     8500 |      31 |       0 |          1216 |     71920
     8600 |      31 |       0 |          1216 |     71820
     8700 |      31 |       0 |          1216 |     71720
     8800 |      31 |       0 |          1216 |     71620
     8900 |      31 |       0 |          1216 |     71520
     9000 |      31 |       0 |          1216 |     71420
     9100 |      31 |       0 |          1216 |     71320
     9200 |      31 |       0 |          1216 |     71220
     9300 |      31 |       0 |          1216 |     71120
     9400 |      31 |       0 |          1223 |     71020
     9500 |      31 |       0 |          1254 |     70920
     9600 |      32 |       0 |          1283 |     70820
     9700 |      32 |       0 |          1311 |     70720
     9800 |      32 |       0 |          1340 |     70620
     9900 |      33 |       0 |          1370 |     70520
    10000 |      33 |       0 |          1394 |     70420
    10100 |      33 |       0 |          1420 |     70320
    10200 |      33 |       0 |          1421 |     70220
    10300 |      33 |       0 |          1421 |     70120
    10400 |      33 |       0 |          1421 |     70020
    10500 |      33 |       0 |          1430 |     69920
    10600 |      34 |       0 |          1462 |     69820
    10700 |      34 |       0 |          1507 |     69720
    10800 |      35 |       0 |          1552 |     69620
    10900 |      35 |       0 |          1598 |     69520
    11000 |      36 |       0 |          1645 |     69420
    11100 |      36 |       0 |          1686 |     69320
    11200 |      37 |       0 |          1734 |     69220
    11300 |      37 |       0 |          1778 |     69120
    11400 |      38 |       0 |          1821 |     69020
    11500 |      38 |       0 |          1870 |     68920
    11600 |      38 |       0 |          1908 |     68820
    11700 |      38 |       0 |          1946 |     68720
    11800 |      38 |       0 |          1988 |     68620
    11900 |      38 |       0 |          1988 |     68520
    12000 |      38 |       0 |          1988 |     68420
    12100 |      38 |       0 |          1988 |     68320
    12200 |      38 |       0 |          1988 |     68220
    12300 |      38 |       0 |          1988 |     68120
    12400 |      38 |       0 |          1988 |     68020
    12500 |      38 |       0 |          1988 |     67920
    12600 |      38 |       0 |          1988 |     67820
    12700 |      38 |       0 |          1988 |     67720
    12800 |      38 |       0 |          1988 |     67620
    12900 |      38 |       0 |          1988 |     67520
    13000 |      38 |       0 |          1988 |     67420
    13100 |      38 |       0 |          1988 |     67320
    13200 |      38 |       0 |          1988 |     67220
    13300 |      38 |       0 |          1988 |     67120
    13400 |      38 |       0 |          1988 |     67020
    13500 |      38 |       0 |          1988 |     66920
    13600 |      38 |       0 |          1988 |     66820
    13700 |      38 |       0 |          1988 |     66720
    13800 |      38 |       0 |          1988 |     66620
    13900 |      38 |       0 |          1988 |     66520
    14000 |      38 |       0 |          1988 |     66420
    14100 |      38 |       0 |          1991 |     66320
    14200 |      39 |       0 |          1994 |     66220
    14300 |      39 |       0 |          2036 |     66120
    14400 |      39 |       0 |          2083 |     66020
    14500 |      39 |       0 |          2119 |     65920
    14600 |      39 |       0 |          2160 |     65820
    14700 |      39 |       0 |          2213 |     65720
    14800 |      40 |       0 |          2254 |     65620
    14900 |      40 |       0 |          2298 |     65520
    15000 |      40 |       0 |          2354 |     65420
    15100 |      40 |       0 |          2390 |     65320
    15200 |      40 |       0 |          2430 |     65220
    15300 |      40 |       0 |          2472 |     65120
    15400 |      40 |       0 |          2508 |     65020
    15500 |      41 |       0 |          2514 |     64920
    15600 |      41 |       0 |          2514 |     64820
    15700 |      41 |       0 |          2514 |     64720
    15800 |      41 |       0 |          2514 |     64620
    15900 |      41 |       0 |          2514 |     64520
    16000 |      41 |       0 |          2514 |     64420
    16100 |      41 |       0 |          2514 |     64320
    16200 |      41 |       0 |          2514 |     64220
    16300 |      41 |       0 |          2514 |     64120
    16400 |      41 |       0 |          2514 |     64020
    16500 |      41 |       0 |          2514 |     63920
    16600 |      41 |       0 |          2514 |     63820
    16700 |      41 |       0 |          2517 |     63720
    16800 |      41 |       0 |          2519 |     63620
    16900 |      41 |       0 |          2548 |     63520
    17000 |      41 |       0 |          2589 |     63420
    17100 |      41 |       0 |          2626 |     63320
    17200 |      41 |       0 |          2660 |     63220
    17300 |      42 |       0 |          2690 |     63120
    17400 |      42 |       0 |          2730 |     63020
    17500 |      42 |       0 |          2763 |     62920
    17600 |      42 |       0 |          2799 |     62820
    17700 |      43 |       0 |          2836 |     62720
    17800 |      43 |       0 |          2870 |     62620
    17900 |      43 |       0 |          2901 |     62520
    18000 |      43 |       0 |          2944 |     62420
    18100 |      43 |       0 |          2980 |     62320
    18200 |      43 |       0 |          3016 |     62220
    18300 |      43 |       0 |          3036 |     62120
    18400 |      43 |       0 |          3036 |     62020
    18500 |      43 |       0 |          3036 |     61920
    18600 |      43 |       0 |          3036 |     61820
    18700 |      43 |       0 |          3036 |     61720
    18800 |      43 |       0 |          3036 |     61620
    18900 |      43 |       0 |          3036 |     61520
    19000 |      43 |       0 |          3036 |     61420
    19100 |      43 |       0 |          3036 |     61320
    19200 |      43 |       0 |          3036 |     61220
    19300 |      43 |       0 |          3036 |     61120
    19400 |      43 |       0 |          3036 |     61020
    19500 |      43 |       0 |          3036 |     60920
    19600 |      43 |       0 |          3036 |     60820
    19700 |      43 |       0 |          3036 |     60720
    19800 |      43 |       0 |          3036 |     60620
    19900 |      43 |       0 |          3036 |     60520
    20000 |      43 |       0 |          3036 |     60420
    20100 |      43 |       0 |          3045 |     60320
    20200 |      43 |       0 |          3075 |     60220
    20300 |      43 |       0 |          3107 |     60120
    20400 |      43 |       0 |          3140 |     60020
    20500 |      43 |       0 |          3174 |     59920
    20600 |      43 |       0 |          3198 |     59820
    20700 |      43 |       0 |          3225 |     59720
    20800 |      44 |       0 |          3246 |     59620
    20900 |      44 |       0 |          3278 |     59520
    21000 |      44 |       0 |          3310 |     59420
    21100 |      44 |       0 |          3344 |     59320
    21200 |      44 |       0 |          3374 |     59220
    21300 |      44 |       0 |          3406 |     59120
    21400 |      44 |       0 |          3432 |     59020
    21500 |      44 |       0 |          3456 |     58920
    21600 |      44 |       0 |          3460 |     58820
    21700 |      44 |       0 |          3460 |     58720
    21800 |      44 |       0 |          3460 |     58620
    21900 |      44 |       0 |          3460 |     58520
    22000 |      44 |       0 |          3460 |     58420
    22100 |      44 |       0 |          3460 |     58320
    22200 |      44 |       0 |          3460 |     58220
    22300 |      44 |       0 |          3460 |     58120
    22400 |      44 |       0 |          3460 |     58020
    22500 |      44 |       0 |          3460 |     57920
    22600 |      44 |       0 |          3460 |     57820
    22700 |      44 |       0 |          3460 |     57720
    22800 |      44 |       0 |          3460 |     57620
    22900 |      44 |       0 |          3460 |     57520
    23000 |      44 |       0 |          3460 |     57420
    23100 |      44 |       0 |          3460 |     57320
    23200 |      44 |       0 |          3460 |     57220
    23300 |      44 |       0 |          3460 |     57120
    23400 |      44 |       0 |          3460 |     57020
    23500 |      44 |       0 |          3460 |     56920
    23600 |      44 |       0 |          3460 |     56820
    23700 |      44 |       0 |          3460 |     56720
    23800 |      44 |       0 |          3469 |     56620
    23900 |      45 |       0 |          3488 |     56520
    24000 |      46 |       0 |          3508 |     56420
    24100 |      46 |       0 |          3534 |     56320
    24200 |      48 |       0 |          3559 |     56220
    24300 |      49 |       0 |          3585 |     56120
    24400 |      50 |       0 |          3609 |     56020
    24500 |      50 |       0 |          3636 |     55920
    24600 |      52 |       0 |          3656 |     55820
    24700 |      54 |       0 |          3681 |     55720
    24800 |      54 |       0 |          3702 |     55620
    24900 |      54 |       0 |          3722 |     55520
    25000 |      55 |       0 |          3742 |     55420
    25100 |      56 |       0 |          3766 |     55320
    25200 |      56 |       0 |          3766 |     55220
    25300 |      56 |       0 |          3766 |     55120
    25400 |      56 |       0 |          3766 |     55020
    25500 |      56 |       0 |          3766 |     54920
    25600 |      56 |       0 |          3766 |     54820
    25700 |      56 |       0 |          3766 |     54720
    25800 |      56 |       0 |          3766 |     54620
    25900 |      56 |       0 |          3766 |     54520
    26000 |      56 |       0 |          3766 |     54420
    26100 |      56 |       0 |          3766 |     54320
    26200 |      56 |       0 |          3766 |     54220
    26300 |      56 |       0 |          3766 |     54120
    26400 |      56 |       0 |          3766 |     54020
    26500 |      56 |       0 |          3766 |     53920
    26600 |      56 |       0 |          3766 |     53820
    26700 |      56 |       0 |          3766 |     53720
    26800 |      56 |       0 |          3766 |     53620
    26900 |      56 |       0 |          3766 |     53520
    27000 |      56 |       0 |          3766 |     53420
    27100 |      56 |       0 |          3766 |     53320
    27200 |      56 |       0 |          3766 |     53220
    27300 |      56 |       0 |          3766 |     53120
    27400 |      56 |       0 |          3766 |     53020
    27500 |      56 |       0 |          3766 |     52920
    27600 |      56 |       0 |          3766 |     52820
    27700 |      57 |       0 |          3769 |     52720
    27800 |      57 |       0 |          3785 |     52620
    27900 |      57 |       0 |          3800 |     52520
    28000 |      57 |       0 |          3818 |     52420
    28100 |      57 |       0 |          3836 |     52320
    28200 |      58 |       0 |          3853 |     52220
    28300 |      59 |       0 |          3870 |     52120
    28400 |      59 |       0 |          3890 |     52020
    28500 |      59 |       0 |          3903 |     51920
    28600 |      60 |       0 |          3912 |     51820
    28700 |      61 |       0 |          3927 |     51720
    28800 |      61 |       0 |          3941 |     51620
    28900 |      61 |       0 |          3943 |     51520
    29000 |      61 |       0 |          3943 |     51420
    29100 |      61 |       0 |          3943 |     51320
    29200 |      61 |       0 |          3943 |     51220
    29300 |      61 |       0 |          3943 |     51120
    29400 |      61 |       0 |          3943 |     51020
    29500 |      61 |       0 |          3943 |     50920
    29600 |      61 |       0 |          3943 |     50820
    29700 |      61 |       0 |          3943 |     50720
    29800 |      61 |       0 |          3943 |     50620
    29900 |      61 |       0 |          3943 |     50520
    30000 |      61 |       0 |          3943 |     50420
    30100 |      61 |       0 |          3943 |     50320
    30200 |      61 |       0 |          3943 |     50220
    30300 |      61 |       0 |          3943 |     50120
    30400 |      61 |       0 |          3943 |     50020
    30500 |      61 |       0 |          3943 |     49920
    30600 |      61 |       0 |          3943 |     49820
    30700 |      61 |       0 |          3943 |     49720
    30800 |      61 |       0 |          3943 |     49620
    30900 |      61 |       0 |          3943 |     49520
    31000 |      61 |       0 |          3943 |     49420
    31100 |      61 |       0 |          3943 |     49320
    31200 |      61 |       0 |          3943 |     49220
    31300 |      61 |       0 |          3943 |     49120
    31400 |      61 |       0 |          3945 |     49020
    31500 |      61 |       0 |          3964 |     48920
    31600 |      61 |       0 |          3983 |     48820
    31700 |      61 |       0 |          3998 |     48720
    31800 |      61 |       0 |          4012 |     48620
    31900 |      61 |       0 |          4026 |     48520
    32000 |      61 |       0 |          4039 |     48420
    32100 |      62 |       0 |          4053 |     48320
    32200 |      62 |       0 |          4070 |     48220
    32300 |      62 |       0 |          4089 |     48120
    32400 |      62 |       0 |          4110 |     48020
    32500 |      63 |       0 |          4125 |     47920
    32600 |      63 |       0 |          4139 |     47820
    32700 |      63 |       0 |          4151 |     47720
    32800 |      64 |       0 |          4166 |     47620
    32900 |      65 |       0 |          4179 |     47520
    33000 |      65 |       0 |          4179 |     47420
    33100 |      65 |       0 |          4179 |     47320
    33200 |      65 |       0 |          4179 |     47220
    33300 |      65 |       0 |          4179 |     47120
    33400 |      65 |       0 |          4179 |     47020
    33500 |      65 |       0 |          4179 |     46920
    33600 |      65 |       0 |          4179 |     46820
    33700 |      65 |       0 |          4179 |     46720
    33800 |      65 |       0 |          4179 |     46620
    33900 |      65 |       0 |          4179 |     46520
    34000 |      65 |       0 |          4179 |     46420
    34100 |      65 |       0 |          4179 |     46320
    34200 |      65 |       0 |          4179 |     46220
    34300 |      65 |       0 |          4179 |     46120
    34400 |      65 |       0 |          4179 |     46020
    34500 |      65 |       0 |          4179 |     45920
    34600 |      65 |       0 |          4179 |     45820
    34700 |      65 |       0 |          4179 |     45720
    34800 |      65 |       0 |          4179 |     45620
    34900 |      65 |       0 |          4179 |     45520
    35000 |      65 |       0 |          4179 |     45420
    35100 |      65 |       0 |          4179 |     45320
    35200 |      65 |       0 |          4179 |     45220
    35300 |      65 |       0 |          4179 |     45120
    35400 |      65 |       0 |          4179 |     45020
    35500 |      65 |       0 |          4179 |     44920
    35600 |      65 |       0 |          4179 |     44820
    35700 |      65 |       0 |          4179 |     44720
    35800 |      65 |       0 |          4179 |     44620
    35900 |      65 |       0 |          4179 |     44520
    36000 |      65 |       0 |          4179 |     44420
    36100 |      65 |       0 |          4179 |     44320
    36200 |      65 |       0 |          4179 |     44220
    36300 |      65 |       0 |          4179 |     44120
    36400 |      65 |       0 |          4179 |     44020
    36500 |      65 |       0 |          4179 |     43920
    36600 |      65 |       0 |          4179 |     43820
    36700 |      65 |       0 |          4179 |     43720
    36800 |      65 |       0 |          4181 |     43620
    36900 |      65 |       0 |          4213 |     43520
    37000 |      66 |       0 |          4221 |     43420
    37100 |      68 |       0 |          4227 |     43320
    37200 |      70 |       0 |          4233 |     43220
    37300 |      70 |       0 |          4238 |     43120
    37400 |      71 |       0 |          4246 |     43020
    37500 |      74 |       0 |          4258 |     42920
    37600 |      74 |       0 |          4268 |     42820
    37700 |      74 |       0 |          4274 |     42720
    37800 |      75 |       0 |          4286 |     42620
    37900 |      75 |       0 |          4298 |     42520
    38000 |      76 |       0 |          4306 |     42420
    38100 |      76 |       0 |          4316 |     42320
    38200 |      77 |       0 |          4326 |     42220
    38300 |      79 |       0 |          4337 |     42120
    38400 |      79 |       0 |          4337 |     42020
    38500 |      79 |       0 |          4337 |     41920
    38600 |      79 |       0 |          4337 |     41820
    38700 |      79 |       0 |          4339 |     41720
    38800 |      79 |       0 |          4339 |     41620
    38900 |      79 |       0 |          4339 |     41520
    39000 |      79 |       0 |          4339 |     41420
    39100 |      79 |       0 |          4339 |     41320
    39200 |      79 |       0 |          4339 |     41220
    39300 |      79 |       0 |          4339 |     41120
    39400 |      79 |       0 |          4339 |     41020
    39500 |      79 |       0 |          4339 |     40920
    39600 |      79 |       0 |          4339 |     40820
    39700 |      79 |       0 |          4339 |     40720
    39800 |      79 |       0 |          4339 |     40620
    39900 |      79 |       0 |          4340 |     40520
    40000 |      79 |       0 |          4340 |     40420
    40100 |      79 |       0 |          4340 |     40320
    40200 |      79 |       0 |          4340 |     40220
    40300 |      79 |       0 |          4340 |     40120
    40400 |      79 |       0 |          4340 |     40020
    40500 |      79 |       0 |          4341 |     39920
    40600 |      79 |       0 |          4341 |     39820
    40700 |      79 |       0 |          4341 |     39720
    40800 |      79 |       0 |          4341 |     39620
    40900 |      79 |       0 |          4341 |     39520
    41000 |      79 |       0 |          4341 |     39420
    41100 |      79 |       0 |          4341 |     39320
    41200 |      79 |       0 |          4341 |     39220
    41300 |      79 |       0 |          4341 |     39120
    41400 |      79 |       0 |          4341 |     39020
    41500 |      79 |       0 |          4341 |     38920
    41600 |      79 |       0 |          4341 |     38820
    41700 |      79 |       0 |          4341 |     38720
    41800 |      79 |       0 |          4341 |     38620
    41900 |      79 |       0 |          4341 |     38520
    42000 |      79 |       0 |          4341 |     38420
    42100 |      79 |       0 |          4384 |     38320
    42200 |      79 |       0 |          4484 |     38220
    42300 |      79 |       0 |          4584 |     38120
    42400 |      79 |       0 |          4684 |     38020
    42500 |      79 |       0 |          4784 |     37920
    42600 |      79 |       0 |          4884 |     37820
    42700 |      79 |       0 |          4984 |     37720
    42800 |      79 |       0 |          5084 |     37620
    42900 |      79 |       0 |          5125 |     37520
    43000 |      79 |       0 |          5133 |     37420
    43100 |      79 |       0 |          5142 |     37320
    43200 |      79 |       0 |          5149 |     37220
    43300 |      80 |       0 |          5156 |     37120
    43400 |      80 |       0 |          5164 |     37020
    43500 |      80 |       0 |          5171 |     36920
    43600 |      80 |       0 |          5179 |     36820
    43700 |      80 |       0 |          5189 |     36720
    43800 |      81 |       0 |          5198 |     36620
    43900 |      81 |       0 |          5207 |     36520
    44000 |      83 |       0 |          5216 |     36420
    44100 |      83 |       0 |          5225 |     36320
    44200 |      83 |       0 |          5233 |     36220
    44300 |      83 |       0 |          5242 |     36120
    44400 |      83 |       0 |          5249 |     36020
    44500 |      83 |       0 |          5259 |     35920
    44600 |      85 |       0 |          5266 |     35820
    44700 |      85 |       0 |          5280 |     35720
    44800 |      85 |       0 |          5287 |     35620
    44900 |      85 |       0 |          5287 |     35520
    45000 |      85 |       0 |          5287 |     35420
    45100 |      85 |       0 |          5287 |     35320
    45200 |      85 |       0 |          5287 |     35220
    45300 |      85 |       0 |          5287 |     35120
    45400 |      85 |       0 |          5287 |     35020
    45500 |      85 |       0 |          5287 |     34920
    45600 |      85 |       0 |          5287 |     34820
    45700 |      85 |       0 |          5287 |     34720
    45800 |      85 |       0 |          5287 |     34620
    45900 |      85 |       0 |          5287 |     34520
    46000 |      85 |       0 |          5287 |     34420
    46100 |      86 |       0 |          5287 |     34320
    46200 |      86 |       0 |          5287 |     34220
    46300 |      86 |       0 |          5287 |     34120
    46400 |      86 |       0 |          5287 |     34020
    46500 |      86 |       0 |          5287 |     33920
    46600 |      86 |       0 |          5287 |     33820
    46700 |      86 |       0 |          5287 |     33720
    46800 |      86 |       0 |          5287 |     33620
    46900 |      86 |       0 |          5287 |     33520
    47000 |      86 |       0 |          5287 |     33420
    47100 |      86 |       0 |          5287 |     33320
    47200 |      86 |       0 |          5287 |     33220
    47300 |      86 |       0 |          5287 |     33120
    47400 |      86 |       0 |          5287 |     33020
    47500 |      86 |       0 |          5287 |     32920
    47600 |      86 |       0 |          5287 |     32820
    47700 |      86 |       0 |          5287 |     32720
    47800 |      86 |       0 |          5287 |     32620
    47900 |      86 |       0 |          5287 |     32520
    48000 |      86 |       0 |          5287 |     32420
    48100 |      86 |       0 |          5287 |     32320
    48200 |      86 |       0 |          5287 |     32220
    48300 |      86 |       0 |          5287 |     32120
    48400 |      86 |       0 |          5287 |     32020
    48500 |      86 |       0 |          5287 |     31920
    48600 |      86 |       0 |          5287 |     31820
    48700 |      86 |       0 |          5287 |     31720
    48800 |      86 |       0 |          5287 |     31620
    48900 |      86 |       0 |          5287 |     31520
    49000 |      86 |       0 |          5287 |     31420
    49100 |      86 |       0 |          5287 |     31320
    49200 |      86 |       0 |          5287 |     31220
    49300 |      86 |       0 |          5317 |     31120
    49400 |      87 |       0 |          5368 |     31020
    49500 |      87 |       0 |          5380 |     30920
    49600 |      87 |       0 |          5381 |     30820
    49700 |      88 |       0 |          5421 |     30720
    49800 |      89 |       0 |          5421 |     30620
    49900 |      90 |       0 |          5462 |     30520
    50000 |      90 |       0 |          5552 |     30420
    50100 |      90 |       0 |          5594 |     30320
    50200 |      92 |       0 |          5612 |     30220
    50300 |      93 |       0 |          5622 |     30120
    50400 |      94 |       0 |          5636 |     30020
    50500 |      94 |       0 |          5644 |     29920
    50600 |      96 |       0 |          5655 |     29820
    50700 |      96 |       0 |          5663 |     29720
    50800 |      96 |       0 |          5671 |     29620
    50900 |      96 |       0 |          5683 |     29520
    51000 |      96 |       0 |          5694 |     29420
    51100 |      97 |       0 |          5703 |     29320
    51200 |      97 |       0 |          5714 |     29220
    51300 |      97 |       0 |          5727 |     29120
    51400 |      98 |       0 |          5743 |     29020
    51500 |      98 |       0 |          5760 |     28920
    51600 |      98 |       0 |          5772 |     28820
    51700 |      98 |       0 |          5787 |     28720
    51800 |      98 |       0 |          5796 |     28620
    51900 |      99 |       0 |          5806 |     28520
    52000 |      99 |       0 |          5817 |     28420
    52100 |      99 |       0 |          5828 |     28320
    52200 |      99 |       0 |          5835 |     28220
    52300 |      99 |       0 |          5835 |     28120
    52400 |      99 |       0 |          5835 |     28020
    52500 |      99 |       0 |          5835 |     27920
    52600 |      99 |       0 |          5835 |     27820
    52700 |      99 |       0 |          5835 |     27720
    52800 |      99 |       0 |          5835 |     27620
    52900 |      99 |       0 |          5835 |     27520
    53000 |      99 |       0 |          5835 |     27420
    53100 |      99 |       0 |          5835 |     27320
    53200 |      99 |       0 |          5835 |     27220
    53300 |      99 |       0 |          5835 |     27120
    53400 |      99 |       0 |          5835 |     27020
    53500 |      99 |       0 |          5835 |     26920
    53600 |      99 |       0 |          5835 |     26820
    53700 |      99 |       0 |          5835 |     26720
    53800 |      99 |       0 |          5835 |     26620
    53900 |      99 |       0 |          5835 |     26520
    54000 |      99 |       0 |          5835 |     26420
    54100 |      99 |       0 |          5835 |     26320
    54200 |      99 |       0 |          5835 |     26220
    54300 |      99 |       0 |          5849 |     26120
    54400 |      99 |       0 |          5879 |     26020
    54500 |      99 |       0 |          5939 |     25920
    54600 |      99 |       0 |          6039 |     25820
    54700 |     102 |       0 |          6139 |     25720
    54800 |     102 |       0 |          6239 |     25620
    54900 |     104 |       0 |          6339 |     25520
    55000 |     104 |       0 |          6439 |     25420
    55100 |     111 |       0 |          6539 |     25320
    55200 |     113 |       0 |          6639 |     25220
    55300 |     113 |       0 |          6737 |     25120
    55400 |     113 |       0 |          6803 |     25020
    55500 |     114 |       0 |          6816 |     24920
    55600 |     114 |       0 |          6829 |     24820
    55700 |     114 |       0 |          6840 |     24720
    55800 |     114 |       0 |          6856 |     24620
    55900 |     114 |       0 |          6865 |     24520
    56000 |     114 |       0 |          6881 |     24420
    56100 |     114 |       0 |          6893 |     24320
    56200 |     114 |       0 |          6907 |     24220
    56300 |     116 |       0 |          6917 |     24120
    56400 |     116 |       0 |          6931 |     24020
    56500 |     116 |       0 |          6942 |     23920
    56600 |     116 |       0 |          6955 |     23820
    56700 |     116 |       0 |          6965 |     23720
    56800 |     116 |       0 |          6978 |     23620
    56900 |     116 |       0 |          6988 |     23520
    57000 |     116 |       0 |          7001 |     23420
    57100 |     116 |       0 |          7014 |     23320
    57200 |     116 |       0 |          7027 |     23220
    57300 |     116 |       0 |          7039 |     23120
    57400 |     116 |       0 |          7049 |     23020
    57500 |     116 |       0 |          7061 |     22920
    57600 |     116 |       0 |          7074 |     22820
    57700 |     116 |       0 |          7086 |     22720
    57800 |     116 |       0 |          7097 |     22620
    57900 |     116 |       0 |          7110 |     22520
    58000 |     116 |       0 |          7125 |     22420
    58100 |     117 |       0 |          7142 |     22320
    58200 |     118 |       0 |          7156 |     22220
    58300 |     118 |       0 |          7171 |     22120
    58400 |     118 |       0 |          7182 |     22020
    58500 |     118 |       0 |          7197 |     21920
    58600 |     118 |       0 |          7208 |     21820
    58700 |     118 |       0 |          7222 |     21720
    58800 |     118 |       0 |          7237 |     21620
    58900 |     118 |       0 |          7249 |     21520
    59000 |     118 |       0 |          7262 |     21420
    59100 |     118 |       0 |          7274 |     21320
    59200 |     118 |       0 |          7284 |     21220
    59300 |     118 |       0 |          7297 |     21120
    59400 |     118 |       0 |          7310 |     21020
    59500 |     118 |       0 |          7321 |     20920
    59600 |     118 |       0 |          7336 |     20820
    59700 |     119 |       0 |          7350 |     20720
    59800 |     119 |       0 |          7368 |     20620
    59900 |     119 |       0 |          7368 |     20520
    60000 |     119 |       0 |          7368 |     20420
    60100 |     119 |       0 |          7368 |     20320
    60200 |     119 |       0 |          7368 |     20220
    60300 |     119 |       0 |          7368 |     20120
    60400 |     119 |       0 |          7368 |     20020
    60500 |     119 |       0 |          7368 |     19920
    60600 |     119 |       0 |          7368 |     19820
    60700 |     119 |       0 |          7368 |     19720
    60800 |     119 |       0 |          7368 |     19620
    60900 |     120 |       0 |          7368 |     19520
    61000 |     120 |       0 |          7368 |     19420
    61100 |     120 |       0 |          7368 |     19320
    61200 |     120 |       0 |          7368 |     19220
    61300 |     120 |       0 |          7368 |     19120
    61400 |     120 |       0 |          7368 |     19020
    61500 |     120 |       0 |          7368 |     18920
    61600 |     120 |       0 |          7368 |     18820
    61700 |     120 |       0 |          7368 |     18720
    61800 |     120 |       0 |          7368 |     18620
    61900 |     120 |       0 |          7368 |     18520
    62000 |     120 |       0 |          7368 |     18420
    62100 |     120 |       0 |          7368 |     18320
    62200 |     120 |       0 |          7368 |     18220
    62300 |     120 |       0 |          7368 |     18120
    62400 |     120 |       0 |          7368 |     18020
    62500 |     120 |       0 |          7368 |     17920
    62600 |     120 |       0 |          7368 |     17820
    62700 |     120 |       0 |          7368 |     17720
    62800 |     120 |       0 |          7368 |     17620
    62900 |     120 |       0 |          7368 |     17520
    63000 |     120 |       0 |          7368 |     17420
    63100 |     120 |       0 |          7368 |     17320
    63200 |     120 |       0 |          7368 |     17220
    63300 |     120 |       0 |          7368 |     17120
    63400 |     120 |       0 |          7368 |     17020
    63500 |     120 |       0 |          7368 |     16920
    63600 |     120 |       0 |          7368 |     16820
    63700 |     120 |       0 |          7368 |     16720
    63800 |     120 |       0 |          7368 |     16620
    63900 |     120 |       0 |          7368 |     16520
    64000 |     120 |       0 |          7368 |     16420
    64100 |     120 |       0 |          7368 |     16320
    64200 |     120 |       0 |          7368 |     16220
    64300 |     120 |       0 |          7368 |     16120
    64400 |     120 |       0 |          7368 |     16020
    64500 |     120 |       2 |          7369 |     15920
    64600 |     120 |       4 |          7446 |     15820
    64700 |     120 |       4 |          7496 |     15720
    64800 |     120 |       4 |          7579 |     15620
    64900 |     120 |       4 |          7668 |     15520
    65000 |     120 |       4 |          7759 |     15420
    65100 |     120 |       4 |          7842 |     15320
    65200 |     120 |       4 |          7884 |     15220
    65300 |     120 |       4 |          7884 |     15120
    65400 |     120 |       4 |          7884 |     15020
    65500 |     120 |       4 |          7884 |     14920
    65600 |     120 |       4 |          7884 |     14820
    65700 |     120 |       4 |          7884 |     14720
    65800 |     120 |       4 |          7886 |     14620
    65900 |     120 |       4 |          7886 |     14520
    66000 |     120 |      11 |          7949 |     14420
    66100 |     120 |      11 |          8022 |     14320
    66200 |     120 |      11 |          8096 |     14220
    66300 |     120 |      11 |          8172 |     14120
    66400 |     120 |      11 |          8246 |     14020
    66500 |     120 |      11 |          8322 |     13920
    66600 |     120 |      11 |          8392 |     13820
    66700 |     120 |      11 |          8468 |     13720
    66800 |     120 |      11 |          8544 |     13620
    66900 |     120 |      11 |          8618 |     13520
    67000 |     120 |      11 |          8689 |     13420
    67100 |     120 |      11 |          8762 |     13320
    67200 |     120 |      11 |          8840 |     13220
    67300 |     120 |      11 |          8913 |     13120
    67400 |     120 |      11 |          8983 |     13020
    67500 |     120 |      11 |          9054 |     12920
    67600 |     120 |      11 |          9125 |     12820
    67700 |     120 |      11 |          9195 |     12720
    67800 |     120 |      11 |          9268 |     12620
    67900 |     120 |      11 |          9342 |     12520
    68000 |     120 |      11 |          9415 |     12420
    68100 |     120 |      11 |          9487 |     12320
    68200 |     120 |      11 |          9560 |     12220
    68300 |     120 |      14 |          9624 |     12120
    68400 |     120 |      14 |          9695 |     12020
    68500 |     120 |      14 |          9769 |     11920
    68600 |     120 |      14 |          9839 |     11820
    68700 |     120 |      28 |          9868 |     11720
    68800 |     120 |      28 |          9871 |     11620
    68900 |     121 |      28 |          9883 |     11520
    69000 |     121 |      28 |          9916 |     11420
    69100 |     121 |      28 |          9922 |     11320
    69200 |     128 |      28 |          9946 |     11220
    69300 |     130 |      28 |          9977 |     11120
    69400 |     131 |      28 |          9985 |     11020
    69500 |     131 |      28 |         10003 |     10920
    69600 |     131 |      28 |         10023 |     10820
    69700 |     131 |      28 |         10048 |     10720
    69800 |     132 |      28 |         10073 |     10620
    69900 |     133 |      28 |         10102 |     10520
    70000 |     133 |      28 |         10131 |     10420
    70100 |     135 |      28 |         10158 |     10320
    70200 |     135 |      28 |         10177 |     10220
    70300 |     136 |      28 |         10199 |     10120
    70400 |     136 |      28 |         10219 |     10020
    70500 |     138 |      28 |         10244 |      9920
    70600 |     138 |      28 |         10273 |      9820
    70700 |     138 |      28 |         10304 |      9720
    70800 |     139 |      28 |         10334 |      9620
    70900 |     141 |      28 |         10366 |      9520
    71000 |     144 |      28 |         10394 |      9420
    71100 |     145 |      28 |         10418 |      9320
    71200 |     146 |      28 |         10446 |      9220
    71300 |     147 |      28 |         10467 |      9120
    71400 |     149 |      28 |         10486 |      9020
    71500 |     150 |      28 |         10510 |      8920
    71600 |     153 |      28 |         10529 |      8820
    71700 |     153 |      28 |         10529 |      8720
    71800 |     154 |      28 |         10529 |      8620
    71900 |     156 |      28 |         10529 |      8520
    72000 |     159 |      28 |         10529 |      8420
    72100 |     165 |      28 |         10529 |      8320
    72200 |     167 |      28 |         10529 |      8220
    72300 |     169 |      28 |         10529 |      8120
    72400 |     172 |      28 |         10529 |      8020
    72500 |     174 |      28 |         10529 |      7920
    72600 |     176 |      28 |         10529 |      7820
    72700 |     176 |      28 |         10529 |      7720
    72800 |     189 |      28 |         10529 |      7620
    72900 |     208 |      28 |         10529 |      7520
    73000 |     208 |      28 |         10529 |      7420
    73100 |     208 |      28 |         10529 |      7320
    73200 |     208 |      28 |         10529 |      7220
    73300 |     208 |      28 |         10529 |      7120
    73400 |     208 |      28 |         10529 |      7020
    73500 |     208 |      28 |         10529 |      6920
    73600 |     208 |      28 |         10529 |      6820
    73700 |     208 |      28 |         10529 |      6720
    73800 |     208 |      28 |         10529 |      6620
    73900 |     208 |      28 |         10529 |      6520
    74000 |     208 |      28 |         10529 |      6420
    74100 |     208 |      28 |         10529 |      6320
    74200 |     208 |      28 |         10529 |      6220
    74300 |     208 |      28 |         10529 |      6120
    74400 |     208 |      28 |         10529 |      6020
    74500 |     211 |      75 |         10536 |      5920
    74600 |     211 |     132 |         10541 |      5820
    74700 |     211 |     132 |         10541 |      5720
    74800 |     211 |     132 |         10541 |      5620
    74900 |     211 |     132 |         10541 |      5520
    75000 |     211 |     132 |         10541 |      5420
    75100 |     211 |     132 |         10541 |      5320
    75200 |     211 |     132 |         10541 |      5220
    75300 |     211 |     132 |         10541 |      5120
    75400 |     211 |     132 |         10541 |      5020
    75500 |     211 |     132 |         10541 |      4920
    75600 |     211 |     132 |         10541 |      4820
    75700 |     211 |     132 |         10541 |      4720
    75800 |     211 |     132 |         10541 |      4620
    75900 |     211 |     132 |         10541 |      4520
    76000 |     211 |     132 |         10541 |      4420
    76100 |     211 |     132 |         10541 |      4320
    76200 |     211 |     132 |         10541 |      4220
    76300 |     211 |     132 |         10541 |      4120
    76400 |     211 |     132 |         10541 |      4020
    76500 |     211 |     132 |         10541 |      3920
    76600 |     211 |     132 |         10541 |      3820
    76700 |     211 |     132 |         10541 |      3720
    76800 |     211 |     132 |         10541 |      3620
    76900 |     211 |     132 |         10541 |      3520
    77000 |     211 |     132 |         10541 |      3420
    77100 |     211 |     132 |         10541 |      3320
    77200 |     211 |     132 |         10541 |      3220
    77300 |     211 |     132 |         10541 |      3120
    77400 |     211 |     132 |         10541 |      3020
    77500 |     211 |     132 |         10541 |      2920
    77600 |     211 |     132 |         10541 |      2820
    77700 |     211 |     132 |         10541 |      2720
    77800 |     211 |     132 |         10541 |      2620
    77900 |     211 |     132 |         10541 |      2520
    78000 |     211 |     132 |         10541 |      2420
    78100 |     211 |     132 |         10541 |      2320
    78200 |     211 |     132 |         10541 |      2220
    78300 |     211 |     132 |         10541 |      2120
    78400 |     212 |     132 |         10541 |      2020
    78500 |     212 |     132 |         10541 |      1920
    78600 |     212 |     132 |         10541 |      1820
    78700 |     212 |     132 |         10541 |      1720
    78800 |     212 |     132 |         10541 |      1620
    78900 |     212 |     132 |         10541 |      1520
    79000 |     212 |     132 |         10541 |      1420
    79100 |     212 |     132 |         10541 |      1320
    79200 |     212 |     132 |         10541 |      1220
    79300 |     212 |     132 |         10541 |      1120
    79400 |     212 |     132 |         10541 |      1020
    79500 |     212 |     132 |         10541 |       920
    79600 |     212 |     132 |         10541 |       820
    79700 |     212 |     132 |         10541 |       720
    79800 |     212 |     132 |         10541 |       620
    79900 |     212 |     132 |         10541 |       520
    80000 |     212 |     132 |         10541 |       420
    80100 |     212 |     132 |         10541 |       320
    80200 |     212 |     132 |         10541 |       220
    80300 |     212 |     132 |         10541 |       120
    80400 |     220 |     179 |         10548 |        20
    final |     220 |     179 |         10548 |         0
---------------------------------------------------------
[INFO RSZ-0034] Found 10546 slew violations.
[INFO RSZ-0036] Found 20 capacitance violations.
[INFO RSZ-0037] Found 4 long wires.
[INFO RSZ-0038] Inserted 179 buffers in 10548 nets.
[INFO RSZ-0039] Resized 220 instances.
Took 10 seconds: repair_design -verbose
Repair tie lo fanout...
[INFO RSZ-0042] Inserted 1 tie LOGIC0_X1 instances.
Repair tie hi fanout...
Floating nets: 
Report metrics stage 3, resizer...

==========================================================================
resizer report_design_area
--------------------------------------------------------------------------
Design area 106997 u^2 46% utilization.
Instance count before 65447, after 65671
Pin count before 213149, after 213597
Elapsed time: 0:53.48[h:]min:sec. CPU time: user 74.69 sys 14.16 (166%). Peak memory: 595836KB.
