OpenROAD e69d93ffb92e02e755ed4277376296f3deaaa8d9 
Features included (+) or not (-): +GPU +GUI +Python
This program is licensed under the BSD-3 license. See the LICENSE file for details.
Components of this program may be licensed under more restrictive licenses which must be honored.
[INFO ORD-0030] Using 8 thread(s).
source /home/fetzfs_projects/MLBuf/flows/OpenROAD-flow-scripts/flow/platforms/nangate45/setRC.tcl
Placement Analysis
---------------------------------
total displacement      65826.2 u
average displacement        1.0 u
max displacement            9.8 u
original HPWL          472835.7 u
legalized HPWL         531236.5 u
delta HPWL                   12 %

Detailed placement improvement.
Importing netlist into detailed improver.
[INFO DPO-0100] Creating network with 65671 cells, 47 terminals, 80599 edges, 213644 pins, and 0 blockages.
[INFO DPO-0109] Network stats: inst 65718, edges 80599, pins 213644
[INFO DPO-0110] Number of regions is 1
[INFO DPO-0401] Setting random seed to 1.
[INFO DPO-0402] Setting maximum displacement 5 1 to 14000 2800 units.
[INFO DPO-0320] Collected 1427 fixed cells.
[INFO DPO-0318] Collected 64291 single height cells.
[INFO DPO-0321] Collected 0 wide cells.
[INFO DPO-0322] Image (2280, 2800) - (967480, 966000)
[INFO DPO-0310] Assigned 64291 cells into segments.  Movement in X-direction is 0.000000, movement in Y-direction is 0.000000.
[INFO DPO-0313] Found 0 cells in wrong regions.
[INFO DPO-0315] Found 0 row alignment problems.
[INFO DPO-0314] Found 0 site alignment problems.
[INFO DPO-0311] Found 0 overlaps between adjacent cells.
[INFO DPO-0312] Found 0 edge spacing violations and 0 padding violations.
[INFO DPO-0303] Running algorithm for independent set matching.
[INFO DPO-0300] Set matching objective is wirelength.
[INFO DPO-0301] Pass   1 of matching; objective is 1.072978e+09.
[INFO DPO-0302] End of matching; objective is 1.068994e+09, improvement is 0.37 percent.
[INFO DPO-0303] Running algorithm for global swaps.
[INFO DPO-0306] Pass   1 of global swaps; hpwl is 1.049651e+09.
[INFO DPO-0306] Pass   2 of global swaps; hpwl is 1.046080e+09.
[INFO DPO-0307] End of global swaps; objective is 1.046080e+09, improvement is 2.14 percent.
[INFO DPO-0303] Running algorithm for vertical swaps.
[INFO DPO-0308] Pass   1 of vertical swaps; hpwl is 1.042583e+09.
[INFO DPO-0309] End of vertical swaps; objective is 1.042583e+09, improvement is 0.33 percent.
[INFO DPO-0303] Running algorithm for reordering.
[INFO DPO-0304] Pass   1 of reordering; objective is 1.036970e+09.
[INFO DPO-0305] End of reordering; objective is 1.036970e+09, improvement is 0.54 percent.
[INFO DPO-0303] Running algorithm for random improvement.
[INFO DPO-0324] Random improver is using displacement generator.
[INFO DPO-0325] Random improver is using hpwl objective.
[INFO DPO-0326] Random improver cost string is (a).
