OpenROAD e69d93ffb92e02e755ed4277376296f3deaaa8d9 
Features included (+) or not (-): +GPU +GUI +Python
This program is licensed under the BSD-3 license. See the LICENSE file for details.
Components of this program may be licensed under more restrictive licenses which must be honored.
[INFO ORD-0030] Using 8 thread(s).
source /home/fetzfs_projects/MLBuf/flows/OpenROAD-flow-scripts/flow/platforms/nangate45/setRC.tcl
Placement Analysis
---------------------------------
total displacement      27222.6 u
average displacement        1.7 u
max displacement           25.3 u
original HPWL          173510.0 u
legalized HPWL         204145.2 u
delta HPWL                   18 %

Detailed placement improvement.
Importing netlist into detailed improver.
[INFO DPO-0100] Creating network with 15907 cells, 264 terminals, 18144 edges, 59974 pins, and 0 blockages.
[INFO DPO-0109] Network stats: inst 16171, edges 18144, pins 59974
[INFO DPO-0110] Number of regions is 1
[INFO DPO-0401] Setting random seed to 1.
[INFO DPO-0402] Setting maximum displacement 5 1 to 14000 2800 units.
[INFO DPO-0320] Collected 690 fixed cells.
[INFO DPO-0318] Collected 15481 single height cells.
[INFO DPO-0321] Collected 0 wide cells.
[INFO DPO-0322] Image (2280, 2800) - (480320, 478800)
[INFO DPO-0310] Assigned 15481 cells into segments.  Movement in X-direction is 0.000000, movement in Y-direction is 0.000000.
[INFO DPO-0313] Found 0 cells in wrong regions.
[INFO DPO-0315] Found 0 row alignment problems.
[INFO DPO-0314] Found 0 site alignment problems.
[INFO DPO-0311] Found 0 overlaps between adjacent cells.
[INFO DPO-0312] Found 0 edge spacing violations and 0 padding violations.
[INFO DPO-0303] Running algorithm for independent set matching.
[INFO DPO-0300] Set matching objective is wirelength.
[INFO DPO-0301] Pass   1 of matching; objective is 4.105093e+08.
[INFO DPO-0302] End of matching; objective is 4.097239e+08, improvement is 0.19 percent.
[INFO DPO-0303] Running algorithm for global swaps.
[INFO DPO-0306] Pass   1 of global swaps; hpwl is 4.038520e+08.
[INFO DPO-0306] Pass   2 of global swaps; hpwl is 4.027311e+08.
[INFO DPO-0307] End of global swaps; objective is 4.027311e+08, improvement is 1.71 percent.
[INFO DPO-0303] Running algorithm for vertical swaps.
[INFO DPO-0308] Pass   1 of vertical swaps; hpwl is 4.020633e+08.
[INFO DPO-0309] End of vertical swaps; objective is 4.020633e+08, improvement is 0.17 percent.
[INFO DPO-0303] Running algorithm for reordering.
[INFO DPO-0304] Pass   1 of reordering; objective is 3.941530e+08.
[INFO DPO-0304] Pass   2 of reordering; objective is 3.918517e+08.
[INFO DPO-0305] End of reordering; objective is 3.918517e+08, improvement is 2.54 percent.
[INFO DPO-0303] Running algorithm for random improvement.
[INFO DPO-0324] Random improver is using displacement generator.
[INFO DPO-0325] Random improver is using hpwl objective.
[INFO DPO-0326] Random improver cost string is (a).
[INFO DPO-0332] End of pass, Generator displacement called 309620 times.
[INFO DPO-0335] Generator displacement, Cumulative attempts 309620, swaps 55459, moves 34264 since last reset.
[INFO DPO-0333] End of pass, Objective hpwl, Initial cost 3.869519e+08, Scratch cost 3.838738e+08, Incremental cost 3.838738e+08, Mismatch? N
[INFO DPO-0338] End of pass, Total cost is 3.838738e+08.
[INFO DPO-0327] Pass   1 of random improver; improvement in cost is 0.80 percent.
[INFO DPO-0328] End of random improver; improvement is 0.795463 percent.
[INFO DPO-0380] Cell flipping.
[INFO DPO-0382] Changed 7759 cell orientations for row compatibility.
[INFO DPO-0383] Performed 4306 cell flips.
[INFO DPO-0384] End of flipping; objective is 3.846159e+08, improvement is 1.07 percent.
[INFO DPO-0313] Found 0 cells in wrong regions.
[INFO DPO-0315] Found 0 row alignment problems.
[INFO DPO-0314] Found 0 site alignment problems.
[INFO DPO-0311] Found 0 overlaps between adjacent cells.
[INFO DPO-0312] Found 0 edge spacing violations and 0 padding violations.
Detailed Improvement Results
------------------------------------------
Original HPWL           204145.2 u
Final HPWL              190743.0 u
Delta HPWL                  -6.6 %

[INFO DPL-0020] Mirrored 950 instances
[INFO DPL-0021] HPWL before          190743.0 u
[INFO DPL-0022] HPWL after           190612.4 u
[INFO DPL-0023] HPWL delta               -0.1 %
[INFO FLW-0012] Placement violations .
Report metrics stage 3, detailed place...

==========================================================================
detailed place report_design_area
--------------------------------------------------------------------------
Design area 31995 u^2 56% utilization.
Elapsed time: 0:24.38[h:]min:sec. CPU time: user 31.73 sys 6.89 (158%). Peak memory: 245408KB.
