OpenROAD e69d93ffb92e02e755ed4277376296f3deaaa8d9 
Features included (+) or not (-): +GPU +GUI +Python
This program is licensed under the BSD-3 license. See the LICENSE file for details.
Components of this program may be licensed under more restrictive licenses which must be honored.
[INFO ORD-0030] Using 8 thread(s).
source /home/fetzfs_projects/MLBuf/flows/OpenROAD-flow-scripts/flow/platforms/nangate45/setRC.tcl
clock_tree_synthesis -sink_clustering_enable -balance_levels
[INFO CTS-0050] Root buffer is CLKBUF_X3.
[INFO CTS-0051] Sink buffer is CLKBUF_X3.
[INFO CTS-0052] The following clock buffers will be used for CTS:
                    CLKBUF_X3
[INFO CTS-0049] Characterization buffer is CLKBUF_X3.
[INFO CTS-0007] Net "clk_i" found for clock "core_clock".
[INFO CTS-0011]  Clock net "clk_i" for macros has 1 sinks.
[INFO CTS-0011]  Clock net "clk_i_regs" for registers has 995 sinks.
[INFO CTS-0010]  Clock net "clk" has 937 sinks.
[INFO CTS-0008] TritonCTS found 3 clock nets.
[INFO CTS-0097] Characterization used 1 buffer(s) types.
[INFO CTS-0200] 0 placement blockages have been identified.
[INFO CTS-0201] 0 placed hard macros will be treated like blockages.
[INFO CTS-0027] Generating H-Tree topology for net clk_i.
[INFO CTS-0028]  Total number of sinks: 1.
[INFO CTS-0090]  Sinks will be clustered based on buffer max cap.
[INFO CTS-0030]  Number of static layers: 0.
[INFO CTS-0020]  Wire segment unit: 14000  dbu (7 um).
[INFO CTS-0023]  Original sink region: [(256365, 12775), (256365, 12775)].
[INFO CTS-0024]  Normalized sink region: [(18.3118, 0.9125), (18.3118, 0.9125)].
[INFO CTS-0025]     Width:  0.0000.
[INFO CTS-0026]     Height: 0.0000.
 Level 1
    Direction: Vertical
    Sinks per sub-region: 1
    Sub-region size: 0.0000 X 0.0000
[INFO CTS-0034]     Segment length (rounded): 1.
[INFO CTS-0032]  Stop criterion found. Max number of sinks is 15.
[INFO CTS-0035]  Number of sinks covered: 1.
[INFO CTS-0200] 0 placement blockages have been identified.
[INFO CTS-0201] 0 placed hard macros will be treated like blockages.
[INFO CTS-0027] Generating H-Tree topology for net clk_i_regs.
[INFO CTS-0028]  Total number of sinks: 995.
[INFO CTS-0090]  Sinks will be clustered based on buffer max cap.
[INFO CTS-0030]  Number of static layers: 0.
[INFO CTS-0020]  Wire segment unit: 14000  dbu (7 um).
[INFO CTS-0206] Best clustering solution was found from clustering size of 30 and clustering diameter of 50.
[INFO CTS-0019]  Total number of sinks after clustering: 130.
[INFO CTS-0024]  Normalized sink region: [(3.27214, 3.2375), (20.1305, 32.8757)].
[INFO CTS-0025]     Width:  16.8584.
[INFO CTS-0026]     Height: 29.6382.
 Level 1
    Direction: Vertical
    Sinks per sub-region: 65
    Sub-region size: 16.8584 X 14.8191
[INFO CTS-0034]     Segment length (rounded): 8.
 Level 2
    Direction: Horizontal
    Sinks per sub-region: 33
    Sub-region size: 8.4292 X 14.8191
[INFO CTS-0034]     Segment length (rounded): 4.
 Level 3
    Direction: Vertical
    Sinks per sub-region: 17
    Sub-region size: 8.4292 X 7.4096
[INFO CTS-0034]     Segment length (rounded): 4.
 Level 4
    Direction: Horizontal
    Sinks per sub-region: 9
    Sub-region size: 4.2146 X 7.4096
[INFO CTS-0034]     Segment length (rounded): 2.
[INFO CTS-0032]  Stop criterion found. Max number of sinks is 15.
[INFO CTS-0035]  Number of sinks covered: 130.
[INFO CTS-0200] 0 placement blockages have been identified.
[INFO CTS-0201] 0 placed hard macros will be treated like blockages.
[INFO CTS-0027] Generating H-Tree topology for net clk.
[INFO CTS-0028]  Total number of sinks: 937.
[INFO CTS-0090]  Sinks will be clustered based on buffer max cap.
[INFO CTS-0030]  Number of static layers: 0.
[INFO CTS-0020]  Wire segment unit: 14000  dbu (7 um).
[INFO CTS-0206] Best clustering solution was found from clustering size of 30 and clustering diameter of 50.
[INFO CTS-0019]  Total number of sinks after clustering: 133.
[INFO CTS-0024]  Normalized sink region: [(12.5385, 1.03), (33.9886, 27.3854)].
[INFO CTS-0025]     Width:  21.4501.
[INFO CTS-0026]     Height: 26.3554.
 Level 1
    Direction: Vertical
    Sinks per sub-region: 67
    Sub-region size: 21.4501 X 13.1777
[INFO CTS-0034]     Segment length (rounded): 6.
 Level 2
    Direction: Horizontal
    Sinks per sub-region: 34
    Sub-region size: 10.7251 X 13.1777
[INFO CTS-0034]     Segment length (rounded): 6.
 Level 3
    Direction: Vertical
    Sinks per sub-region: 17
    Sub-region size: 10.7251 X 6.5889
[INFO CTS-0034]     Segment length (rounded): 4.
 Level 4
    Direction: Horizontal
    Sinks per sub-region: 9
    Sub-region size: 5.3625 X 6.5889
[INFO CTS-0034]     Segment length (rounded): 2.
[INFO CTS-0032]  Stop criterion found. Max number of sinks is 15.
[INFO CTS-0035]  Number of sinks covered: 133.
[INFO CTS-0018]     Created 2 clock buffers.
[INFO CTS-0012]     Minimum number of buffers in the clock path: 2.
[INFO CTS-0013]     Maximum number of buffers in the clock path: 2.
[INFO CTS-0015]     Created 2 clock nets.
[INFO CTS-0016]     Fanout distribution for the current clock = 1:1..
[INFO CTS-0017]     Max level of the clock tree: 1.
[INFO CTS-0018]     Created 147 clock buffers.
[INFO CTS-0012]     Minimum number of buffers in the clock path: 3.
[INFO CTS-0013]     Maximum number of buffers in the clock path: 3.
[INFO CTS-0015]     Created 147 clock nets.
[INFO CTS-0016]     Fanout distribution for the current clock = 3:2, 5:2, 6:6, 7:47, 8:64, 9:21, 10:2, 11:1, 12:1..
[INFO CTS-0017]     Max level of the clock tree: 4.
[INFO CTS-0018]     Created 150 clock buffers.
[INFO CTS-0012]     Minimum number of buffers in the clock path: 3.
[INFO CTS-0013]     Maximum number of buffers in the clock path: 3.
[INFO CTS-0015]     Created 150 clock nets.
[INFO CTS-0016]     Fanout distribution for the current clock = 3:1, 4:4, 5:4, 6:23, 7:65, 8:42, 9:5, 10:2, 11:1, 12:1, 14:1..
[INFO CTS-0017]     Max level of the clock tree: 4.
[INFO CTS-0124] Clock net "clk_i"
[INFO CTS-0125]  Sinks 1
[INFO CTS-0098] Clock net "clk_i_regs"
[INFO CTS-0099]  Sinks 1098
[INFO CTS-0100]  Leaf buffers 130
[INFO CTS-0101]  Average sink wire length 115.49 um
[INFO CTS-0102]  Path depth 2 - 3
[INFO CTS-0207]  Leaf load cells 231
[INFO CTS-0098] Clock net "clk"
[INFO CTS-0099]  Sinks 1065
[INFO CTS-0100]  Leaf buffers 133
[INFO CTS-0101]  Average sink wire length 230.06 um
[INFO CTS-0102]  Path depth 2 - 3
[INFO CTS-0207]  Leaf load cells 231
[INFO RSZ-0058] Using max wire length 640um.
Placement Analysis
---------------------------------
total displacement       3109.0 u
average displacement        0.2 u
max displacement           16.3 u
original HPWL          198553.8 u
legalized HPWL         203865.0 u
delta HPWL                    3 %

repair_timing -verbose -setup_margin 0 -hold_margin 0 -repair_tns 100
[INFO RSZ-0094] Found 795 endpoints with setup violations.
[INFO RSZ-0099] Repairing 795 out of 795 (100.00%) violating endpoints...
   Iter   | Removed | Resized | Inserted | Cloned |  Pin  |    WNS   |   TNS      |  Viol  | Worst
          | Buffers |  Gates  | Buffers  |  Gates | Swaps |          |            | Endpts | Endpt
---------------------------------------------------------------------------------------------------
        0 |       0 |       0 |        0 |      0 |     0 |   -0.486 |      -98.3 |    795 | instr_addr_o[26]
       10 |       0 |       0 |       24 |      0 |     3 |   -0.381 |      -88.9 |    795 | instr_addr_o[31]
       20 |       0 |       0 |       38 |      0 |     8 |   -0.312 |      -83.9 |    795 | instr_addr_o[31]
       30 |       0 |       2 |       59 |      1 |    11 |   -0.294 |      -83.1 |    795 | instr_addr_o[26]
       40 |       0 |       4 |       73 |      1 |    14 |   -0.277 |      -80.5 |    795 | instr_addr_o[31]
       50 |       0 |       6 |       75 |      1 |    21 |   -0.252 |      -79.4 |    795 | instr_addr_o[31]
       60 |       0 |      11 |       80 |      1 |    23 |   -0.241 |      -79.1 |    795 | instr_addr_o[26]
       70 |       0 |      13 |       97 |      1 |    25 |   -0.232 |      -78.5 |    795 | gen_regfile_ff.register_file_i.rf_reg_q\[190\]$_DFFE_PN0P_/D
       80 |       0 |      15 |      102 |      1 |    30 |   -0.228 |      -63.3 |    795 | instr_addr_o[31]
       90 |       0 |      20 |      114 |      1 |    32 |   -0.208 |      -62.9 |    795 | instr_addr_o[31]
      100 |       0 |      24 |      121 |      1 |    36 |   -0.200 |      -60.7 |    795 | instr_addr_o[26]
      110 |       0 |      29 |      141 |      1 |    37 |   -0.192 |      -54.5 |    795 | instr_addr_o[26]
      120 |       0 |      35 |      147 |      1 |    38 |   -0.184 |      -43.1 |    795 | instr_addr_o[31]
      130 |       0 |      39 |      154 |      1 |    42 |   -0.179 |      -42.9 |    795 | instr_addr_o[31]
      133 |       0 |      37 |      154 |      1 |    40 |   -0.177 |      -42.9 |    795 | instr_addr_o[31]
      140 |       0 |      40 |      157 |      1 |    42 |   -0.176 |      -42.8 |    795 | instr_addr_o[31]
      150 |       0 |      48 |      161 |      1 |    43 |   -0.179 |      -42.8 |    795 | instr_addr_o[31]
      160 |       0 |      56 |      161 |      1 |    45 |   -0.177 |      -42.7 |    795 | instr_addr_o[31]
      170 |       0 |      62 |      167 |      1 |    48 |   -0.177 |      -42.7 |    795 | instr_addr_o[31]
      170 |       0 |      61 |      167 |      1 |    48 |   -0.176 |      -42.7 |    795 | instr_addr_o[31]
      172 |       0 |      61 |      167 |      1 |    48 |   -0.176 |      -42.7 |    795 | instr_addr_o[31]
      180 |       0 |      65 |      171 |      1 |    49 |   -0.176 |      -42.6 |    795 | instr_addr_o[31]
      187 |       0 |      64 |      170 |      1 |    49 |   -0.176 |      -42.7 |    795 | instr_addr_o[31]
      190 |       0 |      64 |      173 |      1 |    50 |   -0.176 |      -42.7 |    795 | instr_addr_o[31]
      197 |       0 |      68 |      173 |      1 |    51 |   -0.176 |      -42.7 |    795 | instr_addr_o[31]
      200 |       0 |      68 |      175 |      1 |    52 |   -0.176 |      -42.6 |    795 | instr_addr_o[31]
      205 |       0 |      69 |      175 |      1 |    53 |   -0.176 |      -42.6 |    795 | instr_addr_o[31]
      210 |       0 |      70 |      175 |      2 |    55 |   -0.176 |      -42.6 |    795 | instr_addr_o[31]
      216 |       0 |      72 |      175 |      2 |    55 |   -0.176 |      -42.6 |    795 | instr_addr_o[31]
      220 |       0 |      73 |      175 |      2 |    57 |   -0.176 |      -42.6 |    795 | instr_addr_o[31]
