OpenROAD e69d93ffb92e02e755ed4277376296f3deaaa8d9 
Features included (+) or not (-): +GPU +GUI +Python
This program is licensed under the BSD-3 license. See the LICENSE file for details.
Components of this program may be licensed under more restrictive licenses which must be honored.
[INFO ORD-0030] Using 8 thread(s).
source /home/fetzfs_projects/MLBuf/flows/OpenROAD-flow-scripts/flow/platforms/nangate45/setRC.tcl
Perform port buffering...
[INFO RSZ-0027] Inserted 19 input buffers.
[INFO RSZ-0028] Inserted 26 output buffers.
Perform buffer insertion and gate resizing...
repair_design -verbose
[INFO RSZ-0058] Using max wire length 640um.
Iteration | Resized | Buffers | Nets repaired | Remaining
---------------------------------------------------------
        0 |       0 |       0 |             0 |     80420
      100 |       3 |       0 |            83 |     80320
      200 |       6 |       0 |           157 |     80220
      300 |      10 |       0 |           222 |     80120
      400 |      12 |       0 |           293 |     80020
      500 |      17 |       0 |           350 |     79920
      600 |      26 |       0 |           368 |     79820
      700 |      32 |       0 |           389 |     79720
      800 |      35 |       0 |           422 |     79620
      900 |      38 |       0 |           448 |     79520
     1000 |      39 |       0 |           485 |     79420
     1100 |      40 |       0 |           523 |     79320
     1200 |      42 |       0 |           556 |     79220
     1300 |      46 |       0 |           574 |     79120
     1400 |      50 |       0 |           593 |     79020
     1500 |      53 |       0 |           617 |     78920
     1600 |      55 |       0 |           632 |     78820
     1700 |      60 |       0 |           657 |     78720
     1800 |      60 |       0 |           681 |     78620
     1900 |      61 |       0 |           703 |     78520
     2000 |      63 |       0 |           713 |     78420
     2100 |      64 |       0 |           725 |     78320
     2200 |      65 |       0 |           737 |     78220
     2300 |      68 |       0 |           749 |     78120
     2400 |      69 |       0 |           785 |     78020
     2500 |      72 |       0 |           800 |     77920
     2600 |      74 |       0 |           816 |     77820
     2700 |      77 |       0 |           825 |     77720
     2800 |      81 |       0 |           839 |     77620
     2900 |      81 |       0 |           850 |     77520
     3000 |      84 |       0 |           856 |     77420
     3100 |      88 |       0 |           862 |     77320
     3200 |      90 |       0 |           868 |     77220
     3300 |      93 |       0 |           875 |     77120
     3400 |      95 |       0 |           882 |     77020
     3500 |      99 |       0 |           894 |     76920
     3600 |     103 |       0 |           914 |     76820
     3700 |     109 |       0 |           916 |     76720
     3800 |     114 |       0 |           922 |     76620
     3900 |     118 |       0 |           928 |     76520
     4000 |     123 |       0 |           934 |     76420
     4100 |     129 |       0 |           939 |     76320
     4200 |     132 |       0 |           945 |     76220
     4300 |     132 |       0 |           950 |     76120
     4400 |     132 |       0 |           972 |     76020
     4500 |     134 |       0 |           976 |     75920
     4600 |     136 |       0 |           979 |     75820
     4700 |     137 |       0 |           983 |     75720
     4800 |     142 |       0 |           986 |     75620
     4900 |     144 |       0 |           990 |     75520
     5000 |     149 |       0 |           993 |     75420
     5100 |     150 |       0 |           995 |     75320
     5200 |     157 |       0 |           996 |     75220
     5300 |     160 |       0 |          1001 |     75120
     5400 |     163 |       0 |          1005 |     75020
     5500 |     163 |       0 |          1005 |     74920
     5600 |     163 |       0 |          1005 |     74820
     5700 |     163 |       0 |          1005 |     74720
     5800 |     163 |       0 |          1005 |     74620
     5900 |     163 |       0 |          1009 |     74520
     6000 |     170 |       0 |          1032 |     74420
     6100 |     183 |       0 |          1052 |     74320
     6200 |     191 |       0 |          1065 |     74220
     6300 |     201 |       0 |          1077 |     74120
     6400 |     204 |       0 |          1089 |     74020
     6500 |     210 |       0 |          1098 |     73920
     6600 |     213 |       0 |          1100 |     73820
     6700 |     213 |       0 |          1101 |     73720
     6800 |     216 |       0 |          1113 |     73620
     6900 |     220 |       0 |          1128 |     73520
     7000 |     226 |       0 |          1148 |     73420
     7100 |     230 |       0 |          1169 |     73320
     7200 |     234 |       0 |          1183 |     73220
     7300 |     237 |       0 |          1197 |     73120
     7400 |     239 |       0 |          1209 |     73020
     7500 |     241 |       0 |          1223 |     72920
     7600 |     243 |       0 |          1236 |     72820
     7700 |     245 |       0 |          1249 |     72720
     7800 |     249 |       0 |          1264 |     72620
     7900 |     254 |       0 |          1283 |     72520
     8000 |     254 |       0 |          1283 |     72420
     8100 |     254 |       0 |          1283 |     72320
     8200 |     254 |       0 |          1283 |     72220
     8300 |     254 |       0 |          1283 |     72120
     8400 |     254 |       0 |          1283 |     72020
     8500 |     254 |       0 |          1283 |     71920
     8600 |     254 |       0 |          1283 |     71820
     8700 |     254 |       0 |          1283 |     71720
     8800 |     254 |       0 |          1283 |     71620
     8900 |     254 |       0 |          1283 |     71520
     9000 |     254 |       0 |          1283 |     71420
     9100 |     254 |       0 |          1283 |     71320
     9200 |     254 |       0 |          1283 |     71220
     9300 |     254 |       0 |          1283 |     71120
     9400 |     254 |       0 |          1290 |     71020
     9500 |     254 |       0 |          1327 |     70920
     9600 |     257 |       0 |          1375 |     70820
     9700 |     258 |       0 |          1419 |     70720
     9800 |     258 |       0 |          1467 |     70620
     9900 |     259 |       0 |          1515 |     70520
    10000 |     263 |       0 |          1559 |     70420
    10100 |     265 |       0 |          1600 |     70320
    10200 |     265 |       0 |          1601 |     70220
    10300 |     265 |       0 |          1601 |     70120
    10400 |     265 |       0 |          1601 |     70020
    10500 |     265 |       0 |          1610 |     69920
    10600 |     265 |       0 |          1645 |     69820
    10700 |     265 |       0 |          1701 |     69720
    10800 |     265 |       0 |          1757 |     69620
    10900 |     266 |       0 |          1812 |     69520
    11000 |     266 |       0 |          1863 |     69420
    11100 |     267 |       0 |          1917 |     69320
    11200 |     268 |       0 |          1971 |     69220
    11300 |     268 |       0 |          2029 |     69120
    11400 |     269 |       0 |          2081 |     69020
    11500 |     271 |       0 |          2139 |     68920
    11600 |     272 |       0 |          2193 |     68820
    11700 |     273 |       0 |          2241 |     68720
    11800 |     274 |       0 |          2292 |     68620
    11900 |     274 |       0 |          2292 |     68520
    12000 |     274 |       0 |          2292 |     68420
    12100 |     274 |       0 |          2292 |     68320
    12200 |     274 |       0 |          2292 |     68220
    12300 |     274 |       0 |          2292 |     68120
    12400 |     274 |       0 |          2292 |     68020
    12500 |     274 |       0 |          2292 |     67920
    12600 |     274 |       0 |          2292 |     67820
    12700 |     274 |       0 |          2292 |     67720
    12800 |     274 |       0 |          2292 |     67620
    12900 |     274 |       0 |          2292 |     67520
    13000 |     274 |       0 |          2292 |     67420
    13100 |     274 |       0 |          2292 |     67320
    13200 |     274 |       0 |          2292 |     67220
    13300 |     274 |       0 |          2292 |     67120
    13400 |     274 |       0 |          2292 |     67020
    13500 |     274 |       0 |          2292 |     66920
    13600 |     274 |       0 |          2292 |     66820
    13700 |     274 |       0 |          2292 |     66720
    13800 |     274 |       0 |          2292 |     66620
    13900 |     274 |       0 |          2292 |     66520
    14000 |     274 |       0 |          2292 |     66420
    14100 |     277 |       0 |          2295 |     66320
    14200 |     284 |       0 |          2301 |     66220
    14300 |     284 |       0 |          2366 |     66120
    14400 |     284 |       0 |          2428 |     66020
    14500 |     285 |       0 |          2480 |     65920
    14600 |     285 |       0 |          2543 |     65820
    14700 |     285 |       0 |          2619 |     65720
    14800 |     285 |       0 |          2683 |     65620
    14900 |     287 |       0 |          2752 |     65520
    15000 |     287 |       0 |          2824 |     65420
    15100 |     288 |       0 |          2881 |     65320
    15200 |     288 |       0 |          2946 |     65220
    15300 |     290 |       0 |          3010 |     65120
    15400 |     290 |       0 |          3071 |     65020
    15500 |     291 |       0 |          3081 |     64920
    15600 |     291 |       0 |          3081 |     64820
    15700 |     291 |       0 |          3081 |     64720
    15800 |     291 |       0 |          3081 |     64620
    15900 |     291 |       0 |          3081 |     64520
    16000 |     291 |       0 |          3081 |     64420
    16100 |     291 |       0 |          3081 |     64320
    16200 |     291 |       0 |          3081 |     64220
    16300 |     291 |       0 |          3081 |     64120
    16400 |     291 |       0 |          3081 |     64020
    16500 |     291 |       0 |          3081 |     63920
    16600 |     291 |       0 |          3081 |     63820
    16700 |     293 |       0 |          3085 |     63720
    16800 |     294 |       0 |          3087 |     63620
    16900 |     296 |       0 |          3120 |     63520
    17000 |     296 |       0 |          3165 |     63420
    17100 |     296 |       0 |          3212 |     63320
    17200 |     296 |       0 |          3255 |     63220
    17300 |     296 |       0 |          3292 |     63120
    17400 |     296 |       0 |          3344 |     63020
    17500 |     296 |       0 |          3388 |     62920
    17600 |     299 |       0 |          3432 |     62820
    17700 |     300 |       0 |          3476 |     62720
    17800 |     302 |       0 |          3520 |     62620
    17900 |     303 |       0 |          3559 |     62520
    18000 |     304 |       0 |          3613 |     62420
    18100 |     305 |       0 |          3658 |     62320
    18200 |     305 |       0 |          3705 |     62220
    18300 |     306 |       0 |          3728 |     62120
    18400 |     306 |       0 |          3728 |     62020
    18500 |     306 |       0 |          3728 |     61920
    18600 |     306 |       0 |          3728 |     61820
    18700 |     306 |       0 |          3728 |     61720
    18800 |     306 |       0 |          3728 |     61620
    18900 |     306 |       0 |          3729 |     61520
    19000 |     306 |       0 |          3729 |     61420
    19100 |     306 |       0 |          3730 |     61320
    19200 |     306 |       0 |          3730 |     61220
    19300 |     306 |       0 |          3730 |     61120
    19400 |     306 |       0 |          3730 |     61020
    19500 |     306 |       0 |          3730 |     60920
    19600 |     306 |       0 |          3730 |     60820
    19700 |     306 |       0 |          3730 |     60720
    19800 |     306 |       0 |          3730 |     60620
    19900 |     306 |       0 |          3730 |     60520
    20000 |     306 |       0 |          3730 |     60420
    20100 |     306 |       0 |          3739 |     60320
    20200 |     306 |       0 |          3771 |     60220
    20300 |     308 |       0 |          3811 |     60120
    20400 |     308 |       0 |          3848 |     60020
    20500 |     308 |       0 |          3891 |     59920
    20600 |     308 |       0 |          3923 |     59820
    20700 |     309 |       0 |          3958 |     59720
    20800 |     310 |       0 |          3996 |     59620
    20900 |     311 |       0 |          4036 |     59520
    21000 |     313 |       0 |          4065 |     59420
    21100 |     313 |       0 |          4106 |     59320
    21200 |     314 |       0 |          4143 |     59220
    21300 |     316 |       0 |          4179 |     59120
    21400 |     319 |       0 |          4212 |     59020
    21500 |     319 |       0 |          4250 |     58920
    21600 |     319 |       0 |          4265 |     58820
    21700 |     319 |       0 |          4265 |     58720
    21800 |     319 |       0 |          4265 |     58620
    21900 |     319 |       0 |          4265 |     58520
    22000 |     319 |       0 |          4265 |     58420
    22100 |     319 |       0 |          4265 |     58320
    22200 |     319 |       0 |          4265 |     58220
    22300 |     319 |       0 |          4265 |     58120
    22400 |     319 |       0 |          4265 |     58020
    22500 |     319 |       0 |          4265 |     57920
    22600 |     319 |       0 |          4265 |     57820
    22700 |     319 |       0 |          4265 |     57720
    22800 |     319 |       0 |          4265 |     57620
    22900 |     319 |       0 |          4265 |     57520
    23000 |     319 |       0 |          4265 |     57420
    23100 |     319 |       0 |          4265 |     57320
    23200 |     319 |       0 |          4265 |     57220
    23300 |     319 |       0 |          4265 |     57120
    23400 |     319 |       0 |          4265 |     57020
    23500 |     319 |       0 |          4265 |     56920
    23600 |     319 |       0 |          4265 |     56820
    23700 |     319 |       0 |          4265 |     56720
    23800 |     319 |       0 |          4275 |     56620
    23900 |     322 |       0 |          4295 |     56520
    24000 |     329 |       0 |          4316 |     56420
    24100 |     333 |       0 |          4344 |     56320
    24200 |     339 |       0 |          4369 |     56220
    24300 |     348 |       0 |          4397 |     56120
    24400 |     355 |       0 |          4423 |     56020
    24500 |     364 |       0 |          4450 |     55920
    24600 |     374 |       0 |          4468 |     55820
    24700 |     382 |       0 |          4494 |     55720
    24800 |     390 |       0 |          4515 |     55620
    24900 |     399 |       0 |          4533 |     55520
    25000 |     405 |       0 |          4554 |     55420
    25100 |     411 |       0 |          4579 |     55320
    25200 |     411 |       0 |          4579 |     55220
    25300 |     411 |       0 |          4579 |     55120
    25400 |     412 |       0 |          4579 |     55020
    25500 |     412 |       0 |          4579 |     54920
    25600 |     412 |       0 |          4579 |     54820
    25700 |     412 |       0 |          4579 |     54720
    25800 |     412 |       0 |          4579 |     54620
    25900 |     422 |       0 |          4579 |     54520
    26000 |     422 |       0 |          4579 |     54420
    26100 |     422 |       0 |          4579 |     54320
    26200 |     422 |       0 |          4579 |     54220
    26300 |     422 |       0 |          4579 |     54120
    26400 |     422 |       0 |          4579 |     54020
    26500 |     422 |       0 |          4579 |     53920
    26600 |     422 |       0 |          4579 |     53820
    26700 |     422 |       0 |          4579 |     53720
    26800 |     422 |       0 |          4579 |     53620
    26900 |     422 |       0 |          4579 |     53520
    27000 |     422 |       0 |          4579 |     53420
    27100 |     422 |       0 |          4579 |     53320
    27200 |     422 |       0 |          4579 |     53220
    27300 |     422 |       0 |          4579 |     53120
    27400 |     422 |       0 |          4579 |     53020
    27500 |     422 |       0 |          4579 |     52920
    27600 |     422 |       0 |          4579 |     52820
    27700 |     422 |       0 |          4582 |     52720
    27800 |     422 |       0 |          4600 |     52620
    27900 |     425 |       0 |          4616 |     52520
    28000 |     427 |       0 |          4635 |     52420
    28100 |     427 |       0 |          4658 |     52320
    28200 |     435 |       0 |          4678 |     52220
    28300 |     440 |       0 |          4694 |     52120
    28400 |     447 |       0 |          4717 |     52020
    28500 |     449 |       0 |          4732 |     51920
    28600 |     457 |       0 |          4742 |     51820
    28700 |     467 |       0 |          4756 |     51720
    28800 |     470 |       0 |          4773 |     51620
    28900 |     472 |       0 |          4778 |     51520
    29000 |     479 |       0 |          4778 |     51420
    29100 |     479 |       0 |          4778 |     51320
    29200 |     479 |       0 |          4778 |     51220
    29300 |     479 |       0 |          4778 |     51120
    29400 |     479 |       0 |          4778 |     51020
    29500 |     479 |       0 |          4778 |     50920
    29600 |     479 |       0 |          4778 |     50820
    29700 |     479 |       0 |          4778 |     50720
    29800 |     479 |       0 |          4778 |     50620
    29900 |     479 |       0 |          4778 |     50520
    30000 |     479 |       0 |          4778 |     50420
    30100 |     479 |       0 |          4778 |     50320
    30200 |     479 |       0 |          4778 |     50220
    30300 |     479 |       0 |          4778 |     50120
    30400 |     479 |       0 |          4778 |     50020
    30500 |     479 |       0 |          4778 |     49920
    30600 |     479 |       0 |          4778 |     49820
    30700 |     479 |       0 |          4778 |     49720
    30800 |     479 |       0 |          4778 |     49620
    30900 |     479 |       0 |          4778 |     49520
    31000 |     479 |       0 |          4778 |     49420
    31100 |     479 |       0 |          4778 |     49320
    31200 |     479 |       0 |          4778 |     49220
    31300 |     479 |       0 |          4778 |     49120
    31400 |     480 |       0 |          4780 |     49020
    31500 |     485 |       0 |          4799 |     48920
    31600 |     490 |       0 |          4819 |     48820
    31700 |     494 |       0 |          4836 |     48720
    31800 |     497 |       0 |          4852 |     48620
    31900 |     502 |       0 |          4868 |     48520
    32000 |     508 |       0 |          4881 |     48420
    32100 |     513 |       0 |          4899 |     48320
    32200 |     516 |       0 |          4917 |     48220
    32300 |     527 |       0 |          4935 |     48120
    32400 |     534 |       0 |          4957 |     48020
    32500 |     539 |       0 |          4973 |     47920
    32600 |     549 |       0 |          4987 |     47820
    32700 |     570 |       0 |          5000 |     47720
    32800 |     583 |       0 |          5018 |     47620
    32900 |     586 |       0 |          5036 |     47520
    33000 |     586 |       0 |          5036 |     47420
    33100 |     587 |       0 |          5036 |     47320
    33200 |     587 |       0 |          5036 |     47220
    33300 |     587 |       0 |          5036 |     47120
    33400 |     587 |       0 |          5036 |     47020
    33500 |     587 |       0 |          5036 |     46920
    33600 |     587 |       0 |          5036 |     46820
    33700 |     587 |       0 |          5036 |     46720
    33800 |     587 |       0 |          5036 |     46620
    33900 |     587 |       0 |          5036 |     46520
    34000 |     589 |       0 |          5036 |     46420
    34100 |     590 |       0 |          5036 |     46320
    34200 |     590 |       0 |          5036 |     46220
    34300 |     590 |       0 |          5036 |     46120
    34400 |     590 |       0 |          5036 |     46020
    34500 |     590 |       0 |          5036 |     45920
    34600 |     590 |       0 |          5036 |     45820
    34700 |     590 |       0 |          5036 |     45720
    34800 |     590 |       0 |          5036 |     45620
    34900 |     590 |       0 |          5036 |     45520
    35000 |     590 |       0 |          5036 |     45420
    35100 |     590 |       0 |          5036 |     45320
    35200 |     590 |       0 |          5036 |     45220
    35300 |     590 |       0 |          5036 |     45120
    35400 |     590 |       0 |          5036 |     45020
    35500 |     590 |       0 |          5036 |     44920
    35600 |     590 |       0 |          5036 |     44820
    35700 |     590 |       0 |          5036 |     44720
    35800 |     590 |       0 |          5036 |     44620
    35900 |     590 |       0 |          5036 |     44520
    36000 |     590 |       0 |          5036 |     44420
    36100 |     590 |       0 |          5036 |     44320
    36200 |     590 |       0 |          5036 |     44220
    36300 |     590 |       0 |          5036 |     44120
    36400 |     590 |       0 |          5036 |     44020
    36500 |     590 |       0 |          5036 |     43920
    36600 |     590 |       0 |          5036 |     43820
    36700 |     590 |       0 |          5036 |     43720
    36800 |     590 |       0 |          5038 |     43620
    36900 |     594 |       0 |          5073 |     43520
    37000 |     601 |       0 |          5085 |     43420
    37100 |     610 |       0 |          5095 |     43320
    37200 |     618 |       0 |          5106 |     43220
    37300 |     627 |       0 |          5115 |     43120
    37400 |     634 |       0 |          5128 |     43020
    37500 |     646 |       0 |          5145 |     42920
    37600 |     657 |       0 |          5159 |     42820
    37700 |     667 |       0 |          5168 |     42720
    37800 |     674 |       0 |          5185 |     42620
    37900 |     684 |       0 |          5202 |     42520
    38000 |     695 |       0 |          5215 |     42420
    38100 |     721 |       0 |          5227 |     42320
    38200 |     731 |       0 |          5240 |     42220
    38300 |     741 |       0 |          5254 |     42120
    38400 |     742 |       0 |          5254 |     42020
    38500 |     742 |       0 |          5254 |     41920
    38600 |     742 |       0 |          5254 |     41820
    38700 |     742 |       0 |          5256 |     41720
    38800 |     742 |       0 |          5256 |     41620
    38900 |     742 |       0 |          5256 |     41520
    39000 |     742 |       0 |          5256 |     41420
    39100 |     742 |       0 |          5256 |     41320
    39200 |     742 |       0 |          5256 |     41220
    39300 |     748 |       0 |          5256 |     41120
    39400 |     750 |       0 |          5256 |     41020
    39500 |     750 |       0 |          5256 |     40920
    39600 |     750 |       0 |          5256 |     40820
    39700 |     750 |       0 |          5256 |     40720
    39800 |     750 |       0 |          5256 |     40620
    39900 |     750 |       0 |          5257 |     40520
    40000 |     750 |       0 |          5257 |     40420
    40100 |     750 |       0 |          5257 |     40320
    40200 |     750 |       0 |          5257 |     40220
    40300 |     750 |       0 |          5257 |     40120
    40400 |     750 |       0 |          5257 |     40020
    40500 |     750 |       0 |          5258 |     39920
    40600 |     750 |       0 |          5258 |     39820
    40700 |     750 |       0 |          5258 |     39720
    40800 |     750 |       0 |          5258 |     39620
    40900 |     750 |       0 |          5258 |     39520
    41000 |     750 |       0 |          5258 |     39420
    41100 |     750 |       0 |          5258 |     39320
    41200 |     750 |       0 |          5258 |     39220
    41300 |     750 |       0 |          5258 |     39120
    41400 |     750 |       0 |          5258 |     39020
    41500 |     750 |       0 |          5258 |     38920
    41600 |     750 |       0 |          5258 |     38820
    41700 |     750 |       0 |          5258 |     38720
    41800 |     750 |       0 |          5258 |     38620
    41900 |     750 |       0 |          5258 |     38520
    42000 |     750 |       0 |          5258 |     38420
    42100 |     753 |       0 |          5303 |     38320
    42200 |     753 |       0 |          5403 |     38220
    42300 |     753 |       0 |          5503 |     38120
    42400 |     753 |       0 |          5603 |     38020
    42500 |     753 |       0 |          5703 |     37920
    42600 |     753 |       0 |          5803 |     37820
    42700 |     753 |       0 |          5903 |     37720
    42800 |     753 |       0 |          6003 |     37620
    42900 |     755 |       0 |          6044 |     37520
    43000 |     759 |       0 |          6051 |     37420
    43100 |     760 |       0 |          6060 |     37320
    43200 |     761 |       0 |          6067 |     37220
    43300 |     762 |       0 |          6075 |     37120
    43400 |     763 |       0 |          6083 |     37020
    43500 |     763 |       0 |          6090 |     36920
    43600 |     764 |       0 |          6098 |     36820
    43700 |     766 |       0 |          6108 |     36720
    43800 |     768 |       0 |          6117 |     36620
    43900 |     768 |       0 |          6126 |     36520
    44000 |     771 |       0 |          6135 |     36420
    44100 |     772 |       0 |          6146 |     36320
    44200 |     775 |       0 |          6154 |     36220
    44300 |     778 |       0 |          6164 |     36120
    44400 |     784 |       0 |          6171 |     36020
    44500 |     796 |       0 |          6183 |     35920
    44600 |     799 |       0 |          6190 |     35820
    44700 |     804 |       0 |          6204 |     35720
    44800 |     804 |       0 |          6211 |     35620
    44900 |     805 |       0 |          6211 |     35520
    45000 |     807 |       0 |          6211 |     35420
    45100 |     807 |       0 |          6211 |     35320
    45200 |     808 |       0 |          6211 |     35220
    45300 |     808 |       0 |          6211 |     35120
    45400 |     808 |       0 |          6211 |     35020
    45500 |     808 |       0 |          6211 |     34920
    45600 |     808 |       0 |          6211 |     34820
    45700 |     808 |       0 |          6211 |     34720
    45800 |     808 |       0 |          6211 |     34620
    45900 |     808 |       0 |          6211 |     34520
    46000 |     815 |       0 |          6211 |     34420
    46100 |     822 |       0 |          6211 |     34320
    46200 |     827 |       0 |          6211 |     34220
    46300 |     831 |       0 |          6211 |     34120
    46400 |     831 |       0 |          6211 |     34020
    46500 |     831 |       0 |          6211 |     33920
    46600 |     831 |       0 |          6214 |     33820
    46700 |     831 |       0 |          6214 |     33720
    46800 |     831 |       0 |          6214 |     33620
    46900 |     831 |       0 |          6217 |     33520
    47000 |     831 |       0 |          6217 |     33420
    47100 |     831 |       0 |          6217 |     33320
    47200 |     831 |       0 |          6217 |     33220
    47300 |     831 |       0 |          6217 |     33120
    47400 |     831 |       0 |          6217 |     33020
    47500 |     831 |       0 |          6217 |     32920
    47600 |     831 |       0 |          6217 |     32820
    47700 |     831 |       0 |          6217 |     32720
    47800 |     831 |       0 |          6217 |     32620
    47900 |     831 |       0 |          6217 |     32520
    48000 |     831 |       0 |          6217 |     32420
    48100 |     831 |       0 |          6217 |     32320
    48200 |     831 |       0 |          6217 |     32220
    48300 |     831 |       0 |          6217 |     32120
    48400 |     831 |       0 |          6217 |     32020
    48500 |     831 |       0 |          6217 |     31920
    48600 |     831 |       0 |          6217 |     31820
    48700 |     831 |       0 |          6217 |     31720
    48800 |     831 |       0 |          6217 |     31620
    48900 |     831 |       0 |          6217 |     31520
    49000 |     831 |       0 |          6217 |     31420
    49100 |     831 |       0 |          6217 |     31320
    49200 |     831 |       0 |          6217 |     31220
    49300 |     833 |       0 |          6247 |     31120
    49400 |     837 |       0 |          6312 |     31020
    49500 |     849 |       0 |          6412 |     30920
    49600 |     862 |       0 |          6512 |     30820
    49700 |     864 |       0 |          6612 |     30720
    49800 |     868 |       0 |          6712 |     30620
    49900 |     871 |       0 |          6812 |     30520
    50000 |     873 |       0 |          6912 |     30420
    50100 |     887 |       0 |          7012 |     30320
    50200 |     897 |       0 |          7030 |     30220
    50300 |     907 |       0 |          7040 |     30120
    50400 |     913 |       0 |          7054 |     30020
    50500 |     921 |       0 |          7062 |     29920
    50600 |     928 |       0 |          7073 |     29820
    50700 |     937 |       0 |          7081 |     29720
    50800 |     946 |       0 |          7089 |     29620
    50900 |     953 |       0 |          7101 |     29520
    51000 |     959 |       0 |          7112 |     29420
    51100 |     966 |       0 |          7121 |     29320
    51200 |     973 |       0 |          7132 |     29220
    51300 |     978 |       0 |          7145 |     29120
    51400 |     988 |       0 |          7161 |     29020
    51500 |     993 |       0 |          7178 |     28920
    51600 |    1002 |       0 |          7190 |     28820
    51700 |    1007 |       0 |          7205 |     28720
    51800 |    1018 |       0 |          7214 |     28620
    51900 |    1033 |       0 |          7224 |     28520
    52000 |    1041 |       0 |          7235 |     28420
    52100 |    1056 |       0 |          7246 |     28320
    52200 |    1069 |       0 |          7253 |     28220
    52300 |    1069 |       0 |          7253 |     28120
    52400 |    1069 |       0 |          7253 |     28020
    52500 |    1071 |       0 |          7253 |     27920
    52600 |    1081 |       0 |          7253 |     27820
    52700 |    1084 |       0 |          7253 |     27720
    52800 |    1085 |       0 |          7253 |     27620
    52900 |    1092 |       0 |          7254 |     27520
    53000 |    1092 |       0 |          7254 |     27420
    53100 |    1092 |       0 |          7254 |     27320
    53200 |    1092 |       0 |          7254 |     27220
    53300 |    1092 |       0 |          7254 |     27120
    53400 |    1092 |       0 |          7254 |     27020
    53500 |    1092 |       0 |          7254 |     26920
    53600 |    1092 |       0 |          7254 |     26820
    53700 |    1092 |       0 |          7254 |     26720
    53800 |    1092 |       0 |          7254 |     26620
    53900 |    1092 |       0 |          7254 |     26520
    54000 |    1092 |       0 |          7254 |     26420
    54100 |    1092 |       0 |          7254 |     26320
    54200 |    1092 |       0 |          7254 |     26220
    54300 |    1092 |       0 |          7268 |     26120
    54400 |    1094 |       0 |          7298 |     26020
    54500 |    1096 |       0 |          7358 |     25920
    54600 |    1096 |       0 |          7458 |     25820
    54700 |    1097 |       0 |          7558 |     25720
    54800 |    1109 |       0 |          7658 |     25620
    54900 |    1132 |       0 |          7758 |     25520
    55000 |    1135 |       0 |          7858 |     25420
    55100 |    1156 |       0 |          7958 |     25320
    55200 |    1159 |       0 |          8058 |     25220
    55300 |    1160 |       0 |          8158 |     25120
    55400 |    1163 |       0 |          8227 |     25020
    55500 |    1169 |       0 |          8244 |     24920
    55600 |    1176 |       0 |          8262 |     24820
    55700 |    1179 |       0 |          8278 |     24720
    55800 |    1181 |       0 |          8300 |     24620
    55900 |    1186 |       0 |          8312 |     24520
    56000 |    1188 |       0 |          8333 |     24420
    56100 |    1194 |       0 |          8350 |     24320
    56200 |    1201 |       0 |          8369 |     24220
    56300 |    1206 |       0 |          8383 |     24120
    56400 |    1208 |       0 |          8403 |     24020
    56500 |    1213 |       0 |          8419 |     23920
    56600 |    1220 |       0 |          8436 |     23820
    56700 |    1228 |       0 |          8450 |     23720
    56800 |    1235 |       0 |          8468 |     23620
    56900 |    1243 |       0 |          8482 |     23520
    57000 |    1243 |       0 |          8502 |     23420
    57100 |    1244 |       0 |          8520 |     23320
    57200 |    1244 |       0 |          8538 |     23220
    57300 |    1252 |       0 |          8554 |     23120
    57400 |    1258 |       0 |          8570 |     23020
    57500 |    1263 |       0 |          8588 |     22920
    57600 |    1265 |       0 |          8607 |     22820
    57700 |    1270 |       0 |          8623 |     22720
    57800 |    1276 |       0 |          8641 |     22620
    57900 |    1276 |       0 |          8658 |     22520
    58000 |    1282 |       0 |          8677 |     22420
    58100 |    1288 |       0 |          8699 |     22320
    58200 |    1291 |       0 |          8717 |     22220
    58300 |    1294 |       0 |          8739 |     22120
    58400 |    1299 |       0 |          8755 |     22020
    58500 |    1300 |       0 |          8777 |     21920
    58600 |    1307 |       0 |          8794 |     21820
    58700 |    1308 |       0 |          8812 |     21720
    58800 |    1310 |       0 |          8831 |     21620
    58900 |    1316 |       0 |          8847 |     21520
    59000 |    1324 |       0 |          8866 |     21420
    59100 |    1330 |       0 |          8883 |     21320
    59200 |    1348 |       0 |          8897 |     21220
    59300 |    1354 |       0 |          8915 |     21120
    59400 |    1356 |       0 |          8934 |     21020
    59500 |    1360 |       0 |          8950 |     20920
    59600 |    1366 |       0 |          8968 |     20820
    59700 |    1372 |       0 |          8988 |     20720
    59800 |    1375 |       0 |          9006 |     20620
    59900 |    1381 |       0 |          9006 |     20520
    60000 |    1391 |       0 |          9006 |     20420
    60100 |    1395 |       0 |          9006 |     20320
    60200 |    1407 |       0 |          9006 |     20220
    60300 |    1415 |       0 |          9006 |     20120
    60400 |    1433 |       0 |          9006 |     20020
    60500 |    1463 |       0 |          9006 |     19920
    60600 |    1473 |       0 |          9006 |     19820
    60700 |    1509 |       0 |          9006 |     19720
    60800 |    1522 |       0 |          9006 |     19620
    60900 |    1543 |       0 |          9006 |     19520
    61000 |    1592 |       0 |          9006 |     19420
    61100 |    1615 |       0 |          9006 |     19320
    61200 |    1639 |       0 |          9006 |     19220
    61300 |    1655 |       0 |          9006 |     19120
    61400 |    1687 |       0 |          9006 |     19020
    61500 |    1742 |       0 |          9006 |     18920
    61600 |    1762 |       0 |          9006 |     18820
    61700 |    1807 |       0 |          9006 |     18720
    61800 |    1812 |       0 |          9006 |     18620
    61900 |    1812 |       0 |          9006 |     18520
    62000 |    1812 |       0 |          9006 |     18420
    62100 |    1812 |       0 |          9006 |     18320
    62200 |    1812 |       0 |          9006 |     18220
    62300 |    1812 |       0 |          9006 |     18120
    62400 |    1812 |       0 |          9006 |     18020
    62500 |    1812 |       0 |          9006 |     17920
    62600 |    1812 |       0 |          9006 |     17820
    62700 |    1812 |       0 |          9006 |     17720
    62800 |    1812 |       0 |          9006 |     17620
    62900 |    1812 |       0 |          9006 |     17520
    63000 |    1812 |       0 |          9006 |     17420
    63100 |    1812 |       0 |          9006 |     17320
    63200 |    1812 |       0 |          9006 |     17220
    63300 |    1812 |       0 |          9006 |     17120
    63400 |    1812 |       0 |          9006 |     17020
    63500 |    1812 |       0 |          9006 |     16920
    63600 |    1812 |       0 |          9006 |     16820
    63700 |    1812 |       0 |          9006 |     16720
    63800 |    1812 |       0 |          9006 |     16620
    63900 |    1812 |       0 |          9006 |     16520
    64000 |    1812 |       0 |          9006 |     16420
    64100 |    1812 |       0 |          9006 |     16320
    64200 |    1812 |       0 |          9006 |     16220
    64300 |    1812 |       0 |          9006 |     16120
    64400 |    1812 |       0 |          9006 |     16020
    64500 |    1812 |       2 |          9007 |     15920
    64600 |    1812 |       4 |          9084 |     15820
    64700 |    1817 |       4 |          9134 |     15720
    64800 |    1820 |       4 |          9217 |     15620
    64900 |    1820 |       4 |          9306 |     15520
    65000 |    1820 |       4 |          9397 |     15420
    65100 |    1820 |       4 |          9480 |     15320
    65200 |    1820 |       4 |          9522 |     15220
    65300 |    1820 |       4 |          9522 |     15120
    65400 |    1834 |       4 |          9522 |     15020
    65500 |    1847 |       4 |          9522 |     14920
    65600 |    1849 |       4 |          9522 |     14820
    65700 |    1849 |       4 |          9522 |     14720
    65800 |    1849 |       4 |          9524 |     14620
    65900 |    1860 |       4 |          9524 |     14520
    66000 |    1864 |      11 |          9587 |     14420
    66100 |    1864 |      11 |          9660 |     14320
    66200 |    1864 |      11 |          9734 |     14220
    66300 |    1864 |      11 |          9810 |     14120
    66400 |    1864 |      11 |          9884 |     14020
    66500 |    1864 |      11 |          9960 |     13920
    66600 |    1864 |      11 |         10030 |     13820
    66700 |    1864 |      11 |         10106 |     13720
    66800 |    1864 |      11 |         10182 |     13620
    66900 |    1864 |      11 |         10256 |     13520
    67000 |    1864 |      11 |         10327 |     13420
    67100 |    1864 |      11 |         10400 |     13320
    67200 |    1865 |      11 |         10478 |     13220
    67300 |    1865 |      11 |         10551 |     13120
    67400 |    1865 |      11 |         10621 |     13020
    67500 |    1865 |      11 |         10692 |     12920
    67600 |    1866 |      11 |         10763 |     12820
    67700 |    1866 |      11 |         10833 |     12720
    67800 |    1866 |      11 |         10906 |     12620
    67900 |    1867 |      12 |         10980 |     12520
    68000 |    1868 |      12 |         11053 |     12420
    68100 |    1869 |      12 |         11125 |     12320
    68200 |    1869 |      12 |         11198 |     12220
    68300 |    1882 |      14 |         11262 |     12120
    68400 |    1882 |      14 |         11333 |     12020
    68500 |    1884 |      14 |         11407 |     11920
    68600 |    1888 |      14 |         11477 |     11820
    68700 |    1910 |      27 |         11522 |     11720
    68800 |    1910 |      27 |         11620 |     11620
    68900 |    1914 |      27 |         11720 |     11520
    69000 |    1925 |      27 |         11820 |     11420
    69100 |    1929 |      27 |         11920 |     11320
    69200 |    1968 |      27 |         12020 |     11220
    69300 |    1984 |      27 |         12119 |     11120
    69400 |    1993 |      27 |         12147 |     11020
    69500 |    2002 |      27 |         12247 |     10920
    69600 |    2008 |      27 |         12347 |     10820
    69700 |    2023 |      27 |         12446 |     10720
    69800 |    2035 |      27 |         12546 |     10620
    69900 |    2051 |      27 |         12646 |     10520
    70000 |    2065 |      27 |         12746 |     10420
    70100 |    2083 |      27 |         12846 |     10320
    70200 |    2097 |      27 |         12946 |     10220
    70300 |    2108 |      27 |         13046 |     10120
    70400 |    2118 |      27 |         13146 |     10020
    70500 |    2156 |      27 |         13246 |      9920
    70600 |    2173 |      27 |         13346 |      9820
    70700 |    2199 |      27 |         13446 |      9720
    70800 |    2220 |      27 |         13546 |      9620
    70900 |    2238 |      27 |         13646 |      9520
    71000 |    2267 |      27 |         13745 |      9420
    71100 |    2291 |      27 |         13845 |      9320
    71200 |    2320 |      27 |         13944 |      9220
    71300 |    2348 |      27 |         14044 |      9120
    71400 |    2370 |      27 |         14144 |      9020
    71500 |    2406 |      27 |         14244 |      8920
    71600 |    2423 |      27 |         14322 |      8820
    71700 |    2423 |      27 |         14322 |      8720
    71800 |    2423 |      27 |         14322 |      8620
    71900 |    2423 |      27 |         14322 |      8520
    72000 |    2423 |      27 |         14322 |      8420
    72100 |    2424 |      27 |         14322 |      8320
    72200 |    2425 |      27 |         14322 |      8220
    72300 |    2425 |      27 |         14322 |      8120
    72400 |    2425 |      27 |         14322 |      8020
    72500 |    2425 |      27 |         14322 |      7920
    72600 |    2425 |      27 |         14322 |      7820
    72700 |    2425 |      27 |         14322 |      7720
    72800 |    2425 |      27 |         14322 |      7620
    72900 |    2425 |      27 |         14322 |      7520
    73000 |    2425 |      27 |         14322 |      7420
    73100 |    2425 |      27 |         14322 |      7320
    73200 |    2425 |      27 |         14322 |      7220
    73300 |    2425 |      27 |         14322 |      7120
    73400 |    2425 |      27 |         14322 |      7020
    73500 |    2425 |      27 |         14322 |      6920
    73600 |    2425 |      27 |         14322 |      6820
    73700 |    2425 |      27 |         14322 |      6720
    73800 |    2425 |      27 |         14322 |      6620
    73900 |    2425 |      27 |         14322 |      6520
    74000 |    2425 |      27 |         14322 |      6420
    74100 |    2425 |      27 |         14322 |      6320
    74200 |    2425 |      27 |         14322 |      6220
    74300 |    2425 |      27 |         14322 |      6120
    74400 |    2425 |      27 |         14322 |      6020
    74500 |    2430 |      74 |         14329 |      5920
    74600 |    2430 |     134 |         14334 |      5820
    74700 |    2430 |     134 |         14334 |      5720
    74800 |    2430 |     134 |         14334 |      5620
    74900 |    2430 |     134 |         14334 |      5520
    75000 |    2430 |     134 |         14334 |      5420
    75100 |    2430 |     134 |         14334 |      5320
    75200 |    2430 |     134 |         14334 |      5220
    75300 |    2430 |     134 |         14334 |      5120
    75400 |    2430 |     134 |         14334 |      5020
    75500 |    2430 |     134 |         14334 |      4920
    75600 |    2430 |     134 |         14334 |      4820
    75700 |    2430 |     134 |         14334 |      4720
    75800 |    2430 |     134 |         14334 |      4620
    75900 |    2430 |     134 |         14334 |      4520
    76000 |    2430 |     134 |         14334 |      4420
    76100 |    2430 |     134 |         14334 |      4320
    76200 |    2430 |     134 |         14334 |      4220
    76300 |    2430 |     134 |         14334 |      4120
    76400 |    2430 |     134 |         14334 |      4020
    76500 |    2430 |     134 |         14334 |      3920
    76600 |    2430 |     134 |         14334 |      3820
    76700 |    2430 |     134 |         14334 |      3720
    76800 |    2430 |     134 |         14334 |      3620
    76900 |    2430 |     134 |         14334 |      3520
    77000 |    2430 |     134 |         14334 |      3420
    77100 |    2430 |     134 |         14334 |      3320
    77200 |    2430 |     134 |         14334 |      3220
    77300 |    2430 |     134 |         14334 |      3120
    77400 |    2430 |     134 |         14334 |      3020
    77500 |    2430 |     134 |         14334 |      2920
    77600 |    2430 |     134 |         14334 |      2820
    77700 |    2430 |     134 |         14334 |      2720
    77800 |    2430 |     134 |         14334 |      2620
    77900 |    2430 |     134 |         14334 |      2520
    78000 |    2430 |     134 |         14334 |      2420
    78100 |    2430 |     134 |         14334 |      2320
    78200 |    2430 |     134 |         14334 |      2220
    78300 |    2430 |     134 |         14334 |      2120
    78400 |    2430 |     134 |         14334 |      2020
    78500 |    2430 |     134 |         14334 |      1920
    78600 |    2430 |     134 |         14334 |      1820
    78700 |    2430 |     134 |         14334 |      1720
    78800 |    2430 |     134 |         14334 |      1620
    78900 |    2430 |     134 |         14334 |      1520
    79000 |    2430 |     134 |         14334 |      1420
    79100 |    2430 |     134 |         14334 |      1320
    79200 |    2430 |     134 |         14334 |      1220
    79300 |    2430 |     134 |         14334 |      1120
    79400 |    2430 |     134 |         14334 |      1020
    79500 |    2430 |     134 |         14334 |       920
    79600 |    2430 |     134 |         14334 |       820
    79700 |    2430 |     134 |         14334 |       720
    79800 |    2430 |     134 |         14334 |       620
    79900 |    2430 |     134 |         14334 |       520
    80000 |    2430 |     134 |         14334 |       420
    80100 |    2430 |     134 |         14334 |       320
    80200 |    2430 |     134 |         14334 |       220
    80300 |    2430 |     134 |         14334 |       120
    80400 |    2436 |     183 |         14341 |        20
    final |    2436 |     183 |         14341 |         0
---------------------------------------------------------
[INFO RSZ-0034] Found 14339 slew violations.
[INFO RSZ-0036] Found 20 capacitance violations.
[INFO RSZ-0037] Found 4 long wires.
[INFO RSZ-0038] Inserted 183 buffers in 14341 nets.
[INFO RSZ-0039] Resized 2436 instances.
Took 13 seconds: repair_design -verbose
Repair tie lo fanout...
[INFO RSZ-0042] Inserted 1 tie LOGIC0_X1 instances.
Repair tie hi fanout...
Floating nets: 
Report metrics stage 3, resizer...

==========================================================================
resizer report_design_area
--------------------------------------------------------------------------
Design area 106888 u^2 46% utilization.
Instance count before 65447, after 65675
Pin count before 213149, after 213605
Elapsed time: 0:59.01[h:]min:sec. CPU time: user 86.76 sys 16.21 (174%). Peak memory: 582572KB.
