
==========================================================================
detailed place report_tns
--------------------------------------------------------------------------
tns -75.61

==========================================================================
detailed place report_wns
--------------------------------------------------------------------------
wns -0.22

==========================================================================
detailed place report_worst_slack
--------------------------------------------------------------------------
worst slack -0.22

==========================================================================
detailed place report_checks -path_delay min
--------------------------------------------------------------------------
Startpoint: rst_ni (input port clocked by core_clock)
Endpoint: cs_registers_i.u_mstack_epc_csr.rdata_q[0]$_DFFE_PN0P_
          (removal check against rising-edge clock core_clock)
Path Group: asynchronous
Path Type: min

Fanout     Cap    Slew   Delay    Time   Description
-----------------------------------------------------------------------------
                  0.00    0.00    0.00   clock core_clock (rise edge)
                          0.00    0.00   clock network delay (ideal)
                          0.44    0.44 ^ input external delay
     1   26.95    0.00    0.00    0.44 ^ rst_ni (in)
                                         rst_ni (net)
                  0.00    0.00    0.44 ^ input148/A (BUF_X32)
    87  245.26    0.01    0.02    0.46 ^ input148/Z (BUF_X32)
                                         net148 (net)
                  0.05    0.04    0.50 ^ cs_registers_i.u_mstack_epc_csr.rdata_q[0]$_DFFE_PN0P_/RN (DFFR_X1)
                                  0.50   data arrival time

                  0.00    0.00    0.00   clock core_clock (rise edge)
                          0.00    0.00   clock network delay (ideal)
                          0.00    0.00   clock reconvergence pessimism
                                  0.00 ^ cs_registers_i.u_mstack_epc_csr.rdata_q[0]$_DFFE_PN0P_/CK (DFFR_X1)
                          0.25    0.25   library removal time
                                  0.25   data required time
-----------------------------------------------------------------------------
                                  0.25   data required time
                                 -0.50   data arrival time
-----------------------------------------------------------------------------
                                  0.25   slack (MET)


Startpoint: core_clock_gate_i.en_latch$_DLATCH_N_
            (negative level-sensitive latch clocked by core_clock)
Endpoint: _30688_ (rising clock gating-check end-point clocked by core_clock)
Path Group: gated clock
Path Type: min

Fanout     Cap    Slew   Delay    Time   Description
-----------------------------------------------------------------------------
                  0.00    1.10    1.10   clock core_clock (fall edge)
                          0.00    1.10   clock network delay (ideal)
                  0.00    0.00    1.10 v core_clock_gate_i.en_latch$_DLATCH_N_/GN (DLL_X1)
     1    1.08    0.01    0.05    1.15 ^ core_clock_gate_i.en_latch$_DLATCH_N_/Q (DLL_X1)
                                         core_clock_gate_i.en_latch (net)
                  0.01    0.00    1.15 ^ _30688_/A2 (AND2_X1)
                                  1.15   data arrival time

                  0.00    1.10    1.10   clock core_clock (fall edge)
                          0.00    1.10   clock network delay (ideal)
                          0.00    1.10   clock reconvergence pessimism
                                  1.10 v _30688_/A1 (AND2_X1)
                          0.00    1.10   clock gating hold time
                                  1.10   data required time
-----------------------------------------------------------------------------
                                  1.10   data required time
                                 -1.15   data arrival time
-----------------------------------------------------------------------------
                                  0.05   slack (MET)


Startpoint: cs_registers_i.u_dcsr_csr.rdata_q[2]$_DFFE_PN0P_
            (rising edge-triggered flip-flop clocked by core_clock)
Endpoint: cs_registers_i.u_dcsr_csr.rdata_q[8]$_DFFE_PN0P_
          (rising edge-triggered flip-flop clocked by core_clock)
Path Group: core_clock
Path Type: min

Fanout     Cap    Slew   Delay    Time   Description
-----------------------------------------------------------------------------
                  0.00    0.00    0.00   clock core_clock (rise edge)
                          0.00    0.00   clock network delay (ideal)
                  0.00    0.00    0.00 ^ cs_registers_i.u_dcsr_csr.rdata_q[2]$_DFFE_PN0P_/CK (DFFR_X1)
     2    5.64    0.02    0.08    0.08 ^ cs_registers_i.u_dcsr_csr.rdata_q[2]$_DFFE_PN0P_/QN (DFFR_X1)
                                         _01164_ (net)
                  0.02    0.00    0.08 ^ _29244_/A1 (OAI22_X1)
     1    1.17    0.01    0.01    0.09 v _29244_/ZN (OAI22_X1)
                                         _02823_ (net)
                  0.01    0.00    0.09 v cs_registers_i.u_dcsr_csr.rdata_q[8]$_DFFE_PN0P_/D (DFFR_X1)
                                  0.09   data arrival time

                  0.00    0.00    0.00   clock core_clock (rise edge)
                          0.00    0.00   clock network delay (ideal)
                          0.00    0.00   clock reconvergence pessimism
                                  0.00 ^ cs_registers_i.u_dcsr_csr.rdata_q[8]$_DFFE_PN0P_/CK (DFFR_X1)
                          0.00    0.00   library hold time
                                  0.00   data required time
-----------------------------------------------------------------------------
                                  0.00   data required time
                                 -0.09   data arrival time
-----------------------------------------------------------------------------
                                  0.09   slack (MET)



==========================================================================
detailed place report_checks -path_delay max
--------------------------------------------------------------------------
Startpoint: rst_ni (input port clocked by core_clock)
Endpoint: gen_regfile_ff.register_file_i.rf_reg_q[624]$_DFFE_PN0P_
          (recovery check against rising-edge clock core_clock)
Path Group: asynchronous
Path Type: max

Fanout     Cap    Slew   Delay    Time   Description
-----------------------------------------------------------------------------
                  0.00    0.00    0.00   clock core_clock (rise edge)
                          0.00    0.00   clock network delay (ideal)
                          0.44    0.44 ^ input external delay
     1   26.95    0.00    0.00    0.44 ^ rst_ni (in)
                                         rst_ni (net)
                  0.00    0.00    0.44 ^ input148/A (BUF_X32)
    87  245.26    0.01    0.02    0.46 ^ input148/Z (BUF_X32)
                                         net148 (net)
                  0.02    0.01    0.47 ^ max_length403/A (BUF_X32)
   137  396.58    0.01    0.03    0.50 ^ max_length403/Z (BUF_X32)
                                         net403 (net)
                  0.07    0.05    0.55 ^ max_length401/A (BUF_X32)
   110  304.26    0.02    0.04    0.59 ^ max_length401/Z (BUF_X32)
                                         net401 (net)
                  0.04    0.03    0.62 ^ max_length399/A (BUF_X32)
   163  377.25    0.01    0.03    0.65 ^ max_length399/Z (BUF_X32)
                                         net399 (net)
                  0.10    0.08    0.73 ^ wire398/A (BUF_X32)
   177  403.43    0.02    0.04    0.76 ^ wire398/Z (BUF_X32)
                                         net398 (net)
                  0.05    0.04    0.80 ^ max_length397/A (BUF_X32)
   140  342.82    0.01    0.04    0.84 ^ max_length397/Z (BUF_X32)
                                         net397 (net)
                  0.02    0.01    0.85 ^ max_length395/A (BUF_X32)
   178  371.35    0.01    0.03    0.87 ^ max_length395/Z (BUF_X32)
                                         net395 (net)
                  0.09    0.07    0.94 ^ gen_regfile_ff.register_file_i.rf_reg_q[624]$_DFFE_PN0P_/RN (DFFR_X1)
                                  0.94   data arrival time

                  0.00    2.20    2.20   clock core_clock (rise edge)
                          0.00    2.20   clock network delay (ideal)
                          0.00    2.20   clock reconvergence pessimism
                                  2.20 ^ gen_regfile_ff.register_file_i.rf_reg_q[624]$_DFFE_PN0P_/CK (DFFR_X1)
                          0.04    2.24   library recovery time
                                  2.24   data required time
-----------------------------------------------------------------------------
                                  2.24   data required time
                                 -0.94   data arrival time
-----------------------------------------------------------------------------
                                  1.29   slack (MET)


Startpoint: core_clock_gate_i.en_latch$_DLATCH_N_
            (negative level-sensitive latch clocked by core_clock)
Endpoint: _30688_ (rising clock gating-check end-point clocked by core_clock)
Path Group: gated clock
Path Type: max

Fanout     Cap    Slew   Delay    Time   Description
-----------------------------------------------------------------------------
                  0.00    1.10    1.10   clock core_clock (fall edge)
                          0.00    1.10   clock network delay (ideal)
                  0.00    0.00    1.10 v core_clock_gate_i.en_latch$_DLATCH_N_/GN (DLL_X1)
     1    1.00    0.01    0.07    1.17 v core_clock_gate_i.en_latch$_DLATCH_N_/Q (DLL_X1)
                                         core_clock_gate_i.en_latch (net)
                  0.01    0.00    1.17 v _30688_/A2 (AND2_X1)
                                  1.17   data arrival time

                  0.00    2.20    2.20   clock core_clock (rise edge)
                          0.00    2.20   clock network delay (ideal)
                          0.00    2.20   clock reconvergence pessimism
                                  2.20 ^ _30688_/A1 (AND2_X1)
                          0.00    2.20   clock gating setup time
                                  2.20   data required time
-----------------------------------------------------------------------------
                                  2.20   data required time
                                 -1.17   data arrival time
-----------------------------------------------------------------------------
                                  1.03   slack (MET)


Startpoint: if_stage_i.instr_rdata_alu_id_o[15]$_DFFE_PN_
            (rising edge-triggered flip-flop clocked by core_clock)
Endpoint: gen_regfile_ff.register_file_i.rf_reg_q[670]$_DFFE_PN0P_
          (rising edge-triggered flip-flop clocked by core_clock)
Path Group: core_clock
Path Type: max

Fanout     Cap    Slew   Delay    Time   Description
-----------------------------------------------------------------------------
                  0.00    0.00    0.00   clock core_clock (rise edge)
                          0.00    0.00   clock network delay (ideal)
                  0.00    0.00    0.00 ^ if_stage_i.instr_rdata_alu_id_o[15]$_DFFE_PN_/CK (DFF_X2)
    25  121.93    0.14    0.24    0.24 ^ if_stage_i.instr_rdata_alu_id_o[15]$_DFFE_PN_/Q (DFF_X2)
                                         gen_regfile_ff.register_file_i.raddr_a_i[0] (net)
                  0.14    0.00    0.24 ^ max_cap391/A (BUF_X32)
    33   95.85    0.01    0.03    0.28 ^ max_cap391/Z (BUF_X32)
                                         net391 (net)
                  0.01    0.00    0.28 ^ max_cap389/A (BUF_X16)
    43  142.86    0.02    0.03    0.31 ^ max_cap389/Z (BUF_X16)
                                         net389 (net)
                  0.02    0.00    0.32 ^ max_cap388/A (BUF_X32)
    43  118.87    0.01    0.02    0.34 ^ max_cap388/Z (BUF_X32)
                                         net388 (net)
                  0.02    0.02    0.35 ^ max_cap387/A (BUF_X16)
    39  124.24    0.02    0.03    0.39 ^ max_cap387/Z (BUF_X16)
                                         net387 (net)
                  0.02    0.00    0.39 ^ max_cap386/A (BUF_X32)
    48  119.05    0.01    0.03    0.42 ^ max_cap386/Z (BUF_X32)
                                         net386 (net)
                  0.01    0.01    0.43 ^ _17481_/S (MUX2_X1)
     1    1.27    0.01    0.06    0.48 v _17481_/Z (MUX2_X1)
                                         _11644_ (net)
                  0.01    0.00    0.48 v _17482_/B (MUX2_X1)
     1    1.00    0.01    0.06    0.54 v _17482_/Z (MUX2_X1)
                                         _11645_ (net)
                  0.01    0.00    0.54 v _17483_/B (MUX2_X1)
     1    3.90    0.01    0.06    0.60 v _17483_/Z (MUX2_X1)
                                         _11646_ (net)
                  0.01    0.00    0.60 v _17492_/B1 (AOI221_X2)
     2   12.26    0.07    0.11    0.71 ^ _17492_/ZN (AOI221_X2)
                                         _11655_ (net)
                  0.07    0.00    0.71 ^ _20944_/A2 (NOR2_X1)
     1    3.06    0.02    0.02    0.73 v _20944_/ZN (NOR2_X1)
                                         _03866_ (net)
                  0.02    0.00    0.73 v _20945_/A (AOI21_X2)
     2    4.68    0.02    0.05    0.78 ^ _20945_/ZN (AOI21_X2)
                                         _03867_ (net)
                  0.02    0.00    0.78 ^ _20946_/A1 (NOR2_X1)
     1    5.87    0.02    0.02    0.80 v _20946_/ZN (NOR2_X1)
                                         _03868_ (net)
                  0.02    0.00    0.80 v _20947_/A (AOI21_X4)
    14   33.29    0.05    0.07    0.87 ^ _20947_/ZN (AOI21_X4)
                                         _03869_ (net)
                  0.05    0.01    0.88 ^ _20959_/A (INV_X1)
     4    6.54    0.02    0.02    0.90 v _20959_/ZN (INV_X1)
                                         _03874_ (net)
                  0.02    0.00    0.90 v _20960_/A2 (NOR2_X1)
     1    3.85    0.03    0.04    0.94 ^ _20960_/ZN (NOR2_X1)
                                         _15236_ (net)
                  0.03    0.00    0.94 ^ _30931_/A (FA_X1)
     1    2.09    0.02    0.09    1.03 v _30931_/S (FA_X1)
                                         _15240_ (net)
                  0.02    0.00    1.03 v _21519_/A (INV_X1)
     1    3.30    0.01    0.02    1.05 ^ _21519_/ZN (INV_X1)
                                         _15241_ (net)
                  0.01    0.00    1.05 ^ _30932_/CI (FA_X1)
     1    3.62    0.02    0.09    1.15 v _30932_/S (FA_X1)
                                         _15243_ (net)
                  0.02    0.00    1.15 v _30933_/B (FA_X1)
     1    1.76    0.01    0.12    1.27 ^ _30933_/S (FA_X1)
                                         _15245_ (net)
                  0.01    0.00    1.27 ^ _22059_/A (INV_X1)
     1    3.52    0.01    0.01    1.28 v _22059_/ZN (INV_X1)
                                         _15247_ (net)
                  0.01    0.00    1.28 v _30934_/B (FA_X1)
     1    1.82    0.01    0.12    1.40 ^ _30934_/S (FA_X1)
                                         _15250_ (net)
                  0.01    0.00    1.40 ^ _21520_/A (INV_X1)
     1    4.25    0.01    0.01    1.41 v _21520_/ZN (INV_X1)
                                         _15264_ (net)
                  0.01    0.00    1.41 v _30938_/A (FA_X1)
     1    2.99    0.01    0.11    1.52 ^ _30938_/S (FA_X1)
                                         _15268_ (net)
                  0.01    0.00    1.52 ^ _30939_/CI (FA_X1)
     1    1.68    0.01    0.09    1.61 v _30939_/S (FA_X1)
                                         _15271_ (net)
                  0.01    0.00    1.61 v _22060_/A (INV_X1)
     1    3.51    0.01    0.02    1.63 ^ _22060_/ZN (INV_X1)
                                         _16504_ (net)
                  0.01    0.00    1.63 ^ _31304_/B (HA_X1)
     3   10.37    0.06    0.09    1.72 ^ _31304_/S (HA_X1)
                                         _16506_ (net)
                  0.06    0.00    1.72 ^ _23874_/A1 (OR2_X1)
     1    3.73    0.01    0.04    1.76 ^ _23874_/ZN (OR2_X1)
                                         _05998_ (net)
                  0.01    0.00    1.76 ^ _23875_/B1 (AOI21_X2)
     2    4.99    0.01    0.02    1.78 v _23875_/ZN (AOI21_X2)
                                         _05999_ (net)
                  0.01    0.00    1.78 v _23966_/B (AOI211_X2)
     2    5.48    0.04    0.07    1.85 ^ _23966_/ZN (AOI211_X2)
                                         _06088_ (net)
                  0.04    0.00    1.85 ^ _24092_/B2 (AOI221_X2)
     2    3.74    0.02    0.03    1.88 v _24092_/ZN (AOI221_X2)
                                         _06210_ (net)
                  0.02    0.00    1.88 v _24147_/A1 (NOR3_X1)
     2    3.90    0.04    0.06    1.94 ^ _24147_/ZN (NOR3_X1)
                                         _06262_ (net)
                  0.04    0.00    1.94 ^ _24262_/B2 (OAI21_X1)
     1    1.50    0.01    0.02    1.96 v _24262_/ZN (OAI21_X1)
                                         _06373_ (net)
                  0.01    0.00    1.96 v _24263_/A2 (AND2_X1)
     2    4.20    0.01    0.04    2.00 v _24263_/ZN (AND2_X1)
                                         _06374_ (net)
                  0.01    0.00    2.00 v _24324_/B1 (OAI21_X1)
     3    4.01    0.03    0.04    2.04 ^ _24324_/ZN (OAI21_X1)
                                         _06433_ (net)
                  0.03    0.00    2.04 ^ _24327_/A3 (NOR3_X1)
     1    0.94    0.02    0.01    2.05 v _24327_/ZN (NOR3_X1)
                                         _06436_ (net)
                  0.02    0.00    2.05 v _24331_/A2 (OR3_X1)
     2    6.14    0.02    0.09    2.14 v _24331_/ZN (OR3_X1)
                                         _06440_ (net)
                  0.02    0.00    2.14 v _24334_/B1 (AOI221_X2)
     1    7.69    0.06    0.09    2.23 ^ _24334_/ZN (AOI221_X2)
                                         _06443_ (net)
                  0.06    0.00    2.23 ^ _24353_/A1 (NOR4_X2)
     1    2.97    0.01    0.01    2.25 v _24353_/ZN (NOR4_X2)
                                         _06462_ (net)
                  0.01    0.00    2.25 v _24359_/A1 (OR2_X4)
    31   75.28    0.02    0.05    2.30 v _24359_/ZN (OR2_X4)
                                         _06468_ (net)
                  0.05    0.04    2.34 v _25812_/B2 (OAI21_X1)
     1    1.34    0.03    0.04    2.38 ^ _25812_/ZN (OAI21_X1)
                                         _01905_ (net)
                  0.03    0.00    2.38 ^ gen_regfile_ff.register_file_i.rf_reg_q[670]$_DFFE_PN0P_/D (DFFR_X1)
                                  2.38   data arrival time

                  0.00    2.20    2.20   clock core_clock (rise edge)
                          0.00    2.20   clock network delay (ideal)
                          0.00    2.20   clock reconvergence pessimism
                                  2.20 ^ gen_regfile_ff.register_file_i.rf_reg_q[670]$_DFFE_PN0P_/CK (DFFR_X1)
                         -0.04    2.16   library setup time
                                  2.16   data required time
-----------------------------------------------------------------------------
                                  2.16   data required time
                                 -2.38   data arrival time
-----------------------------------------------------------------------------
                                 -0.22   slack (VIOLATED)



==========================================================================
detailed place report_checks -unconstrained
--------------------------------------------------------------------------
Startpoint: rst_ni (input port clocked by core_clock)
Endpoint: gen_regfile_ff.register_file_i.rf_reg_q[624]$_DFFE_PN0P_
          (recovery check against rising-edge clock core_clock)
Path Group: asynchronous
Path Type: max

Fanout     Cap    Slew   Delay    Time   Description
-----------------------------------------------------------------------------
                  0.00    0.00    0.00   clock core_clock (rise edge)
                          0.00    0.00   clock network delay (ideal)
                          0.44    0.44 ^ input external delay
     1   26.95    0.00    0.00    0.44 ^ rst_ni (in)
                                         rst_ni (net)
                  0.00    0.00    0.44 ^ input148/A (BUF_X32)
    87  245.26    0.01    0.02    0.46 ^ input148/Z (BUF_X32)
                                         net148 (net)
                  0.02    0.01    0.47 ^ max_length403/A (BUF_X32)
   137  396.58    0.01    0.03    0.50 ^ max_length403/Z (BUF_X32)
                                         net403 (net)
                  0.07    0.05    0.55 ^ max_length401/A (BUF_X32)
   110  304.26    0.02    0.04    0.59 ^ max_length401/Z (BUF_X32)
                                         net401 (net)
                  0.04    0.03    0.62 ^ max_length399/A (BUF_X32)
   163  377.25    0.01    0.03    0.65 ^ max_length399/Z (BUF_X32)
                                         net399 (net)
                  0.10    0.08    0.73 ^ wire398/A (BUF_X32)
   177  403.43    0.02    0.04    0.76 ^ wire398/Z (BUF_X32)
                                         net398 (net)
                  0.05    0.04    0.80 ^ max_length397/A (BUF_X32)
   140  342.82    0.01    0.04    0.84 ^ max_length397/Z (BUF_X32)
                                         net397 (net)
                  0.02    0.01    0.85 ^ max_length395/A (BUF_X32)
   178  371.35    0.01    0.03    0.87 ^ max_length395/Z (BUF_X32)
                                         net395 (net)
                  0.09    0.07    0.94 ^ gen_regfile_ff.register_file_i.rf_reg_q[624]$_DFFE_PN0P_/RN (DFFR_X1)
                                  0.94   data arrival time

                  0.00    2.20    2.20   clock core_clock (rise edge)
                          0.00    2.20   clock network delay (ideal)
                          0.00    2.20   clock reconvergence pessimism
                                  2.20 ^ gen_regfile_ff.register_file_i.rf_reg_q[624]$_DFFE_PN0P_/CK (DFFR_X1)
                          0.04    2.24   library recovery time
                                  2.24   data required time
-----------------------------------------------------------------------------
                                  2.24   data required time
                                 -0.94   data arrival time
-----------------------------------------------------------------------------
                                  1.29   slack (MET)


Startpoint: core_clock_gate_i.en_latch$_DLATCH_N_
            (negative level-sensitive latch clocked by core_clock)
Endpoint: _30688_ (rising clock gating-check end-point clocked by core_clock)
Path Group: gated clock
Path Type: max

Fanout     Cap    Slew   Delay    Time   Description
-----------------------------------------------------------------------------
                  0.00    1.10    1.10   clock core_clock (fall edge)
                          0.00    1.10   clock network delay (ideal)
                  0.00    0.00    1.10 v core_clock_gate_i.en_latch$_DLATCH_N_/GN (DLL_X1)
     1    1.00    0.01    0.07    1.17 v core_clock_gate_i.en_latch$_DLATCH_N_/Q (DLL_X1)
                                         core_clock_gate_i.en_latch (net)
                  0.01    0.00    1.17 v _30688_/A2 (AND2_X1)
                                  1.17   data arrival time

                  0.00    2.20    2.20   clock core_clock (rise edge)
                          0.00    2.20   clock network delay (ideal)
                          0.00    2.20   clock reconvergence pessimism
                                  2.20 ^ _30688_/A1 (AND2_X1)
                          0.00    2.20   clock gating setup time
                                  2.20   data required time
-----------------------------------------------------------------------------
                                  2.20   data required time
                                 -1.17   data arrival time
-----------------------------------------------------------------------------
                                  1.03   slack (MET)


Startpoint: if_stage_i.instr_rdata_alu_id_o[15]$_DFFE_PN_
            (rising edge-triggered flip-flop clocked by core_clock)
Endpoint: gen_regfile_ff.register_file_i.rf_reg_q[670]$_DFFE_PN0P_
          (rising edge-triggered flip-flop clocked by core_clock)
Path Group: core_clock
Path Type: max

Fanout     Cap    Slew   Delay    Time   Description
-----------------------------------------------------------------------------
                  0.00    0.00    0.00   clock core_clock (rise edge)
                          0.00    0.00   clock network delay (ideal)
                  0.00    0.00    0.00 ^ if_stage_i.instr_rdata_alu_id_o[15]$_DFFE_PN_/CK (DFF_X2)
    25  121.93    0.14    0.24    0.24 ^ if_stage_i.instr_rdata_alu_id_o[15]$_DFFE_PN_/Q (DFF_X2)
                                         gen_regfile_ff.register_file_i.raddr_a_i[0] (net)
                  0.14    0.00    0.24 ^ max_cap391/A (BUF_X32)
    33   95.85    0.01    0.03    0.28 ^ max_cap391/Z (BUF_X32)
                                         net391 (net)
                  0.01    0.00    0.28 ^ max_cap389/A (BUF_X16)
    43  142.86    0.02    0.03    0.31 ^ max_cap389/Z (BUF_X16)
                                         net389 (net)
                  0.02    0.00    0.32 ^ max_cap388/A (BUF_X32)
    43  118.87    0.01    0.02    0.34 ^ max_cap388/Z (BUF_X32)
                                         net388 (net)
                  0.02    0.02    0.35 ^ max_cap387/A (BUF_X16)
    39  124.24    0.02    0.03    0.39 ^ max_cap387/Z (BUF_X16)
                                         net387 (net)
                  0.02    0.00    0.39 ^ max_cap386/A (BUF_X32)
    48  119.05    0.01    0.03    0.42 ^ max_cap386/Z (BUF_X32)
                                         net386 (net)
                  0.01    0.01    0.43 ^ _17481_/S (MUX2_X1)
     1    1.27    0.01    0.06    0.48 v _17481_/Z (MUX2_X1)
                                         _11644_ (net)
                  0.01    0.00    0.48 v _17482_/B (MUX2_X1)
     1    1.00    0.01    0.06    0.54 v _17482_/Z (MUX2_X1)
                                         _11645_ (net)
                  0.01    0.00    0.54 v _17483_/B (MUX2_X1)
     1    3.90    0.01    0.06    0.60 v _17483_/Z (MUX2_X1)
                                         _11646_ (net)
                  0.01    0.00    0.60 v _17492_/B1 (AOI221_X2)
     2   12.26    0.07    0.11    0.71 ^ _17492_/ZN (AOI221_X2)
                                         _11655_ (net)
                  0.07    0.00    0.71 ^ _20944_/A2 (NOR2_X1)
     1    3.06    0.02    0.02    0.73 v _20944_/ZN (NOR2_X1)
                                         _03866_ (net)
                  0.02    0.00    0.73 v _20945_/A (AOI21_X2)
     2    4.68    0.02    0.05    0.78 ^ _20945_/ZN (AOI21_X2)
                                         _03867_ (net)
                  0.02    0.00    0.78 ^ _20946_/A1 (NOR2_X1)
     1    5.87    0.02    0.02    0.80 v _20946_/ZN (NOR2_X1)
                                         _03868_ (net)
                  0.02    0.00    0.80 v _20947_/A (AOI21_X4)
    14   33.29    0.05    0.07    0.87 ^ _20947_/ZN (AOI21_X4)
                                         _03869_ (net)
                  0.05    0.01    0.88 ^ _20959_/A (INV_X1)
     4    6.54    0.02    0.02    0.90 v _20959_/ZN (INV_X1)
                                         _03874_ (net)
                  0.02    0.00    0.90 v _20960_/A2 (NOR2_X1)
     1    3.85    0.03    0.04    0.94 ^ _20960_/ZN (NOR2_X1)
                                         _15236_ (net)
                  0.03    0.00    0.94 ^ _30931_/A (FA_X1)
     1    2.09    0.02    0.09    1.03 v _30931_/S (FA_X1)
                                         _15240_ (net)
                  0.02    0.00    1.03 v _21519_/A (INV_X1)
     1    3.30    0.01    0.02    1.05 ^ _21519_/ZN (INV_X1)
                                         _15241_ (net)
                  0.01    0.00    1.05 ^ _30932_/CI (FA_X1)
     1    3.62    0.02    0.09    1.15 v _30932_/S (FA_X1)
                                         _15243_ (net)
                  0.02    0.00    1.15 v _30933_/B (FA_X1)
     1    1.76    0.01    0.12    1.27 ^ _30933_/S (FA_X1)
                                         _15245_ (net)
                  0.01    0.00    1.27 ^ _22059_/A (INV_X1)
     1    3.52    0.01    0.01    1.28 v _22059_/ZN (INV_X1)
                                         _15247_ (net)
                  0.01    0.00    1.28 v _30934_/B (FA_X1)
     1    1.82    0.01    0.12    1.40 ^ _30934_/S (FA_X1)
                                         _15250_ (net)
                  0.01    0.00    1.40 ^ _21520_/A (INV_X1)
     1    4.25    0.01    0.01    1.41 v _21520_/ZN (INV_X1)
                                         _15264_ (net)
                  0.01    0.00    1.41 v _30938_/A (FA_X1)
     1    2.99    0.01    0.11    1.52 ^ _30938_/S (FA_X1)
                                         _15268_ (net)
                  0.01    0.00    1.52 ^ _30939_/CI (FA_X1)
     1    1.68    0.01    0.09    1.61 v _30939_/S (FA_X1)
                                         _15271_ (net)
                  0.01    0.00    1.61 v _22060_/A (INV_X1)
     1    3.51    0.01    0.02    1.63 ^ _22060_/ZN (INV_X1)
                                         _16504_ (net)
                  0.01    0.00    1.63 ^ _31304_/B (HA_X1)
     3   10.37    0.06    0.09    1.72 ^ _31304_/S (HA_X1)
                                         _16506_ (net)
                  0.06    0.00    1.72 ^ _23874_/A1 (OR2_X1)
     1    3.73    0.01    0.04    1.76 ^ _23874_/ZN (OR2_X1)
                                         _05998_ (net)
                  0.01    0.00    1.76 ^ _23875_/B1 (AOI21_X2)
     2    4.99    0.01    0.02    1.78 v _23875_/ZN (AOI21_X2)
                                         _05999_ (net)
                  0.01    0.00    1.78 v _23966_/B (AOI211_X2)
     2    5.48    0.04    0.07    1.85 ^ _23966_/ZN (AOI211_X2)
                                         _06088_ (net)
                  0.04    0.00    1.85 ^ _24092_/B2 (AOI221_X2)
     2    3.74    0.02    0.03    1.88 v _24092_/ZN (AOI221_X2)
                                         _06210_ (net)
                  0.02    0.00    1.88 v _24147_/A1 (NOR3_X1)
     2    3.90    0.04    0.06    1.94 ^ _24147_/ZN (NOR3_X1)
                                         _06262_ (net)
                  0.04    0.00    1.94 ^ _24262_/B2 (OAI21_X1)
     1    1.50    0.01    0.02    1.96 v _24262_/ZN (OAI21_X1)
                                         _06373_ (net)
                  0.01    0.00    1.96 v _24263_/A2 (AND2_X1)
     2    4.20    0.01    0.04    2.00 v _24263_/ZN (AND2_X1)
                                         _06374_ (net)
                  0.01    0.00    2.00 v _24324_/B1 (OAI21_X1)
     3    4.01    0.03    0.04    2.04 ^ _24324_/ZN (OAI21_X1)
                                         _06433_ (net)
                  0.03    0.00    2.04 ^ _24327_/A3 (NOR3_X1)
     1    0.94    0.02    0.01    2.05 v _24327_/ZN (NOR3_X1)
                                         _06436_ (net)
                  0.02    0.00    2.05 v _24331_/A2 (OR3_X1)
     2    6.14    0.02    0.09    2.14 v _24331_/ZN (OR3_X1)
                                         _06440_ (net)
                  0.02    0.00    2.14 v _24334_/B1 (AOI221_X2)
     1    7.69    0.06    0.09    2.23 ^ _24334_/ZN (AOI221_X2)
                                         _06443_ (net)
                  0.06    0.00    2.23 ^ _24353_/A1 (NOR4_X2)
     1    2.97    0.01    0.01    2.25 v _24353_/ZN (NOR4_X2)
                                         _06462_ (net)
                  0.01    0.00    2.25 v _24359_/A1 (OR2_X4)
    31   75.28    0.02    0.05    2.30 v _24359_/ZN (OR2_X4)
                                         _06468_ (net)
                  0.05    0.04    2.34 v _25812_/B2 (OAI21_X1)
     1    1.34    0.03    0.04    2.38 ^ _25812_/ZN (OAI21_X1)
                                         _01905_ (net)
                  0.03    0.00    2.38 ^ gen_regfile_ff.register_file_i.rf_reg_q[670]$_DFFE_PN0P_/D (DFFR_X1)
                                  2.38   data arrival time

                  0.00    2.20    2.20   clock core_clock (rise edge)
                          0.00    2.20   clock network delay (ideal)
                          0.00    2.20   clock reconvergence pessimism
                                  2.20 ^ gen_regfile_ff.register_file_i.rf_reg_q[670]$_DFFE_PN0P_/CK (DFFR_X1)
                         -0.04    2.16   library setup time
                                  2.16   data required time
-----------------------------------------------------------------------------
                                  2.16   data required time
                                 -2.38   data arrival time
-----------------------------------------------------------------------------
                                 -0.22   slack (VIOLATED)



==========================================================================
detailed place report_check_types -max_slew -max_cap -max_fanout -violators
--------------------------------------------------------------------------
max capacitance

Pin                                    Limit     Cap   Slack
------------------------------------------------------------
_17377_/ZN                             63.32   67.30   -3.97 (VIOLATED)
_28193_/Z                             120.85  122.24   -1.39 (VIOLATED)
_20089_/ZN                             25.63   26.44   -0.80 (VIOLATED)
if_stage_i.instr_rdata_alu_id_o[15]$_DFFE_PN_/Q  121.15  121.93   -0.77 (VIOLATED)


==========================================================================
detailed place max_slew_check_slack
--------------------------------------------------------------------------
0.06284943222999573

==========================================================================
detailed place max_slew_check_limit
--------------------------------------------------------------------------
0.1985349953174591

==========================================================================
detailed place max_slew_check_slack_limit
--------------------------------------------------------------------------
0.3166

==========================================================================
detailed place max_fanout_check_slack
--------------------------------------------------------------------------
1.0000000150474662e+30

==========================================================================
detailed place max_fanout_check_limit
--------------------------------------------------------------------------
1.0000000150474662e+30

==========================================================================
detailed place max_capacitance_check_slack
--------------------------------------------------------------------------
-3.972726821899414

==========================================================================
detailed place max_capacitance_check_limit
--------------------------------------------------------------------------
63.32400131225586

==========================================================================
detailed place max_capacitance_check_slack_limit
--------------------------------------------------------------------------
-0.0627

==========================================================================
detailed place max_slew_violation_count
--------------------------------------------------------------------------
max slew violation count 0

==========================================================================
detailed place max_fanout_violation_count
--------------------------------------------------------------------------
max fanout violation count 0

==========================================================================
detailed place max_cap_violation_count
--------------------------------------------------------------------------
max cap violation count 4

==========================================================================
detailed place setup_violation_count
--------------------------------------------------------------------------
setup violation count 715

==========================================================================
detailed place hold_violation_count
--------------------------------------------------------------------------
hold violation count 0

==========================================================================
detailed place report_checks -path_delay max reg to reg
--------------------------------------------------------------------------
Startpoint: if_stage_i.instr_rdata_alu_id_o[15]$_DFFE_PN_
            (rising edge-triggered flip-flop clocked by core_clock)
Endpoint: gen_regfile_ff.register_file_i.rf_reg_q[670]$_DFFE_PN0P_
          (rising edge-triggered flip-flop clocked by core_clock)
Path Group: core_clock
Path Type: max

  Delay    Time   Description
---------------------------------------------------------
   0.00    0.00   clock core_clock (rise edge)
   0.00    0.00   clock network delay (ideal)
   0.00    0.00 ^ if_stage_i.instr_rdata_alu_id_o[15]$_DFFE_PN_/CK (DFF_X2)
   0.24    0.24 ^ if_stage_i.instr_rdata_alu_id_o[15]$_DFFE_PN_/Q (DFF_X2)
   0.03    0.28 ^ max_cap391/Z (BUF_X32)
   0.04    0.31 ^ max_cap389/Z (BUF_X16)
   0.03    0.34 ^ max_cap388/Z (BUF_X32)
   0.05    0.39 ^ max_cap387/Z (BUF_X16)
   0.03    0.42 ^ max_cap386/Z (BUF_X32)
   0.06    0.48 v _17481_/Z (MUX2_X1)
   0.06    0.54 v _17482_/Z (MUX2_X1)
   0.06    0.60 v _17483_/Z (MUX2_X1)
   0.11    0.71 ^ _17492_/ZN (AOI221_X2)
   0.02    0.73 v _20944_/ZN (NOR2_X1)
   0.05    0.78 ^ _20945_/ZN (AOI21_X2)
   0.02    0.80 v _20946_/ZN (NOR2_X1)
   0.07    0.87 ^ _20947_/ZN (AOI21_X4)
   0.03    0.90 v _20959_/ZN (INV_X1)
   0.04    0.94 ^ _20960_/ZN (NOR2_X1)
   0.09    1.03 v _30931_/S (FA_X1)
   0.02    1.05 ^ _21519_/ZN (INV_X1)
   0.09    1.15 v _30932_/S (FA_X1)
   0.12    1.27 ^ _30933_/S (FA_X1)
   0.01    1.28 v _22059_/ZN (INV_X1)
   0.12    1.40 ^ _30934_/S (FA_X1)
   0.01    1.41 v _21520_/ZN (INV_X1)
   0.11    1.52 ^ _30938_/S (FA_X1)
   0.09    1.61 v _30939_/S (FA_X1)
   0.02    1.63 ^ _22060_/ZN (INV_X1)
   0.09    1.72 ^ _31304_/S (HA_X1)
   0.04    1.76 ^ _23874_/ZN (OR2_X1)
   0.02    1.78 v _23875_/ZN (AOI21_X2)
   0.07    1.85 ^ _23966_/ZN (AOI211_X2)
   0.03    1.88 v _24092_/ZN (AOI221_X2)
   0.06    1.94 ^ _24147_/ZN (NOR3_X1)
   0.02    1.96 v _24262_/ZN (OAI21_X1)
   0.04    2.00 v _24263_/ZN (AND2_X1)
   0.04    2.04 ^ _24324_/ZN (OAI21_X1)
   0.01    2.05 v _24327_/ZN (NOR3_X1)
   0.09    2.14 v _24331_/ZN (OR3_X1)
   0.09    2.23 ^ _24334_/ZN (AOI221_X2)
   0.01    2.25 v _24353_/ZN (NOR4_X2)
   0.05    2.30 v _24359_/ZN (OR2_X4)
   0.08    2.38 ^ _25812_/ZN (OAI21_X1)
   0.00    2.38 ^ gen_regfile_ff.register_file_i.rf_reg_q[670]$_DFFE_PN0P_/D (DFFR_X1)
           2.38   data arrival time

   2.20    2.20   clock core_clock (rise edge)
   0.00    2.20   clock network delay (ideal)
   0.00    2.20   clock reconvergence pessimism
           2.20 ^ gen_regfile_ff.register_file_i.rf_reg_q[670]$_DFFE_PN0P_/CK (DFFR_X1)
  -0.04    2.16   library setup time
           2.16   data required time
---------------------------------------------------------
           2.16   data required time
          -2.38   data arrival time
---------------------------------------------------------
          -0.22   slack (VIOLATED)



==========================================================================
detailed place report_checks -path_delay min reg to reg
--------------------------------------------------------------------------
Startpoint: cs_registers_i.u_dcsr_csr.rdata_q[2]$_DFFE_PN0P_
            (rising edge-triggered flip-flop clocked by core_clock)
Endpoint: cs_registers_i.u_dcsr_csr.rdata_q[8]$_DFFE_PN0P_
          (rising edge-triggered flip-flop clocked by core_clock)
Path Group: core_clock
Path Type: min

  Delay    Time   Description
---------------------------------------------------------
   0.00    0.00   clock core_clock (rise edge)
   0.00    0.00   clock network delay (ideal)
   0.00    0.00 ^ cs_registers_i.u_dcsr_csr.rdata_q[2]$_DFFE_PN0P_/CK (DFFR_X1)
   0.08    0.08 ^ cs_registers_i.u_dcsr_csr.rdata_q[2]$_DFFE_PN0P_/QN (DFFR_X1)
   0.01    0.09 v _29244_/ZN (OAI22_X1)
   0.00    0.09 v cs_registers_i.u_dcsr_csr.rdata_q[8]$_DFFE_PN0P_/D (DFFR_X1)
           0.09   data arrival time

   0.00    0.00   clock core_clock (rise edge)
   0.00    0.00   clock network delay (ideal)
   0.00    0.00   clock reconvergence pessimism
           0.00 ^ cs_registers_i.u_dcsr_csr.rdata_q[8]$_DFFE_PN0P_/CK (DFFR_X1)
   0.00    0.00   library hold time
           0.00   data required time
---------------------------------------------------------
           0.00   data required time
          -0.09   data arrival time
---------------------------------------------------------
           0.09   slack (MET)



==========================================================================
detailed place critical path target clock latency max path
--------------------------------------------------------------------------
0.0000

==========================================================================
detailed place critical path target clock latency min path
--------------------------------------------------------------------------
0.0000

==========================================================================
detailed place critical path source clock latency min path
--------------------------------------------------------------------------
0.0000

==========================================================================
detailed place critical path delay
--------------------------------------------------------------------------
2.3791

==========================================================================
detailed place critical path slack
--------------------------------------------------------------------------
-0.2169

==========================================================================
detailed place slack div critical path delay
--------------------------------------------------------------------------
-9.116893

==========================================================================
detailed place report_power
--------------------------------------------------------------------------
Group                  Internal  Switching    Leakage      Total
                          Power      Power      Power      Power (Watts)
----------------------------------------------------------------
Sequential             1.15e-02   2.44e-03   1.69e-04   1.41e-02  12.7%
Combinational          4.61e-02   5.04e-02   5.68e-04   9.71e-02  87.0%
Clock                  1.64e-06   3.75e-04   2.97e-08   3.77e-04   0.3%
Macro                  0.00e+00   0.00e+00   0.00e+00   0.00e+00   0.0%
Pad                    0.00e+00   0.00e+00   0.00e+00   0.00e+00   0.0%
----------------------------------------------------------------
Total                  5.76e-02   5.33e-02   7.37e-04   1.12e-01 100.0%
                          51.6%      47.7%       0.7%
