
==========================================================================
resizer report_tns
--------------------------------------------------------------------------
tns -24.33

==========================================================================
resizer report_wns
--------------------------------------------------------------------------
wns -0.24

==========================================================================
resizer report_worst_slack
--------------------------------------------------------------------------
worst slack -0.24

==========================================================================
resizer report_checks -path_delay min
--------------------------------------------------------------------------
Startpoint: rst (input port clocked by clk)
Endpoint: qnr.dep[0]$_DFFE_PN0P_ (removal check against rising-edge clock clk)
Path Group: asynchronous
Path Type: min

Fanout     Cap    Slew   Delay    Time   Description
-----------------------------------------------------------------------------
                  0.00    0.00    0.00   clock clk (rise edge)
                          0.00    0.00   clock network delay (ideal)
                          0.28    0.28 ^ input external delay
     1   26.78    0.00    0.00    0.28 ^ rst (in)
                                         rst (net)
                  0.00    0.00    0.28 ^ input19/A (BUF_X32)
    65  210.41    0.01    0.02    0.30 ^ input19/Z (BUF_X32)
                                         net25 (net)
                  0.07    0.06    0.36 ^ qnr.dep[0]$_DFFE_PN0P_/RN (DFFR_X1)
                                  0.36   data arrival time

                  0.00    0.00    0.00   clock clk (rise edge)
                          0.00    0.00   clock network delay (ideal)
                          0.00    0.00   clock reconvergence pessimism
                                  0.00 ^ qnr.dep[0]$_DFFE_PN0P_/CK (DFFR_X1)
                          0.27    0.27   library removal time
                                  0.27   data required time
-----------------------------------------------------------------------------
                                  0.27   data required time
                                 -0.36   data arrival time
-----------------------------------------------------------------------------
                                  0.09   slack (MET)


Startpoint: dqnr_doe$_DFFE_PP_ (rising edge-triggered flip-flop clocked by clk)
Endpoint: rle.ddstrb$_DFF_P_ (rising edge-triggered flip-flop clocked by clk)
Path Group: clk
Path Type: min

Fanout     Cap    Slew   Delay    Time   Description
-----------------------------------------------------------------------------
                  0.00    0.00    0.00   clock clk (rise edge)
                          0.00    0.00   clock network delay (ideal)
                  0.00    0.00    0.00 ^ dqnr_doe$_DFFE_PP_/CK (DFF_X1)
     2    2.85    0.01    0.08    0.08 v dqnr_doe$_DFFE_PP_/Q (DFF_X1)
                                         dc_diff_doe (net)
                  0.01    0.00    0.08 v rle.ddstrb$_DFF_P_/D (DFF_X2)
                                  0.08   data arrival time

                  0.00    0.00    0.00   clock clk (rise edge)
                          0.00    0.00   clock network delay (ideal)
                          0.00    0.00   clock reconvergence pessimism
                                  0.00 ^ rle.ddstrb$_DFF_P_/CK (DFF_X2)
                          0.00    0.00   library hold time
                                  0.00   data required time
-----------------------------------------------------------------------------
                                  0.00   data required time
                                 -0.08   data arrival time
-----------------------------------------------------------------------------
                                  0.08   slack (MET)



==========================================================================
resizer report_checks -path_delay max
--------------------------------------------------------------------------
Startpoint: rst (input port clocked by clk)
Endpoint: qnr.dep[0]$_DFFE_PN0P_ (recovery check against rising-edge clock clk)
Path Group: asynchronous
Path Type: max

Fanout     Cap    Slew   Delay    Time   Description
-----------------------------------------------------------------------------
                  0.00    0.00    0.00   clock clk (rise edge)
                          0.00    0.00   clock network delay (ideal)
                          0.28    0.28 ^ input external delay
     1   26.78    0.00    0.00    0.28 ^ rst (in)
                                         rst (net)
                  0.00    0.00    0.28 ^ input19/A (BUF_X32)
    65  210.41    0.01    0.02    0.30 ^ input19/Z (BUF_X32)
                                         net25 (net)
                  0.07    0.06    0.36 ^ qnr.dep[0]$_DFFE_PN0P_/RN (DFFR_X1)
                                  0.36   data arrival time

                  0.00    1.40    1.40   clock clk (rise edge)
                          0.00    1.40   clock network delay (ideal)
                          0.00    1.40   clock reconvergence pessimism
                                  1.40 ^ qnr.dep[0]$_DFFE_PN0P_/CK (DFFR_X1)
                          0.04    1.44   library recovery time
                                  1.44   data required time
-----------------------------------------------------------------------------
                                  1.44   data required time
                                 -0.36   data arrival time
-----------------------------------------------------------------------------
                                  1.09   slack (MET)


Startpoint: fdct_zigzag.dct_mod.ddin[5]$_DFFE_PN0P_
            (rising edge-triggered flip-flop clocked by clk)
Endpoint: fdct_zigzag.dct_mod.dct_block_4.dct_unit_1.macu.mult_res[18]$_DFFE_PP_
          (rising edge-triggered flip-flop clocked by clk)
Path Group: clk
Path Type: max

Fanout     Cap    Slew   Delay    Time   Description
-----------------------------------------------------------------------------
                  0.00    0.00    0.00   clock clk (rise edge)
                          0.00    0.00   clock network delay (ideal)
                  0.00    0.00    0.00 ^ fdct_zigzag.dct_mod.ddin[5]$_DFFE_PN0P_/CK (DFFR_X2)
    13   66.19    0.07    0.19    0.19 ^ fdct_zigzag.dct_mod.ddin[5]$_DFFE_PN0P_/Q (DFFR_X2)
                                         fdct_zigzag.dct_mod.dct_block_0.dct_unit_0.ddin[6] (net)
                  0.07    0.00    0.19 ^ max_cap114/A (BUF_X16)
    27   88.81    0.01    0.03    0.22 ^ max_cap114/Z (BUF_X16)
                                         net120 (net)
                  0.02    0.01    0.24 ^ max_cap113/A (BUF_X16)
    24  121.25    0.01    0.03    0.26 ^ max_cap113/Z (BUF_X16)
                                         net119 (net)
                  0.04    0.03    0.30 ^ max_length111/A (BUF_X32)
    38  107.17    0.01    0.03    0.32 ^ max_length111/Z (BUF_X32)
                                         net117 (net)
                  0.04    0.03    0.35 ^ max_cap110/A (BUF_X16)
    27   94.98    0.01    0.03    0.39 ^ max_cap110/Z (BUF_X16)
                                         net116 (net)
                  0.01    0.01    0.39 ^ max_cap109/A (BUF_X16)
    38  120.54    0.01    0.02    0.42 ^ max_cap109/Z (BUF_X16)
                                         net115 (net)
                  0.07    0.06    0.47 ^ _080926_/A1 (NAND2_X1)
     2    7.60    0.03    0.04    0.52 v _080926_/ZN (NAND2_X1)
                                         _050396_ (net)
                  0.03    0.00    0.52 v _080927_/A (INV_X2)
     3   12.55    0.02    0.03    0.55 ^ _080927_/ZN (INV_X2)
                                         _050401_ (net)
                  0.02    0.00    0.55 ^ _131987_/B (FA_X1)
     4   12.78    0.03    0.11    0.66 v _131987_/S (FA_X1)
                                         _051311_ (net)
                  0.03    0.00    0.66 v _081076_/A (INV_X1)
     1    2.82    0.01    0.02    0.69 ^ _081076_/ZN (INV_X1)
                                         _051313_ (net)
                  0.01    0.00    0.69 ^ _131988_/CI (FA_X1)
     1    4.58    0.02    0.10    0.78 v _131988_/S (FA_X1)
                                         _051315_ (net)
                  0.02    0.00    0.78 v _131989_/B (FA_X1)
     1    1.79    0.01    0.12    0.91 ^ _131989_/S (FA_X1)
                                         _051318_ (net)
                  0.01    0.00    0.91 ^ _090127_/A (INV_X1)
     1    3.48    0.01    0.01    0.92 v _090127_/ZN (INV_X1)
                                         _051320_ (net)
                  0.01    0.00    0.92 v _131990_/B (FA_X1)
     1    1.87    0.01    0.12    1.03 ^ _131990_/S (FA_X1)
                                         _051323_ (net)
                  0.01    0.00    1.03 ^ _085783_/A (INV_X1)
     1    3.77    0.01    0.01    1.05 v _085783_/ZN (INV_X1)
                                         _051331_ (net)
                  0.01    0.00    1.05 v _131994_/A (FA_X1)
     1    4.03    0.02    0.12    1.16 ^ _131994_/S (FA_X1)
                                         _051334_ (net)
                  0.02    0.00    1.16 ^ _131995_/A (FA_X1)
     1    1.71    0.01    0.09    1.25 v _131995_/S (FA_X1)
                                         _051336_ (net)
                  0.01    0.00    1.25 v _088382_/A (INV_X1)
     1    3.38    0.01    0.02    1.27 ^ _088382_/ZN (INV_X1)
                                         _073118_ (net)
                  0.01    0.00    1.27 ^ _139047_/A (HA_X1)
     5    9.55    0.06    0.09    1.36 ^ _139047_/S (HA_X1)
                                         _073121_ (net)
                  0.06    0.00    1.36 ^ _109430_/A4 (AND4_X1)
     2    3.50    0.02    0.07    1.43 ^ _109430_/ZN (AND4_X1)
                                         _021598_ (net)
                  0.02    0.00    1.43 ^ _109431_/A3 (NAND3_X1)
     1    1.79    0.01    0.02    1.45 v _109431_/ZN (NAND3_X1)
                                         _021599_ (net)
                  0.01    0.00    1.45 v _109439_/A1 (NAND3_X1)
     2    3.80    0.02    0.02    1.47 ^ _109439_/ZN (NAND3_X1)
                                         _021607_ (net)
                  0.02    0.00    1.47 ^ _109440_/A1 (NAND2_X1)
     1    1.67    0.01    0.01    1.49 v _109440_/ZN (NAND2_X1)
                                         _021608_ (net)
                  0.01    0.00    1.49 v _109441_/A (INV_X1)
     2    3.68    0.01    0.02    1.50 ^ _109441_/ZN (INV_X1)
                                         _021609_ (net)
                  0.01    0.00    1.50 ^ _109475_/B1 (OAI21_X1)
     1    1.82    0.01    0.01    1.52 v _109475_/ZN (OAI21_X1)
                                         _021641_ (net)
                  0.01    0.00    1.52 v _109477_/A1 (NAND2_X1)
     1    2.68    0.01    0.02    1.54 ^ _109477_/ZN (NAND2_X1)
                                         _021643_ (net)
                  0.01    0.00    1.54 ^ _109478_/B (XNOR2_X1)
     1    1.80    0.02    0.04    1.58 ^ _109478_/ZN (XNOR2_X1)
                                         _021644_ (net)
                  0.02    0.00    1.58 ^ _109479_/B1 (AOI21_X1)
     1    1.08    0.02    0.01    1.59 v _109479_/ZN (AOI21_X1)
                                         _001655_ (net)
                  0.02    0.00    1.59 v fdct_zigzag.dct_mod.dct_block_4.dct_unit_1.macu.mult_res[18]$_DFFE_PP_/D (DFF_X2)
                                  1.59   data arrival time

                  0.00    1.40    1.40   clock clk (rise edge)
                          0.00    1.40   clock network delay (ideal)
                          0.00    1.40   clock reconvergence pessimism
                                  1.40 ^ fdct_zigzag.dct_mod.dct_block_4.dct_unit_1.macu.mult_res[18]$_DFFE_PP_/CK (DFF_X2)
                         -0.05    1.35   library setup time
                                  1.35   data required time
-----------------------------------------------------------------------------
                                  1.35   data required time
                                 -1.59   data arrival time
-----------------------------------------------------------------------------
                                 -0.24   slack (VIOLATED)



==========================================================================
resizer report_checks -unconstrained
--------------------------------------------------------------------------
Startpoint: rst (input port clocked by clk)
Endpoint: qnr.dep[0]$_DFFE_PN0P_ (recovery check against rising-edge clock clk)
Path Group: asynchronous
Path Type: max

Fanout     Cap    Slew   Delay    Time   Description
-----------------------------------------------------------------------------
                  0.00    0.00    0.00   clock clk (rise edge)
                          0.00    0.00   clock network delay (ideal)
                          0.28    0.28 ^ input external delay
     1   26.78    0.00    0.00    0.28 ^ rst (in)
                                         rst (net)
                  0.00    0.00    0.28 ^ input19/A (BUF_X32)
    65  210.41    0.01    0.02    0.30 ^ input19/Z (BUF_X32)
                                         net25 (net)
                  0.07    0.06    0.36 ^ qnr.dep[0]$_DFFE_PN0P_/RN (DFFR_X1)
                                  0.36   data arrival time

                  0.00    1.40    1.40   clock clk (rise edge)
                          0.00    1.40   clock network delay (ideal)
                          0.00    1.40   clock reconvergence pessimism
                                  1.40 ^ qnr.dep[0]$_DFFE_PN0P_/CK (DFFR_X1)
                          0.04    1.44   library recovery time
                                  1.44   data required time
-----------------------------------------------------------------------------
                                  1.44   data required time
                                 -0.36   data arrival time
-----------------------------------------------------------------------------
                                  1.09   slack (MET)


Startpoint: fdct_zigzag.dct_mod.ddin[5]$_DFFE_PN0P_
            (rising edge-triggered flip-flop clocked by clk)
Endpoint: fdct_zigzag.dct_mod.dct_block_4.dct_unit_1.macu.mult_res[18]$_DFFE_PP_
          (rising edge-triggered flip-flop clocked by clk)
Path Group: clk
Path Type: max

Fanout     Cap    Slew   Delay    Time   Description
-----------------------------------------------------------------------------
                  0.00    0.00    0.00   clock clk (rise edge)
                          0.00    0.00   clock network delay (ideal)
                  0.00    0.00    0.00 ^ fdct_zigzag.dct_mod.ddin[5]$_DFFE_PN0P_/CK (DFFR_X2)
    13   66.19    0.07    0.19    0.19 ^ fdct_zigzag.dct_mod.ddin[5]$_DFFE_PN0P_/Q (DFFR_X2)
                                         fdct_zigzag.dct_mod.dct_block_0.dct_unit_0.ddin[6] (net)
                  0.07    0.00    0.19 ^ max_cap114/A (BUF_X16)
    27   88.81    0.01    0.03    0.22 ^ max_cap114/Z (BUF_X16)
                                         net120 (net)
                  0.02    0.01    0.24 ^ max_cap113/A (BUF_X16)
    24  121.25    0.01    0.03    0.26 ^ max_cap113/Z (BUF_X16)
                                         net119 (net)
                  0.04    0.03    0.30 ^ max_length111/A (BUF_X32)
    38  107.17    0.01    0.03    0.32 ^ max_length111/Z (BUF_X32)
                                         net117 (net)
                  0.04    0.03    0.35 ^ max_cap110/A (BUF_X16)
    27   94.98    0.01    0.03    0.39 ^ max_cap110/Z (BUF_X16)
                                         net116 (net)
                  0.01    0.01    0.39 ^ max_cap109/A (BUF_X16)
    38  120.54    0.01    0.02    0.42 ^ max_cap109/Z (BUF_X16)
                                         net115 (net)
                  0.07    0.06    0.47 ^ _080926_/A1 (NAND2_X1)
     2    7.60    0.03    0.04    0.52 v _080926_/ZN (NAND2_X1)
                                         _050396_ (net)
                  0.03    0.00    0.52 v _080927_/A (INV_X2)
     3   12.55    0.02    0.03    0.55 ^ _080927_/ZN (INV_X2)
                                         _050401_ (net)
                  0.02    0.00    0.55 ^ _131987_/B (FA_X1)
     4   12.78    0.03    0.11    0.66 v _131987_/S (FA_X1)
                                         _051311_ (net)
                  0.03    0.00    0.66 v _081076_/A (INV_X1)
     1    2.82    0.01    0.02    0.69 ^ _081076_/ZN (INV_X1)
                                         _051313_ (net)
                  0.01    0.00    0.69 ^ _131988_/CI (FA_X1)
     1    4.58    0.02    0.10    0.78 v _131988_/S (FA_X1)
                                         _051315_ (net)
                  0.02    0.00    0.78 v _131989_/B (FA_X1)
     1    1.79    0.01    0.12    0.91 ^ _131989_/S (FA_X1)
                                         _051318_ (net)
                  0.01    0.00    0.91 ^ _090127_/A (INV_X1)
     1    3.48    0.01    0.01    0.92 v _090127_/ZN (INV_X1)
                                         _051320_ (net)
                  0.01    0.00    0.92 v _131990_/B (FA_X1)
     1    1.87    0.01    0.12    1.03 ^ _131990_/S (FA_X1)
                                         _051323_ (net)
                  0.01    0.00    1.03 ^ _085783_/A (INV_X1)
     1    3.77    0.01    0.01    1.05 v _085783_/ZN (INV_X1)
                                         _051331_ (net)
                  0.01    0.00    1.05 v _131994_/A (FA_X1)
     1    4.03    0.02    0.12    1.16 ^ _131994_/S (FA_X1)
                                         _051334_ (net)
                  0.02    0.00    1.16 ^ _131995_/A (FA_X1)
     1    1.71    0.01    0.09    1.25 v _131995_/S (FA_X1)
                                         _051336_ (net)
                  0.01    0.00    1.25 v _088382_/A (INV_X1)
     1    3.38    0.01    0.02    1.27 ^ _088382_/ZN (INV_X1)
                                         _073118_ (net)
                  0.01    0.00    1.27 ^ _139047_/A (HA_X1)
     5    9.55    0.06    0.09    1.36 ^ _139047_/S (HA_X1)
                                         _073121_ (net)
                  0.06    0.00    1.36 ^ _109430_/A4 (AND4_X1)
     2    3.50    0.02    0.07    1.43 ^ _109430_/ZN (AND4_X1)
                                         _021598_ (net)
                  0.02    0.00    1.43 ^ _109431_/A3 (NAND3_X1)
     1    1.79    0.01    0.02    1.45 v _109431_/ZN (NAND3_X1)
                                         _021599_ (net)
                  0.01    0.00    1.45 v _109439_/A1 (NAND3_X1)
     2    3.80    0.02    0.02    1.47 ^ _109439_/ZN (NAND3_X1)
                                         _021607_ (net)
                  0.02    0.00    1.47 ^ _109440_/A1 (NAND2_X1)
     1    1.67    0.01    0.01    1.49 v _109440_/ZN (NAND2_X1)
                                         _021608_ (net)
                  0.01    0.00    1.49 v _109441_/A (INV_X1)
     2    3.68    0.01    0.02    1.50 ^ _109441_/ZN (INV_X1)
                                         _021609_ (net)
                  0.01    0.00    1.50 ^ _109475_/B1 (OAI21_X1)
     1    1.82    0.01    0.01    1.52 v _109475_/ZN (OAI21_X1)
                                         _021641_ (net)
                  0.01    0.00    1.52 v _109477_/A1 (NAND2_X1)
     1    2.68    0.01    0.02    1.54 ^ _109477_/ZN (NAND2_X1)
                                         _021643_ (net)
                  0.01    0.00    1.54 ^ _109478_/B (XNOR2_X1)
     1    1.80    0.02    0.04    1.58 ^ _109478_/ZN (XNOR2_X1)
                                         _021644_ (net)
                  0.02    0.00    1.58 ^ _109479_/B1 (AOI21_X1)
     1    1.08    0.02    0.01    1.59 v _109479_/ZN (AOI21_X1)
                                         _001655_ (net)
                  0.02    0.00    1.59 v fdct_zigzag.dct_mod.dct_block_4.dct_unit_1.macu.mult_res[18]$_DFFE_PP_/D (DFF_X2)
                                  1.59   data arrival time

                  0.00    1.40    1.40   clock clk (rise edge)
                          0.00    1.40   clock network delay (ideal)
                          0.00    1.40   clock reconvergence pessimism
                                  1.40 ^ fdct_zigzag.dct_mod.dct_block_4.dct_unit_1.macu.mult_res[18]$_DFFE_PP_/CK (DFF_X2)
                         -0.05    1.35   library setup time
                                  1.35   data required time
-----------------------------------------------------------------------------
                                  1.35   data required time
                                 -1.59   data arrival time
-----------------------------------------------------------------------------
                                 -0.24   slack (VIOLATED)



==========================================================================
resizer report_check_types -max_slew -max_cap -max_fanout -violators
--------------------------------------------------------------------------
max capacitance

Pin                                    Limit     Cap   Slack
------------------------------------------------------------
fdct_zigzag.dct_mod.ddin[0]$_DFFE_PN0P_/Q  120.85  129.09   -8.24 (VIOLATED)


==========================================================================
resizer max_slew_check_slack
--------------------------------------------------------------------------
0.060872890055179596

==========================================================================
resizer max_slew_check_limit
--------------------------------------------------------------------------
0.1985349953174591

==========================================================================
resizer max_slew_check_slack_limit
--------------------------------------------------------------------------
0.3066

==========================================================================
resizer max_fanout_check_slack
--------------------------------------------------------------------------
1.0000000150474662e+30

==========================================================================
resizer max_fanout_check_limit
--------------------------------------------------------------------------
1.0000000150474662e+30

==========================================================================
resizer max_capacitance_check_slack
--------------------------------------------------------------------------
-8.239232063293457

==========================================================================
resizer max_capacitance_check_limit
--------------------------------------------------------------------------
120.8499984741211

==========================================================================
resizer max_capacitance_check_slack_limit
--------------------------------------------------------------------------
-0.0682

==========================================================================
resizer max_slew_violation_count
--------------------------------------------------------------------------
max slew violation count 0

==========================================================================
resizer max_fanout_violation_count
--------------------------------------------------------------------------
max fanout violation count 0

==========================================================================
resizer max_cap_violation_count
--------------------------------------------------------------------------
max cap violation count 1

==========================================================================
resizer setup_violation_count
--------------------------------------------------------------------------
setup violation count 322

==========================================================================
resizer hold_violation_count
--------------------------------------------------------------------------
hold violation count 0

==========================================================================
resizer report_checks -path_delay max reg to reg
--------------------------------------------------------------------------
Startpoint: fdct_zigzag.dct_mod.ddin[5]$_DFFE_PN0P_
            (rising edge-triggered flip-flop clocked by clk)
Endpoint: fdct_zigzag.dct_mod.dct_block_4.dct_unit_1.macu.mult_res[18]$_DFFE_PP_
          (rising edge-triggered flip-flop clocked by clk)
Path Group: clk
Path Type: max

  Delay    Time   Description
---------------------------------------------------------
   0.00    0.00   clock clk (rise edge)
   0.00    0.00   clock network delay (ideal)
   0.00    0.00 ^ fdct_zigzag.dct_mod.ddin[5]$_DFFE_PN0P_/CK (DFFR_X2)
   0.19    0.19 ^ fdct_zigzag.dct_mod.ddin[5]$_DFFE_PN0P_/Q (DFFR_X2)
   0.03    0.22 ^ max_cap114/Z (BUF_X16)
   0.04    0.26 ^ max_cap113/Z (BUF_X16)
   0.06    0.32 ^ max_length111/Z (BUF_X32)
   0.06    0.39 ^ max_cap110/Z (BUF_X16)
   0.03    0.42 ^ max_cap109/Z (BUF_X16)
   0.10    0.52 v _080926_/ZN (NAND2_X1)
   0.03    0.55 ^ _080927_/ZN (INV_X2)
   0.12    0.66 v _131987_/S (FA_X1)
   0.02    0.69 ^ _081076_/ZN (INV_X1)
   0.10    0.78 v _131988_/S (FA_X1)
   0.12    0.91 ^ _131989_/S (FA_X1)
   0.01    0.92 v _090127_/ZN (INV_X1)
   0.12    1.03 ^ _131990_/S (FA_X1)
   0.01    1.05 v _085783_/ZN (INV_X1)
   0.12    1.16 ^ _131994_/S (FA_X1)
   0.09    1.25 v _131995_/S (FA_X1)
   0.02    1.27 ^ _088382_/ZN (INV_X1)
   0.09    1.36 ^ _139047_/S (HA_X1)
   0.07    1.43 ^ _109430_/ZN (AND4_X1)
   0.02    1.45 v _109431_/ZN (NAND3_X1)
   0.02    1.47 ^ _109439_/ZN (NAND3_X1)
   0.01    1.49 v _109440_/ZN (NAND2_X1)
   0.02    1.50 ^ _109441_/ZN (INV_X1)
   0.01    1.52 v _109475_/ZN (OAI21_X1)
   0.02    1.54 ^ _109477_/ZN (NAND2_X1)
   0.04    1.58 ^ _109478_/ZN (XNOR2_X1)
   0.01    1.59 v _109479_/ZN (AOI21_X1)
   0.00    1.59 v fdct_zigzag.dct_mod.dct_block_4.dct_unit_1.macu.mult_res[18]$_DFFE_PP_/D (DFF_X2)
           1.59   data arrival time

   1.40    1.40   clock clk (rise edge)
   0.00    1.40   clock network delay (ideal)
   0.00    1.40   clock reconvergence pessimism
           1.40 ^ fdct_zigzag.dct_mod.dct_block_4.dct_unit_1.macu.mult_res[18]$_DFFE_PP_/CK (DFF_X2)
  -0.05    1.35   library setup time
           1.35   data required time
---------------------------------------------------------
           1.35   data required time
          -1.59   data arrival time
---------------------------------------------------------
          -0.24   slack (VIOLATED)



==========================================================================
resizer report_checks -path_delay min reg to reg
--------------------------------------------------------------------------
Startpoint: dqnr_doe$_DFFE_PP_ (rising edge-triggered flip-flop clocked by clk)
Endpoint: rle.ddstrb$_DFF_P_ (rising edge-triggered flip-flop clocked by clk)
Path Group: clk
Path Type: min

  Delay    Time   Description
---------------------------------------------------------
   0.00    0.00   clock clk (rise edge)
   0.00    0.00   clock network delay (ideal)
   0.00    0.00 ^ dqnr_doe$_DFFE_PP_/CK (DFF_X1)
   0.08    0.08 v dqnr_doe$_DFFE_PP_/Q (DFF_X1)
   0.00    0.08 v rle.ddstrb$_DFF_P_/D (DFF_X2)
           0.08   data arrival time

   0.00    0.00   clock clk (rise edge)
   0.00    0.00   clock network delay (ideal)
   0.00    0.00   clock reconvergence pessimism
           0.00 ^ rle.ddstrb$_DFF_P_/CK (DFF_X2)
   0.00    0.00   library hold time
           0.00   data required time
---------------------------------------------------------
           0.00   data required time
          -0.08   data arrival time
---------------------------------------------------------
           0.08   slack (MET)



==========================================================================
resizer critical path target clock latency max path
--------------------------------------------------------------------------
0.0000

==========================================================================
resizer critical path target clock latency min path
--------------------------------------------------------------------------
0.0000

==========================================================================
resizer critical path source clock latency min path
--------------------------------------------------------------------------
0.0000

==========================================================================
resizer critical path delay
--------------------------------------------------------------------------
1.5916

==========================================================================
resizer critical path slack
--------------------------------------------------------------------------
-0.2385

==========================================================================
resizer slack div critical path delay
--------------------------------------------------------------------------
-14.984921

==========================================================================
resizer report_power
--------------------------------------------------------------------------
Group                  Internal  Switching    Leakage      Total
                          Power      Power      Power      Power (Watts)
----------------------------------------------------------------
Sequential             4.35e-02   1.22e-02   3.92e-04   5.60e-02  11.1%
Combinational          2.38e-01   2.11e-01   1.99e-03   4.50e-01  88.9%
Clock                  0.00e+00   0.00e+00   0.00e+00   0.00e+00   0.0%
Macro                  0.00e+00   0.00e+00   0.00e+00   0.00e+00   0.0%
Pad                    0.00e+00   0.00e+00   0.00e+00   0.00e+00   0.0%
----------------------------------------------------------------
Total                  2.81e-01   2.23e-01   2.38e-03   5.06e-01 100.0%
                          55.5%      44.0%       0.5%
